Jul 18 08:34:38 funbox10 kernel: [    0.000000] Initializing cgroup subsys cpuset
Jul 18 08:34:38 funbox10 kernel: [    0.000000] Initializing cgroup subsys cpu
Jul 18 08:34:38 funbox10 kernel: [    0.000000] Initializing cgroup subsys cpuacct
Jul 18 08:34:38 funbox10 kernel: [    0.000000] Linux version 4.4.0-210-generic (buildd@lgw01-amd64-009) (gcc version 5.4.0 20160609 (Ubuntu 5.4.0-6ubuntu1~16.04.12) ) #242-Ubuntu SMP Fri Apr 16 09:57:56 UTC 2021 (Ubuntu 4.4.0-210.242-generic 4.4.262)
Jul 18 08:34:38 funbox10 kernel: [    0.000000] Command line: BOOT_IMAGE=/vmlinuz-4.4.0-210-generic root=/dev/mapper/funbox10--vg-root ro
Jul 18 08:34:38 funbox10 kernel: [    0.000000] KERNEL supported cpus:
Jul 18 08:34:38 funbox10 kernel: [    0.000000]   Intel GenuineIntel
Jul 18 08:34:38 funbox10 kernel: [    0.000000]   AMD AuthenticAMD
Jul 18 08:34:38 funbox10 kernel: [    0.000000]   Centaur CentaurHauls
Jul 18 08:34:38 funbox10 kernel: [    0.000000] x86/fpu: xstate_offset[2]:  576, xstate_sizes[2]:  256
Jul 18 08:34:38 funbox10 kernel: [    0.000000] x86/fpu: Supporting XSAVE feature 0x01: 'x87 floating point registers'
Jul 18 08:34:38 funbox10 kernel: [    0.000000] x86/fpu: Supporting XSAVE feature 0x02: 'SSE registers'
Jul 18 08:34:38 funbox10 kernel: [    0.000000] x86/fpu: Supporting XSAVE feature 0x04: 'AVX registers'
Jul 18 08:34:38 funbox10 kernel: [    0.000000] x86/fpu: Enabled xstate features 0x7, context size is 832 bytes, using 'standard' format.
Jul 18 08:34:38 funbox10 kernel: [    0.000000] e820: BIOS-provided physical RAM map:
Jul 18 08:34:38 funbox10 kernel: [    0.000000] BIOS-e820: [mem 0x0000000000000000-0x000000000009fbff] usable
Jul 18 08:34:38 funbox10 kernel: [    0.000000] BIOS-e820: [mem 0x000000000009fc00-0x000000000009ffff] reserved
Jul 18 08:34:38 funbox10 kernel: [    0.000000] BIOS-e820: [mem 0x00000000000f0000-0x00000000000fffff] reserved
Jul 18 08:34:38 funbox10 kernel: [    0.000000] BIOS-e820: [mem 0x0000000000100000-0x000000007ffeffff] usable
Jul 18 08:34:38 funbox10 kernel: [    0.000000] BIOS-e820: [mem 0x000000007fff0000-0x000000007fffffff] ACPI data
Jul 18 08:34:38 funbox10 kernel: [    0.000000] BIOS-e820: [mem 0x00000000fec00000-0x00000000fec00fff] reserved
Jul 18 08:34:38 funbox10 kernel: [    0.000000] BIOS-e820: [mem 0x00000000fee00000-0x00000000fee00fff] reserved
Jul 18 08:34:38 funbox10 kernel: [    0.000000] BIOS-e820: [mem 0x00000000fffc0000-0x00000000ffffffff] reserved
Jul 18 08:34:38 funbox10 kernel: [    0.000000] NX (Execute Disable) protection: active
Jul 18 08:34:38 funbox10 kernel: [    0.000000] SMBIOS 2.5 present.
Jul 18 08:34:38 funbox10 kernel: [    0.000000] DMI: innotek GmbH VirtualBox/VirtualBox, BIOS VirtualBox 12/01/2006
Jul 18 08:34:38 funbox10 kernel: [    0.000000] Hypervisor detected: KVM
Jul 18 08:34:38 funbox10 kernel: [    0.000000] e820: update [mem 0x00000000-0x00000fff] usable ==> reserved
Jul 18 08:34:38 funbox10 kernel: [    0.000000] e820: remove [mem 0x000a0000-0x000fffff] usable
Jul 18 08:34:38 funbox10 kernel: [    0.000000] e820: last_pfn = 0x7fff0 max_arch_pfn = 0x400000000
Jul 18 08:34:38 funbox10 kernel: [    0.000000] MTRR default type: uncachable
Jul 18 08:34:38 funbox10 kernel: [    0.000000] MTRR variable ranges disabled:
Jul 18 08:34:38 funbox10 kernel: [    0.000000] MTRR: Disabled
Jul 18 08:34:38 funbox10 kernel: [    0.000000] x86/PAT: MTRRs disabled, skipping PAT initialization too.
Jul 18 08:34:38 funbox10 kernel: [    0.000000] CPU MTRRs all blank - virtualized system.
Jul 18 08:34:38 funbox10 kernel: [    0.000000] x86/PAT: Configuration [0-7]: WB  WT  UC- UC  WB  WT  UC- UC  
Jul 18 08:34:38 funbox10 kernel: [    0.000000] found SMP MP-table at [mem 0x0009fff0-0x0009ffff] mapped at [ffff88000009fff0]
Jul 18 08:34:38 funbox10 kernel: [    0.000000] Scanning 1 areas for low memory corruption
Jul 18 08:34:38 funbox10 kernel: [    0.000000] Base memory trampoline at [ffff880000098000] 98000 size 28672
Jul 18 08:34:38 funbox10 kernel: [    0.000000] RAMDISK: [mem 0x33036000-0x35812fff]
Jul 18 08:34:38 funbox10 kernel: [    0.000000] ACPI: Early table checksum verification disabled
Jul 18 08:34:38 funbox10 kernel: [    0.000000] ACPI: RSDP 0x00000000000E0000 000024 (v02 VBOX  )
Jul 18 08:34:38 funbox10 kernel: [    0.000000] ACPI: XSDT 0x000000007FFF0030 00003C (v01 VBOX   VBOXXSDT 00000001 ASL  00000061)
Jul 18 08:34:38 funbox10 kernel: [    0.000000] ACPI: FACP 0x000000007FFF00F0 0000F4 (v04 VBOX   VBOXFACP 00000001 ASL  00000061)
Jul 18 08:34:38 funbox10 kernel: [    0.000000] ACPI: DSDT 0x000000007FFF0470 002325 (v02 VBOX   VBOXBIOS 00000002 INTL 20100528)
Jul 18 08:34:38 funbox10 kernel: [    0.000000] ACPI: FACS 0x000000007FFF0200 000040
Jul 18 08:34:38 funbox10 kernel: [    0.000000] ACPI: FACS 0x000000007FFF0200 000040
Jul 18 08:34:38 funbox10 kernel: [    0.000000] ACPI: APIC 0x000000007FFF0240 00005C (v02 VBOX   VBOXAPIC 00000001 ASL  00000061)
Jul 18 08:34:38 funbox10 kernel: [    0.000000] ACPI: SSDT 0x000000007FFF02A0 0001CC (v01 VBOX   VBOXCPUT 00000002 INTL 20100528)
Jul 18 08:34:38 funbox10 kernel: [    0.000000] ACPI: Local APIC address 0xfee00000
Jul 18 08:34:38 funbox10 kernel: [    0.000000] No NUMA configuration found
Jul 18 08:34:38 funbox10 kernel: [    0.000000] Faking a node at [mem 0x0000000000000000-0x000000007ffeffff]
Jul 18 08:34:38 funbox10 kernel: [    0.000000] NODE_DATA(0) allocated [mem 0x7ffeb000-0x7ffeffff]
Jul 18 08:34:38 funbox10 kernel: [    0.000000] kvm-clock: Using msrs 4b564d01 and 4b564d00
Jul 18 08:34:38 funbox10 kernel: [    0.000000] kvm-clock: cpu 0, msr 0:7ffe3001, primary cpu clock
Jul 18 08:34:38 funbox10 kernel: [    0.000000] kvm-clock: using sched offset of 6437826983 cycles
Jul 18 08:34:38 funbox10 kernel: [    0.000000] clocksource: kvm-clock: mask: 0xffffffffffffffff max_cycles: 0x1cd42e4dffb, max_idle_ns: 881590591483 ns
Jul 18 08:34:38 funbox10 kernel: [    0.000000] Zone ranges:
Jul 18 08:34:38 funbox10 kernel: [    0.000000]   DMA      [mem 0x0000000000001000-0x0000000000ffffff]
Jul 18 08:34:38 funbox10 kernel: [    0.000000]   DMA32    [mem 0x0000000001000000-0x000000007ffeffff]
Jul 18 08:34:38 funbox10 kernel: [    0.000000]   Normal   empty
Jul 18 08:34:38 funbox10 kernel: [    0.000000]   Device   empty
Jul 18 08:34:38 funbox10 kernel: [    0.000000] Movable zone start for each node
Jul 18 08:34:38 funbox10 kernel: [    0.000000] Early memory node ranges
Jul 18 08:34:38 funbox10 kernel: [    0.000000]   node   0: [mem 0x0000000000001000-0x000000000009efff]
Jul 18 08:34:38 funbox10 kernel: [    0.000000]   node   0: [mem 0x0000000000100000-0x000000007ffeffff]
Jul 18 08:34:38 funbox10 kernel: [    0.000000] Initmem setup node 0 [mem 0x0000000000001000-0x000000007ffeffff]
Jul 18 08:34:38 funbox10 kernel: [    0.000000] On node 0 totalpages: 524174
Jul 18 08:34:38 funbox10 kernel: [    0.000000]   DMA zone: 64 pages used for memmap
Jul 18 08:34:38 funbox10 kernel: [    0.000000]   DMA zone: 22 pages reserved
Jul 18 08:34:38 funbox10 kernel: [    0.000000]   DMA zone: 3998 pages, LIFO batch:0
Jul 18 08:34:38 funbox10 kernel: [    0.000000]   DMA32 zone: 8128 pages used for memmap
Jul 18 08:34:38 funbox10 kernel: [    0.000000]   DMA32 zone: 520176 pages, LIFO batch:31
Jul 18 08:34:38 funbox10 kernel: [    0.000000] ACPI: PM-Timer IO Port: 0x4008
Jul 18 08:34:38 funbox10 kernel: [    0.000000] ACPI: Local APIC address 0xfee00000
Jul 18 08:34:38 funbox10 kernel: [    0.000000] IOAPIC[0]: apic_id 2, version 32, address 0xfec00000, GSI 0-23
Jul 18 08:34:38 funbox10 kernel: [    0.000000] ACPI: INT_SRC_OVR (bus 0 bus_irq 0 global_irq 2 dfl dfl)
Jul 18 08:34:38 funbox10 kernel: [    0.000000] ACPI: INT_SRC_OVR (bus 0 bus_irq 9 global_irq 9 low level)
Jul 18 08:34:38 funbox10 kernel: [    0.000000] ACPI: IRQ0 used by override.
Jul 18 08:34:38 funbox10 kernel: [    0.000000] ACPI: IRQ9 used by override.
Jul 18 08:34:38 funbox10 kernel: [    0.000000] Using ACPI (MADT) for SMP configuration information
Jul 18 08:34:38 funbox10 kernel: [    0.000000] smpboot: Allowing 2 CPUs, 0 hotplug CPUs
Jul 18 08:34:38 funbox10 kernel: [    0.000000] PM: Registered nosave memory: [mem 0x00000000-0x00000fff]
Jul 18 08:34:38 funbox10 kernel: [    0.000000] PM: Registered nosave memory: [mem 0x0009f000-0x0009ffff]
Jul 18 08:34:38 funbox10 kernel: [    0.000000] PM: Registered nosave memory: [mem 0x000a0000-0x000effff]
Jul 18 08:34:38 funbox10 kernel: [    0.000000] PM: Registered nosave memory: [mem 0x000f0000-0x000fffff]
Jul 18 08:34:38 funbox10 kernel: [    0.000000] e820: [mem 0x80000000-0xfebfffff] available for PCI devices
Jul 18 08:34:38 funbox10 kernel: [    0.000000] Booting paravirtualized kernel on KVM
Jul 18 08:34:38 funbox10 kernel: [    0.000000] clocksource: refined-jiffies: mask: 0xffffffff max_cycles: 0xffffffff, max_idle_ns: 7645519600211568 ns
Jul 18 08:34:38 funbox10 kernel: [    0.000000] setup_percpu: NR_CPUS:512 nr_cpumask_bits:512 nr_cpu_ids:2 nr_node_ids:1
Jul 18 08:34:38 funbox10 kernel: [    0.000000] PERCPU: Embedded 33 pages/cpu @ffff88007fc00000 s95192 r8192 d31784 u1048576
Jul 18 08:34:38 funbox10 kernel: [    0.000000] pcpu-alloc: s95192 r8192 d31784 u1048576 alloc=1*2097152
Jul 18 08:34:38 funbox10 kernel: [    0.000000] pcpu-alloc: [0] 0 1 
Jul 18 08:34:38 funbox10 kernel: [    0.000000] Built 1 zonelists in Node order, mobility grouping on.  Total pages: 515960
Jul 18 08:34:38 funbox10 kernel: [    0.000000] Policy zone: DMA32
Jul 18 08:34:38 funbox10 kernel: [    0.000000] Kernel command line: BOOT_IMAGE=/vmlinuz-4.4.0-210-generic root=/dev/mapper/funbox10--vg-root ro
Jul 18 08:34:38 funbox10 kernel: [    0.000000] PID hash table entries: 4096 (order: 3, 32768 bytes)
Jul 18 08:34:38 funbox10 kernel: [    0.000000] Calgary: detecting Calgary via BIOS EBDA area
Jul 18 08:34:38 funbox10 kernel: [    0.000000] Calgary: Unable to locate Rio Grande table in EBDA - bailing!
Jul 18 08:34:38 funbox10 kernel: [    0.000000] Memory: 2004052K/2096696K available (8644K kernel code, 1332K rwdata, 4044K rodata, 1492K init, 1164K bss, 92644K reserved, 0K cma-reserved)
Jul 18 08:34:38 funbox10 kernel: [    0.000000] SLUB: HWalign=64, Order=0-3, MinObjects=0, CPUs=2, Nodes=1
Jul 18 08:34:38 funbox10 kernel: [    0.000000] Kernel/User page tables isolation: enabled
Jul 18 08:34:38 funbox10 kernel: [    0.000000] Hierarchical RCU implementation.
Jul 18 08:34:38 funbox10 kernel: [    0.000000] 	Build-time adjustment of leaf fanout to 64.
Jul 18 08:34:38 funbox10 kernel: [    0.000000] 	RCU restricting CPUs from NR_CPUS=512 to nr_cpu_ids=2.
Jul 18 08:34:38 funbox10 kernel: [    0.000000] RCU: Adjusting geometry for rcu_fanout_leaf=64, nr_cpu_ids=2
Jul 18 08:34:38 funbox10 kernel: [    0.000000] NR_IRQS:33024 nr_irqs:440 16
Jul 18 08:34:38 funbox10 kernel: [    0.000000] Console: colour VGA+ 80x25
Jul 18 08:34:38 funbox10 kernel: [    0.000000] console [tty0] enabled
Jul 18 08:34:38 funbox10 kernel: [    0.000000] tsc: Detected 2904.004 MHz processor
Jul 18 08:34:38 funbox10 kernel: [    0.116570] Calibrating delay loop (skipped) preset value.. 5808.00 BogoMIPS (lpj=11616016)
Jul 18 08:34:38 funbox10 kernel: [    0.117443] pid_max: default: 32768 minimum: 301
Jul 18 08:34:38 funbox10 kernel: [    0.117891] ACPI: Core revision 20150930
Jul 18 08:34:38 funbox10 kernel: [    0.119655] ACPI: 2 ACPI AML tables successfully acquired and loaded
Jul 18 08:34:38 funbox10 kernel: [    0.120554] Security Framework initialized
Jul 18 08:34:38 funbox10 kernel: [    0.120983] Yama: becoming mindful.
Jul 18 08:34:38 funbox10 kernel: [    0.121385] AppArmor: AppArmor initialized
Jul 18 08:34:38 funbox10 kernel: [    0.124203] Dentry cache hash table entries: 262144 (order: 9, 2097152 bytes)
Jul 18 08:34:38 funbox10 kernel: [    0.124994] Inode-cache hash table entries: 131072 (order: 8, 1048576 bytes)
Jul 18 08:34:38 funbox10 kernel: [    0.128114] Mount-cache hash table entries: 4096 (order: 3, 32768 bytes)
Jul 18 08:34:38 funbox10 kernel: [    0.128712] Mountpoint-cache hash table entries: 4096 (order: 3, 32768 bytes)
Jul 18 08:34:38 funbox10 kernel: [    0.129443] Initializing cgroup subsys io
Jul 18 08:34:38 funbox10 kernel: [    0.129876] Initializing cgroup subsys memory
Jul 18 08:34:38 funbox10 kernel: [    0.130298] Initializing cgroup subsys devices
Jul 18 08:34:38 funbox10 kernel: [    0.130747] Initializing cgroup subsys freezer
Jul 18 08:34:38 funbox10 kernel: [    0.131170] Initializing cgroup subsys net_cls
Jul 18 08:34:38 funbox10 kernel: [    0.131653] Initializing cgroup subsys perf_event
Jul 18 08:34:38 funbox10 kernel: [    0.132086] Initializing cgroup subsys net_prio
Jul 18 08:34:38 funbox10 kernel: [    0.132513] Initializing cgroup subsys hugetlb
Jul 18 08:34:38 funbox10 kernel: [    0.132935] Initializing cgroup subsys pids
Jul 18 08:34:38 funbox10 kernel: [    0.134331] mce: CPU supports 0 MCE banks
Jul 18 08:34:38 funbox10 kernel: [    0.134775] Last level iTLB entries: 4KB 128, 2MB 8, 4MB 8
Jul 18 08:34:38 funbox10 kernel: [    0.135235] Last level dTLB entries: 4KB 64, 2MB 0, 4MB 0, 1GB 4
Jul 18 08:34:38 funbox10 kernel: [    0.135724] Spectre V1 : Mitigation: usercopy/swapgs barriers and __user pointer sanitization
Jul 18 08:34:38 funbox10 kernel: [    0.136549] Spectre V2 : Mitigation: Full generic retpoline
Jul 18 08:34:38 funbox10 kernel: [    0.137009] Spectre V2 : Spectre v2 / SpectreRSB mitigation: Filling RSB on context switch
Jul 18 08:34:38 funbox10 kernel: [    0.137805] Speculative Store Bypass: Vulnerable
Jul 18 08:34:38 funbox10 kernel: [    0.138233] SRBDS: Unknown: Dependent on hypervisor status
Jul 18 08:34:38 funbox10 kernel: [    0.138788] MDS: Mitigation: Clear CPU buffers
Jul 18 08:34:38 funbox10 kernel: [    0.141980] Freeing SMP alternatives memory: 36K
Jul 18 08:34:38 funbox10 kernel: [    0.148768] ftrace: allocating 32380 entries in 127 pages
Jul 18 08:34:38 funbox10 kernel: [    0.206461] smpboot: APIC(0) Converting physical 0 to logical package 0
Jul 18 08:34:38 funbox10 kernel: [    0.206995] smpboot: Max logical packages: 1
Jul 18 08:34:38 funbox10 kernel: [    0.207697] x2apic enabled
Jul 18 08:34:38 funbox10 kernel: [    0.208332] Switched APIC routing to physical x2apic.
Jul 18 08:34:38 funbox10 kernel: [    0.210286] ..TIMER: vector=0x30 apic1=0 pin1=2 apic2=-1 pin2=-1
Jul 18 08:34:38 funbox10 kernel: [    0.319193] smpboot: CPU0: Intel(R) Core(TM) i5-9400 CPU @ 2.90GHz (family: 0x6, model: 0x9e, stepping: 0xa)
Jul 18 08:34:38 funbox10 kernel: [    0.320486] Performance Events: unsupported p6 CPU model 158 no PMU driver, software events only.
Jul 18 08:34:38 funbox10 kernel: [    0.331366] KVM setup paravirtual spinlock
Jul 18 08:34:38 funbox10 kernel: [    0.335056] x86: Booting SMP configuration:
Jul 18 08:34:38 funbox10 kernel: [    0.335491] .... node  #0, CPUs:      #1
Jul 18 08:34:38 funbox10 kernel: [    0.335937] kvm-clock: cpu 1, msr 0:7ffe3041, secondary cpu clock
Jul 18 08:34:38 funbox10 kernel: [    0.336917] mce: CPU supports 0 MCE banks
Jul 18 08:34:38 funbox10 kernel: [    0.338960] x86: Booted up 1 node, 2 CPUs
Jul 18 08:34:38 funbox10 kernel: [    0.340599] smpboot: Total of 2 processors activated (11616.01 BogoMIPS)
Jul 18 08:34:38 funbox10 kernel: [    0.341478] devtmpfs: initialized
Jul 18 08:34:38 funbox10 kernel: [    0.343266] evm: security.selinux
Jul 18 08:34:38 funbox10 kernel: [    0.343655] evm: security.SMACK64
Jul 18 08:34:38 funbox10 kernel: [    0.344055] evm: security.SMACK64EXEC
Jul 18 08:34:38 funbox10 kernel: [    0.344516] evm: security.SMACK64TRANSMUTE
Jul 18 08:34:38 funbox10 kernel: [    0.344927] evm: security.SMACK64MMAP
Jul 18 08:34:38 funbox10 kernel: [    0.345371] evm: security.ima
Jul 18 08:34:38 funbox10 kernel: [    0.345743] evm: security.capability
Jul 18 08:34:38 funbox10 kernel: [    0.346271] clocksource: jiffies: mask: 0xffffffff max_cycles: 0xffffffff, max_idle_ns: 7645041785100000 ns
Jul 18 08:34:38 funbox10 kernel: [    0.347138] futex hash table entries: 512 (order: 3, 32768 bytes)
Jul 18 08:34:38 funbox10 kernel: [    0.347705] pinctrl core: initialized pinctrl subsystem
Jul 18 08:34:38 funbox10 kernel: [    0.348146] RTC time:  6:34:28, date: 07/18/21
Jul 18 08:34:38 funbox10 kernel: [    0.348687] NET: Registered protocol family 16
Jul 18 08:34:38 funbox10 kernel: [    0.358870] cpuidle: using governor ladder
Jul 18 08:34:38 funbox10 kernel: [    0.375553] cpuidle: using governor menu
Jul 18 08:34:38 funbox10 kernel: [    0.376905] PCCT header not found.
Jul 18 08:34:38 funbox10 kernel: [    0.379282] ACPI: bus type PCI registered
Jul 18 08:34:38 funbox10 kernel: [    0.381257] acpiphp: ACPI Hot Plug PCI Controller Driver version: 0.5
Jul 18 08:34:38 funbox10 kernel: [    0.383632] PCI: Using configuration type 1 for base access
Jul 18 08:34:38 funbox10 kernel: [    0.400077] ACPI: Added _OSI(Module Device)
Jul 18 08:34:38 funbox10 kernel: [    0.400987] ACPI: Added _OSI(Processor Device)
Jul 18 08:34:38 funbox10 kernel: [    0.401896] ACPI: Added _OSI(3.0 _SCP Extensions)
Jul 18 08:34:38 funbox10 kernel: [    0.402824] ACPI: Added _OSI(Processor Aggregator Device)
Jul 18 08:34:38 funbox10 kernel: [    0.405212] ACPI: Executed 1 blocks of module-level executable AML code
Jul 18 08:34:38 funbox10 kernel: [    0.410201] ACPI: Interpreter enabled
Jul 18 08:34:38 funbox10 kernel: [    0.410923] ACPI: (supports S0 S5)
Jul 18 08:34:38 funbox10 kernel: [    0.411625] ACPI: Using IOAPIC for interrupt routing
Jul 18 08:34:38 funbox10 kernel: [    0.412643] PCI: Using host bridge windows from ACPI; if necessary, use "pci=nocrs" and report a bug
Jul 18 08:34:38 funbox10 kernel: [    0.419089] ACPI: PCI Root Bridge [PCI0] (domain 0000 [bus 00-ff])
Jul 18 08:34:38 funbox10 kernel: [    0.419725] acpi PNP0A03:00: _OSC: OS supports [ASPM ClockPM Segments MSI]
Jul 18 08:34:38 funbox10 kernel: [    0.421188] acpi PNP0A03:00: _OSC: not requesting OS control; OS requires [ExtendedConfig ASPM ClockPM MSI]
Jul 18 08:34:38 funbox10 kernel: [    0.422857] acpi PNP0A03:00: fail to add MMCONFIG information, can't access extended PCI configuration space under this bridge.
Jul 18 08:34:38 funbox10 kernel: [    0.424240] PCI host bridge to bus 0000:00
Jul 18 08:34:38 funbox10 kernel: [    0.424687] pci_bus 0000:00: root bus resource [io  0x0000-0x0cf7 window]
Jul 18 08:34:38 funbox10 kernel: [    0.425187] pci_bus 0000:00: root bus resource [io  0x0d00-0xffff window]
Jul 18 08:34:38 funbox10 kernel: [    0.425702] pci_bus 0000:00: root bus resource [mem 0x000a0000-0x000bffff window]
Jul 18 08:34:38 funbox10 kernel: [    0.426459] pci_bus 0000:00: root bus resource [mem 0x80000000-0xfdffffff window]
Jul 18 08:34:38 funbox10 kernel: [    0.427262] pci_bus 0000:00: root bus resource [bus 00-ff]
Jul 18 08:34:38 funbox10 kernel: [    0.427777] pci 0000:00:00.0: [8086:1237] type 00 class 0x060000
Jul 18 08:34:38 funbox10 kernel: [    0.428566] pci 0000:00:01.0: [8086:7000] type 00 class 0x060100
Jul 18 08:34:38 funbox10 kernel: [    0.429350] pci 0000:00:01.1: [8086:7111] type 00 class 0x01018a
Jul 18 08:34:38 funbox10 kernel: [    0.429711] pci 0000:00:01.1: reg 0x20: [io  0xd000-0xd00f]
Jul 18 08:34:38 funbox10 kernel: [    0.429867] pci 0000:00:01.1: legacy IDE quirk: reg 0x10: [io  0x01f0-0x01f7]
Jul 18 08:34:38 funbox10 kernel: [    0.430385] pci 0000:00:01.1: legacy IDE quirk: reg 0x14: [io  0x03f6]
Jul 18 08:34:38 funbox10 kernel: [    0.442777] pci 0000:00:01.1: legacy IDE quirk: reg 0x18: [io  0x0170-0x0177]
Jul 18 08:34:38 funbox10 kernel: [    0.443305] pci 0000:00:01.1: legacy IDE quirk: reg 0x1c: [io  0x0376]
Jul 18 08:34:38 funbox10 kernel: [    0.444062] pci 0000:00:02.0: [15ad:0405] type 00 class 0x030000
Jul 18 08:34:38 funbox10 kernel: [    0.445248] pci 0000:00:02.0: reg 0x10: [io  0xd010-0xd01f]
Jul 18 08:34:38 funbox10 kernel: [    0.446382] pci 0000:00:02.0: reg 0x14: [mem 0xe0000000-0xe0ffffff pref]
Jul 18 08:34:38 funbox10 kernel: [    0.447296] pci 0000:00:02.0: reg 0x18: [mem 0xf0000000-0xf01fffff]
Jul 18 08:34:38 funbox10 kernel: [    0.450667] pci 0000:00:03.0: [8086:100e] type 00 class 0x020000
Jul 18 08:34:38 funbox10 kernel: [    0.451464] pci 0000:00:03.0: reg 0x10: [mem 0xf0200000-0xf021ffff]
Jul 18 08:34:38 funbox10 kernel: [    0.452672] pci 0000:00:03.0: reg 0x18: [io  0xd020-0xd027]
Jul 18 08:34:38 funbox10 kernel: [    0.455343] pci 0000:00:04.0: [80ee:cafe] type 00 class 0x088000
Jul 18 08:34:38 funbox10 kernel: [    0.455979] pci 0000:00:04.0: reg 0x10: [io  0xd040-0xd05f]
Jul 18 08:34:38 funbox10 kernel: [    0.456555] pci 0000:00:04.0: reg 0x14: [mem 0xf0400000-0xf07fffff]
Jul 18 08:34:38 funbox10 kernel: [    0.457131] pci 0000:00:04.0: reg 0x18: [mem 0xf0800000-0xf0803fff pref]
Jul 18 08:34:38 funbox10 kernel: [    0.459892] pci 0000:00:05.0: [8086:2415] type 00 class 0x040100
Jul 18 08:34:38 funbox10 kernel: [    0.460025] pci 0000:00:05.0: reg 0x10: [io  0xd100-0xd1ff]
Jul 18 08:34:38 funbox10 kernel: [    0.460091] pci 0000:00:05.0: reg 0x14: [io  0xd200-0xd23f]
Jul 18 08:34:38 funbox10 kernel: [    0.460643] pci 0000:00:06.0: [106b:003f] type 00 class 0x0c0310
Jul 18 08:34:38 funbox10 kernel: [    0.461492] pci 0000:00:06.0: reg 0x10: [mem 0xf0804000-0xf0804fff]
Jul 18 08:34:38 funbox10 kernel: [    0.466251] pci 0000:00:07.0: [8086:7113] type 00 class 0x068000
Jul 18 08:34:38 funbox10 kernel: [    0.466837] pci 0000:00:07.0: quirk: [io  0x4000-0x403f] claimed by PIIX4 ACPI
Jul 18 08:34:38 funbox10 kernel: [    0.467634] pci 0000:00:07.0: quirk: [io  0x4100-0x410f] claimed by PIIX4 SMB
Jul 18 08:34:38 funbox10 kernel: [    0.468438] pci 0000:00:0b.0: [8086:265c] type 00 class 0x0c0320
Jul 18 08:34:38 funbox10 kernel: [    0.469163] pci 0000:00:0b.0: reg 0x10: [mem 0xf0805000-0xf0805fff]
Jul 18 08:34:38 funbox10 kernel: [    0.473227] pci 0000:00:0d.0: [8086:2829] type 00 class 0x010601
Jul 18 08:34:38 funbox10 kernel: [    0.473982] pci 0000:00:0d.0: reg 0x10: [io  0xd240-0xd247]
Jul 18 08:34:38 funbox10 kernel: [    0.474584] pci 0000:00:0d.0: reg 0x14: [io  0xd248-0xd24b]
Jul 18 08:34:38 funbox10 kernel: [    0.475166] pci 0000:00:0d.0: reg 0x18: [io  0xd250-0xd257]
Jul 18 08:34:38 funbox10 kernel: [    0.475765] pci 0000:00:0d.0: reg 0x1c: [io  0xd258-0xd25b]
Jul 18 08:34:38 funbox10 kernel: [    0.476355] pci 0000:00:0d.0: reg 0x20: [io  0xd260-0xd26f]
Jul 18 08:34:38 funbox10 kernel: [    0.476952] pci 0000:00:0d.0: reg 0x24: [mem 0xf0806000-0xf0807fff]
Jul 18 08:34:38 funbox10 kernel: [    0.479073] ACPI: PCI Interrupt Link [LNKA] (IRQs 5 9 10 *11)
Jul 18 08:34:38 funbox10 kernel: [    0.480168] ACPI: PCI Interrupt Link [LNKB] (IRQs 5 9 *10 11)
Jul 18 08:34:38 funbox10 kernel: [    0.481018] ACPI: PCI Interrupt Link [LNKC] (IRQs 5 *9 10 11)
Jul 18 08:34:38 funbox10 kernel: [    0.481860] ACPI: PCI Interrupt Link [LNKD] (IRQs 5 9 10 *11)
Jul 18 08:34:38 funbox10 kernel: [    0.482755] ACPI: Enabled 2 GPEs in block 00 to 07
Jul 18 08:34:38 funbox10 kernel: [    0.483574] vgaarb: setting as boot device: PCI:0000:00:02.0
Jul 18 08:34:38 funbox10 kernel: [    0.484041] vgaarb: device added: PCI:0000:00:02.0,decodes=io+mem,owns=io+mem,locks=none
Jul 18 08:34:38 funbox10 kernel: [    0.484837] vgaarb: loaded
Jul 18 08:34:38 funbox10 kernel: [    0.485216] vgaarb: bridge control possible 0000:00:02.0
Jul 18 08:34:38 funbox10 kernel: [    0.485872] SCSI subsystem initialized
Jul 18 08:34:38 funbox10 kernel: [    0.486446] libata version 3.00 loaded.
Jul 18 08:34:38 funbox10 kernel: [    0.486471] ACPI: bus type USB registered
Jul 18 08:34:38 funbox10 kernel: [    0.486770] usbcore: registered new interface driver usbfs
Jul 18 08:34:38 funbox10 kernel: [    0.487118] usbcore: registered new interface driver hub
Jul 18 08:34:38 funbox10 kernel: [    0.487575] usbcore: registered new device driver usb
Jul 18 08:34:38 funbox10 kernel: [    0.488259] PCI: Using ACPI for IRQ routing
Jul 18 08:34:38 funbox10 kernel: [    0.488545] PCI: pci_cache_line_size set to 64 bytes
Jul 18 08:34:38 funbox10 kernel: [    0.488753] e820: reserve RAM buffer [mem 0x0009fc00-0x0009ffff]
Jul 18 08:34:38 funbox10 kernel: [    0.488758] e820: reserve RAM buffer [mem 0x7fff0000-0x7fffffff]
Jul 18 08:34:38 funbox10 kernel: [    0.488854] NetLabel: Initializing
Jul 18 08:34:38 funbox10 kernel: [    0.489273] NetLabel:  domain hash size = 128
Jul 18 08:34:38 funbox10 kernel: [    0.489691] NetLabel:  protocols = UNLABELED CIPSOv4
Jul 18 08:34:38 funbox10 kernel: [    0.490166] NetLabel:  unlabeled traffic allowed by default
Jul 18 08:34:38 funbox10 kernel: [    0.490803] amd_nb: Cannot enumerate AMD northbridges
Jul 18 08:34:38 funbox10 kernel: [    0.491272] clocksource: Switched to clocksource kvm-clock
Jul 18 08:34:38 funbox10 kernel: [    0.501542] AppArmor: AppArmor Filesystem Enabled
Jul 18 08:34:38 funbox10 kernel: [    0.502033] pnp: PnP ACPI init
Jul 18 08:34:38 funbox10 kernel: [    0.502485] pnp 00:00: Plug and Play ACPI device, IDs PNP0303 (active)
Jul 18 08:34:38 funbox10 kernel: [    0.502545] pnp 00:01: Plug and Play ACPI device, IDs PNP0f03 (active)
Jul 18 08:34:38 funbox10 kernel: [    0.503160] pnp: PnP ACPI: found 2 devices
Jul 18 08:34:38 funbox10 kernel: [    0.515439] clocksource: acpi_pm: mask: 0xffffff max_cycles: 0xffffff, max_idle_ns: 2085701024 ns
Jul 18 08:34:38 funbox10 kernel: [    0.516280] pci_bus 0000:00: resource 4 [io  0x0000-0x0cf7 window]
Jul 18 08:34:38 funbox10 kernel: [    0.516282] pci_bus 0000:00: resource 5 [io  0x0d00-0xffff window]
Jul 18 08:34:38 funbox10 kernel: [    0.516284] pci_bus 0000:00: resource 6 [mem 0x000a0000-0x000bffff window]
Jul 18 08:34:38 funbox10 kernel: [    0.516285] pci_bus 0000:00: resource 7 [mem 0x80000000-0xfdffffff window]
Jul 18 08:34:38 funbox10 kernel: [    0.516311] NET: Registered protocol family 2
Jul 18 08:34:38 funbox10 kernel: [    0.516911] TCP established hash table entries: 16384 (order: 5, 131072 bytes)
Jul 18 08:34:38 funbox10 kernel: [    0.517681] TCP bind hash table entries: 16384 (order: 6, 262144 bytes)
Jul 18 08:34:38 funbox10 kernel: [    0.518207] TCP: Hash tables configured (established 16384 bind 16384)
Jul 18 08:34:38 funbox10 kernel: [    0.518713] UDP hash table entries: 1024 (order: 3, 32768 bytes)
Jul 18 08:34:38 funbox10 kernel: [    0.519207] UDP-Lite hash table entries: 1024 (order: 3, 32768 bytes)
Jul 18 08:34:38 funbox10 kernel: [    0.519725] NET: Registered protocol family 1
Jul 18 08:34:38 funbox10 kernel: [    0.520479] pci 0000:00:00.0: Limiting direct PCI/PCI transfers
Jul 18 08:34:38 funbox10 kernel: [    0.520994] pci 0000:00:01.0: Activating ISA DMA hang workarounds
Jul 18 08:34:38 funbox10 kernel: [    0.521504] pci 0000:00:02.0: Video device with shadowed ROM
Jul 18 08:34:38 funbox10 kernel: [    0.523466] PCI: CLS 0 bytes, default 64
Jul 18 08:34:38 funbox10 kernel: [    0.523511] Unpacking initramfs...
Jul 18 08:34:38 funbox10 kernel: [    1.030931] Freeing initrd memory: 40820K
Jul 18 08:34:38 funbox10 kernel: [    1.031422] clocksource: tsc: mask: 0xffffffffffffffff max_cycles: 0x29dc09beef1, max_idle_ns: 440795310252 ns
Jul 18 08:34:38 funbox10 kernel: [    1.032309] platform rtc_cmos: registered platform RTC device (no PNP device found)
Jul 18 08:34:38 funbox10 kernel: [    1.033184] Scanning for low memory corruption every 60 seconds
Jul 18 08:34:38 funbox10 kernel: [    1.034078] audit: initializing netlink subsys (disabled)
Jul 18 08:34:38 funbox10 kernel: [    1.034549] audit: type=2000 audit(1626590077.306:1): initialized
Jul 18 08:34:38 funbox10 kernel: [    1.035228] Initialise system trusted keyring
Jul 18 08:34:38 funbox10 kernel: [    1.035926] HugeTLB registered 2 MB page size, pre-allocated 0 pages
Jul 18 08:34:38 funbox10 kernel: [    1.037285] zbud: loaded
Jul 18 08:34:38 funbox10 kernel: [    1.038018] VFS: Disk quotas dquot_6.6.0
Jul 18 08:34:38 funbox10 kernel: [    1.038456] VFS: Dquot-cache hash table entries: 512 (order 0, 4096 bytes)
Jul 18 08:34:38 funbox10 kernel: [    1.039157] squashfs: version 4.0 (2009/01/31) Phillip Lougher
Jul 18 08:34:38 funbox10 kernel: [    1.039931] fuse init (API version 7.23)
Jul 18 08:34:38 funbox10 kernel: [    1.040301] Key type big_key registered
Jul 18 08:34:38 funbox10 kernel: [    1.040595] Allocating IMA MOK and blacklist keyrings.
Jul 18 08:34:38 funbox10 kernel: [    1.042437] Key type asymmetric registered
Jul 18 08:34:38 funbox10 kernel: [    1.042729] Asymmetric key parser 'x509' registered
Jul 18 08:34:38 funbox10 kernel: [    1.043056] Block layer SCSI generic (bsg) driver version 0.4 loaded (major 249)
Jul 18 08:34:38 funbox10 kernel: [    1.043616] io scheduler noop registered
Jul 18 08:34:38 funbox10 kernel: [    1.044030] io scheduler deadline registered (default)
Jul 18 08:34:38 funbox10 kernel: [    1.044509] io scheduler cfq registered
Jul 18 08:34:38 funbox10 kernel: [    1.045007] pci_hotplug: PCI Hot Plug PCI Core version: 0.5
Jul 18 08:34:38 funbox10 kernel: [    1.045480] pciehp: PCI Express Hot Plug Controller Driver version: 0.4
Jul 18 08:34:38 funbox10 kernel: [    1.046013] intel_idle: does not run on family 6 model 158
Jul 18 08:34:38 funbox10 kernel: [    1.046098] ACPI: AC Adapter [AC] (on-line)
Jul 18 08:34:38 funbox10 kernel: [    1.046559] input: Power Button as /devices/LNXSYSTM:00/LNXPWRBN:00/input/input0
Jul 18 08:34:38 funbox10 kernel: [    1.047333] ACPI: Power Button [PWRF]
Jul 18 08:34:38 funbox10 kernel: [    1.059693] input: Sleep Button as /devices/LNXSYSTM:00/LNXSLPBN:00/input/input1
Jul 18 08:34:38 funbox10 kernel: [    1.060462] ACPI: Sleep Button [SLPF]
Jul 18 08:34:38 funbox10 kernel: [    1.061091] GHES: HEST is not enabled!
Jul 18 08:34:38 funbox10 kernel: [    1.061457] Serial: 8250/16550 driver, 32 ports, IRQ sharing enabled
Jul 18 08:34:38 funbox10 kernel: [    1.062634] Linux agpgart interface v0.103
Jul 18 08:34:38 funbox10 kernel: [    1.064846] loop: module loaded
Jul 18 08:34:38 funbox10 kernel: [    1.065219] ata_piix 0000:00:01.1: version 2.13
Jul 18 08:34:38 funbox10 kernel: [    1.065731] scsi host0: ata_piix
Jul 18 08:34:38 funbox10 kernel: [    1.068287] scsi host1: ata_piix
Jul 18 08:34:38 funbox10 kernel: [    1.068723] ata1: PATA max UDMA/33 cmd 0x1f0 ctl 0x3f6 bmdma 0xd000 irq 14
Jul 18 08:34:38 funbox10 kernel: [    1.069243] ata2: PATA max UDMA/33 cmd 0x170 ctl 0x376 bmdma 0xd008 irq 15
Jul 18 08:34:38 funbox10 kernel: [    1.069837] libphy: Fixed MDIO Bus: probed
Jul 18 08:34:38 funbox10 kernel: [    1.070261] tun: Universal TUN/TAP device driver, 1.6
Jul 18 08:34:38 funbox10 kernel: [    1.070715] tun: (C) 1999-2004 Max Krasnyansky <maxk@qualcomm.com>
Jul 18 08:34:38 funbox10 kernel: [    1.071498] PPP generic driver version 2.4.2
Jul 18 08:34:38 funbox10 kernel: [    1.071975] ehci_hcd: USB 2.0 'Enhanced' Host Controller (EHCI) Driver
Jul 18 08:34:38 funbox10 kernel: [    1.072487] ehci-pci: EHCI PCI platform driver
Jul 18 08:34:38 funbox10 kernel: [    1.073401] ehci-pci 0000:00:0b.0: EHCI Host Controller
Jul 18 08:34:38 funbox10 kernel: [    1.073861] ehci-pci 0000:00:0b.0: new USB bus registered, assigned bus number 1
Jul 18 08:34:38 funbox10 kernel: [    1.074859] ehci-pci 0000:00:0b.0: irq 19, io mem 0xf0805000
Jul 18 08:34:38 funbox10 kernel: [    1.087657] ehci-pci 0000:00:0b.0: USB 2.0 started, EHCI 1.00
Jul 18 08:34:38 funbox10 kernel: [    1.088189] usb usb1: New USB device found, idVendor=1d6b, idProduct=0002
Jul 18 08:34:38 funbox10 kernel: [    1.088728] usb usb1: New USB device strings: Mfr=3, Product=2, SerialNumber=1
Jul 18 08:34:38 funbox10 kernel: [    1.089502] usb usb1: Product: EHCI Host Controller
Jul 18 08:34:38 funbox10 kernel: [    1.089988] usb usb1: Manufacturer: Linux 4.4.0-210-generic ehci_hcd
Jul 18 08:34:38 funbox10 kernel: [    1.090505] usb usb1: SerialNumber: 0000:00:0b.0
Jul 18 08:34:38 funbox10 kernel: [    1.091044] hub 1-0:1.0: USB hub found
Jul 18 08:34:38 funbox10 kernel: [    1.091685] hub 1-0:1.0: 12 ports detected
Jul 18 08:34:38 funbox10 kernel: [    1.092299] ehci-platform: EHCI generic platform driver
Jul 18 08:34:38 funbox10 kernel: [    1.092770] ohci_hcd: USB 1.1 'Open' Host Controller (OHCI) Driver
Jul 18 08:34:38 funbox10 kernel: [    1.093623] ohci-pci: OHCI PCI platform driver
Jul 18 08:34:38 funbox10 kernel: [    1.094559] ohci-pci 0000:00:06.0: OHCI PCI host controller
Jul 18 08:34:38 funbox10 kernel: [    1.095031] ohci-pci 0000:00:06.0: new USB bus registered, assigned bus number 2
Jul 18 08:34:38 funbox10 kernel: [    1.095984] ohci-pci 0000:00:06.0: irq 22, io mem 0xf0804000
Jul 18 08:34:38 funbox10 kernel: [    1.152321] usb usb2: New USB device found, idVendor=1d6b, idProduct=0001
Jul 18 08:34:38 funbox10 kernel: [    1.152836] usb usb2: New USB device strings: Mfr=3, Product=2, SerialNumber=1
Jul 18 08:34:38 funbox10 kernel: [    1.153605] usb usb2: Product: OHCI PCI host controller
Jul 18 08:34:38 funbox10 kernel: [    1.154057] usb usb2: Manufacturer: Linux 4.4.0-210-generic ohci_hcd
Jul 18 08:34:38 funbox10 kernel: [    1.154549] usb usb2: SerialNumber: 0000:00:06.0
Jul 18 08:34:38 funbox10 kernel: [    1.155078] hub 2-0:1.0: USB hub found
Jul 18 08:34:38 funbox10 kernel: [    1.155494] hub 2-0:1.0: 12 ports detected
Jul 18 08:34:38 funbox10 kernel: [    1.156457] ohci-platform: OHCI generic platform driver
Jul 18 08:34:38 funbox10 kernel: [    1.156928] uhci_hcd: USB Universal Host Controller Interface driver
Jul 18 08:34:38 funbox10 kernel: [    1.157468] i8042: PNP: PS/2 Controller [PNP0303:PS2K,PNP0f03:PS2M] at 0x60,0x64 irq 1,12
Jul 18 08:34:38 funbox10 kernel: [    1.158719] serio: i8042 KBD port at 0x60,0x64 irq 1
Jul 18 08:34:38 funbox10 kernel: [    1.159166] serio: i8042 AUX port at 0x60,0x64 irq 12
Jul 18 08:34:38 funbox10 kernel: [    1.159744] mousedev: PS/2 mouse device common for all mice
Jul 18 08:34:38 funbox10 kernel: [    1.160677] input: AT Translated Set 2 keyboard as /devices/platform/i8042/serio0/input/input2
Jul 18 08:34:38 funbox10 kernel: [    1.161538] rtc_cmos rtc_cmos: rtc core: registered rtc_cmos as rtc0
Jul 18 08:34:38 funbox10 kernel: [    1.162189] rtc_cmos rtc_cmos: alarms up to one day, 114 bytes nvram
Jul 18 08:34:38 funbox10 kernel: [    1.162696] i2c /dev entries driver
Jul 18 08:34:38 funbox10 kernel: [    1.163144] device-mapper: uevent: version 1.0.3
Jul 18 08:34:38 funbox10 kernel: [    1.163732] device-mapper: ioctl: 4.34.0-ioctl (2015-10-28) initialised: dm-devel@redhat.com
Jul 18 08:34:38 funbox10 kernel: [    1.164550] ledtrig-cpu: registered to indicate activity on CPUs
Jul 18 08:34:38 funbox10 kernel: [    1.165368] NET: Registered protocol family 10
Jul 18 08:34:38 funbox10 kernel: [    1.165834] NET: Registered protocol family 17
Jul 18 08:34:38 funbox10 kernel: [    1.166138] Key type dns_resolver registered
Jul 18 08:34:38 funbox10 kernel: [    1.166585] registered taskstats version 1
Jul 18 08:34:38 funbox10 kernel: [    1.166875] Loading compiled-in X.509 certificates
Jul 18 08:34:38 funbox10 kernel: [    1.167679] Loaded X.509 cert 'Build time autogenerated kernel key: cf00e047681d67edb2720680708b7d9498083038'
Jul 18 08:34:38 funbox10 kernel: [    1.168544] zswap: loaded using pool lzo/zbud
Jul 18 08:34:38 funbox10 kernel: [    1.170687] Key type trusted registered
Jul 18 08:34:38 funbox10 kernel: [    1.173877] Key type encrypted registered
Jul 18 08:34:38 funbox10 kernel: [    1.174298] AppArmor: AppArmor sha1 policy hashing enabled
Jul 18 08:34:38 funbox10 kernel: [    1.174760] ima: No TPM chip found, activating TPM-bypass!
Jul 18 08:34:38 funbox10 kernel: [    1.175239] ima: Allocated hash algorithm: sha1
Jul 18 08:34:38 funbox10 kernel: [    1.175679] evm: HMAC attrs: 0x1
Jul 18 08:34:38 funbox10 kernel: [    1.176609]   Magic number: 13:23:570
Jul 18 08:34:38 funbox10 kernel: [    1.176935] button LNXSLPBN:00: hash matches
Jul 18 08:34:38 funbox10 kernel: [    1.177414] rtc_cmos rtc_cmos: setting system clock to 2021-07-18 06:34:29 UTC (1626590069)
Jul 18 08:34:38 funbox10 kernel: [    1.178355] BIOS EDD facility v0.16 2004-Jun-25, 0 devices found
Jul 18 08:34:38 funbox10 kernel: [    1.178684] EDD information not available.
Jul 18 08:34:38 funbox10 kernel: [    1.179115] PM: Hibernation image not present or could not be loaded.
Jul 18 08:34:38 funbox10 kernel: [    1.244255] ata2.00: ATAPI: VBOX CD-ROM, 1.0, max UDMA/133
Jul 18 08:34:38 funbox10 kernel: [    1.246383] ata2.00: configured for UDMA/33
Jul 18 08:34:38 funbox10 kernel: [    1.248818] scsi 1:0:0:0: CD-ROM            VBOX     CD-ROM           1.0  PQ: 0 ANSI: 5
Jul 18 08:34:38 funbox10 kernel: [    1.256230] sr 1:0:0:0: [sr0] scsi3-mmc drive: 32x/32x xa/form2 tray
Jul 18 08:34:38 funbox10 kernel: [    1.256850] cdrom: Uniform CD-ROM driver Revision: 3.20
Jul 18 08:34:38 funbox10 kernel: [    1.257817] sr 1:0:0:0: Attached scsi CD-ROM sr0
Jul 18 08:34:38 funbox10 kernel: [    1.257920] sr 1:0:0:0: Attached scsi generic sg0 type 5
Jul 18 08:34:38 funbox10 kernel: [    1.259568] Freeing unused kernel memory: 1492K
Jul 18 08:34:38 funbox10 kernel: [    1.276126] Write protecting the kernel read-only data: 14336k
Jul 18 08:34:38 funbox10 kernel: [    1.277046] Freeing unused kernel memory: 1584K
Jul 18 08:34:38 funbox10 kernel: [    1.277646] Freeing unused kernel memory: 52K
Jul 18 08:34:38 funbox10 kernel: [    1.293386] random: systemd-udevd: uninitialized urandom read (16 bytes read, 3 bits of entropy available)
Jul 18 08:34:38 funbox10 kernel: [    1.293968] random: udevadm: uninitialized urandom read (16 bytes read, 3 bits of entropy available)
Jul 18 08:34:38 funbox10 kernel: [    1.293985] random: udevadm: uninitialized urandom read (16 bytes read, 3 bits of entropy available)
Jul 18 08:34:38 funbox10 kernel: [    1.296366] random: systemd-udevd: uninitialized urandom read (16 bytes read, 3 bits of entropy available)
Jul 18 08:34:38 funbox10 kernel: [    1.297308] random: systemd-udevd: uninitialized urandom read (16 bytes read, 3 bits of entropy available)
Jul 18 08:34:38 funbox10 kernel: [    1.298171] random: systemd-udevd: uninitialized urandom read (16 bytes read, 3 bits of entropy available)
Jul 18 08:34:38 funbox10 kernel: [    1.299810] random: systemd-udevd: uninitialized urandom read (16 bytes read, 3 bits of entropy available)
Jul 18 08:34:38 funbox10 kernel: [    1.301817] random: udevadm: uninitialized urandom read (16 bytes read, 3 bits of entropy available)
Jul 18 08:34:38 funbox10 kernel: [    1.301852] random: udevadm: uninitialized urandom read (16 bytes read, 3 bits of entropy available)
Jul 18 08:34:38 funbox10 kernel: [    1.301976] random: udevadm: uninitialized urandom read (16 bytes read, 3 bits of entropy available)
Jul 18 08:34:38 funbox10 kernel: [    1.342622] ACPI: Video Device [GFX0] (multi-head: yes  rom: no  post: no)
Jul 18 08:34:38 funbox10 kernel: [    1.343187] input: Video Bus as /devices/LNXSYSTM:00/LNXSYBUS:00/PNP0A03:00/LNXVIDEO:00/input/input4
Jul 18 08:34:38 funbox10 kernel: [    1.357313] [drm] Initialized drm 1.1.0 20060810
Jul 18 08:34:38 funbox10 kernel: [    1.358554] e1000: Intel(R) PRO/1000 Network Driver - version 7.3.21-k8-NAPI
Jul 18 08:34:38 funbox10 kernel: [    1.359081] e1000: Copyright (c) 1999-2006 Intel Corporation.
Jul 18 08:34:38 funbox10 kernel: [    1.363152] ahci 0000:00:0d.0: version 3.0
Jul 18 08:34:38 funbox10 kernel: [    1.364105] ahci 0000:00:0d.0: SSS flag set, parallel bus scan disabled
Jul 18 08:34:38 funbox10 kernel: [    1.364760] ahci 0000:00:0d.0: AHCI 0001.0100 32 slots 1 ports 3 Gbps 0x1 impl SATA mode
Jul 18 08:34:38 funbox10 kernel: [    1.365572] ahci 0000:00:0d.0: flags: 64bit ncq stag only ccc 
Jul 18 08:34:38 funbox10 kernel: [    1.373521] scsi host2: ahci
Jul 18 08:34:38 funbox10 kernel: [    1.374017] ata3: SATA max UDMA/133 abar m8192@0xf0806000 port 0xf0806100 irq 21
Jul 18 08:34:38 funbox10 kernel: [    1.563321] usb 2-1: new full-speed USB device number 2 using ohci-pci
Jul 18 08:34:38 funbox10 kernel: [    1.613482] input: ImExPS/2 Generic Explorer Mouse as /devices/platform/i8042/serio1/input/input5
Jul 18 08:34:38 funbox10 kernel: [    1.700046] ata3: SATA link up 3.0 Gbps (SStatus 123 SControl 300)
Jul 18 08:34:38 funbox10 kernel: [    1.700721] ata3.00: ATA-6: VBOX HARDDISK, 1.0, max UDMA/133
Jul 18 08:34:38 funbox10 kernel: [    1.701185] ata3.00: 10485760 sectors, multi 128: LBA48 NCQ (depth 31/32)
Jul 18 08:34:38 funbox10 kernel: [    1.703487] ata3.00: configured for UDMA/133
Jul 18 08:34:38 funbox10 kernel: [    1.706155] scsi 2:0:0:0: Direct-Access     ATA      VBOX HARDDISK    1.0  PQ: 0 ANSI: 5
Jul 18 08:34:38 funbox10 kernel: [    1.707060] sd 2:0:0:0: Attached scsi generic sg1 type 0
Jul 18 08:34:38 funbox10 kernel: [    1.707640] sd 2:0:0:0: [sda] 10485760 512-byte logical blocks: (5.37 GB/5.00 GiB)
Jul 18 08:34:38 funbox10 kernel: [    1.708518] sd 2:0:0:0: [sda] Write Protect is off
Jul 18 08:34:38 funbox10 kernel: [    1.708997] sd 2:0:0:0: [sda] Mode Sense: 00 3a 00 00
Jul 18 08:34:38 funbox10 kernel: [    1.709007] sd 2:0:0:0: [sda] Write cache: enabled, read cache: enabled, doesn't support DPO or FUA
Jul 18 08:34:38 funbox10 kernel: [    1.711482]  sda: sda1 sda2 < sda5 >
Jul 18 08:34:38 funbox10 kernel: [    1.712078] sd 2:0:0:0: [sda] Attached SCSI disk
Jul 18 08:34:38 funbox10 kernel: [    1.760321] e1000 0000:00:03.0 eth0: (PCI:33MHz:32-bit) 08:00:27:6f:b6:42
Jul 18 08:34:38 funbox10 kernel: [    1.760835] e1000 0000:00:03.0 eth0: Intel(R) PRO/1000 Network Connection
Jul 18 08:34:38 funbox10 kernel: [    1.762379] [drm] DMA map mode: Using physical TTM page addresses.
Jul 18 08:34:38 funbox10 kernel: [    1.762552] e1000 0000:00:03.0 enp0s3: renamed from eth0
Jul 18 08:34:38 funbox10 kernel: [    1.763453] [drm] Capabilities:
Jul 18 08:34:38 funbox10 kernel: [    1.763832] [drm]   Cursor.
Jul 18 08:34:38 funbox10 kernel: [    1.764199] [drm]   Cursor bypass 2.
Jul 18 08:34:38 funbox10 kernel: [    1.764590] [drm]   Alpha cursor.
Jul 18 08:34:38 funbox10 kernel: [    1.764972] [drm]   3D.
Jul 18 08:34:38 funbox10 kernel: [    1.765327] [drm]   Extended Fifo.
Jul 18 08:34:38 funbox10 kernel: [    1.765712] [drm]   Pitchlock.
Jul 18 08:34:38 funbox10 kernel: [    1.766086] [drm]   Irq mask.
Jul 18 08:34:38 funbox10 kernel: [    1.766467] [drm]   GMR.
Jul 18 08:34:38 funbox10 kernel: [    1.766823] [drm]   Traces.
Jul 18 08:34:38 funbox10 kernel: [    1.767206] [drm]   GMR2.
Jul 18 08:34:38 funbox10 kernel: [    1.767566] [drm]   Screen Object 2.
Jul 18 08:34:38 funbox10 kernel: [    1.767957] [drm] Max GMR ids is 8192
Jul 18 08:34:38 funbox10 kernel: [    1.768383] [drm] Max number of GMR pages is 1048576
Jul 18 08:34:38 funbox10 kernel: [    1.768821] [drm] Max dedicated hypervisor surface memory is 507904 kiB
Jul 18 08:34:38 funbox10 kernel: [    1.769366] [drm] Maximum display memory size is 16384 kiB
Jul 18 08:34:38 funbox10 kernel: [    1.769897] [drm] VRAM at 0xe0000000 size is 16384 kiB
Jul 18 08:34:38 funbox10 kernel: [    1.770362] [drm] MMIO at 0xf0000000 size is 2048 kiB
Jul 18 08:34:38 funbox10 kernel: [    1.770807] [drm] global init.
Jul 18 08:34:38 funbox10 kernel: [    1.771346] [TTM] Zone  kernel: Available graphics memory: 1024018 kiB
Jul 18 08:34:38 funbox10 kernel: [    1.771685] [TTM] Initializing pool allocator
Jul 18 08:34:38 funbox10 kernel: [    1.771989] [TTM] Initializing DMA pool allocator
Jul 18 08:34:38 funbox10 kernel: [    1.772495] [drm] Supports vblank timestamp caching Rev 2 (21.10.2013).
Jul 18 08:34:38 funbox10 kernel: [    1.772989] [drm] No driver support for vblank timestamp query.
Jul 18 08:34:38 funbox10 kernel: [    1.773659] [drm] Screen Objects Display Unit initialized
Jul 18 08:34:38 funbox10 kernel: [    1.774161] [drm] width 720
Jul 18 08:34:38 funbox10 kernel: [    1.774541] [drm] height 400
Jul 18 08:34:38 funbox10 kernel: [    1.774923] [drm] bpp 32
Jul 18 08:34:38 funbox10 kernel: [    1.775440] [drm] Fifo max 0x00200000 min 0x00001000 cap 0x00000355
Jul 18 08:34:38 funbox10 kernel: [    1.776984] [drm] DX: no.
Jul 18 08:34:38 funbox10 kernel: [    1.779658] fbcon: svgadrmfb (fb0) is primary device
Jul 18 08:34:38 funbox10 kernel: [    1.801359] Console: switching to colour frame buffer device 100x37
Jul 18 08:34:38 funbox10 kernel: [    1.801957] [drm] Initialized vmwgfx 2.9.0 20150810 for 0000:00:02.0 on minor 0
Jul 18 08:34:38 funbox10 kernel: [    2.063971] usb 2-1: New USB device found, idVendor=80ee, idProduct=0021
Jul 18 08:34:38 funbox10 kernel: [    2.063993] usb 2-1: New USB device strings: Mfr=1, Product=3, SerialNumber=0
Jul 18 08:34:38 funbox10 kernel: [    2.064009] usb 2-1: Product: USB Tablet
Jul 18 08:34:38 funbox10 kernel: [    2.064019] usb 2-1: Manufacturer: VirtualBox
Jul 18 08:34:38 funbox10 kernel: [    2.072832] hidraw: raw HID events driver (C) Jiri Kosina
Jul 18 08:34:38 funbox10 kernel: [    2.082463] usbcore: registered new interface driver usbhid
Jul 18 08:34:38 funbox10 kernel: [    2.082482] usbhid: USB HID core driver
Jul 18 08:34:38 funbox10 kernel: [    2.089155] input: VirtualBox USB Tablet as /devices/pci0000:00/0000:00:06.0/usb2/2-1/2-1:1.0/0003:80EE:0021.0001/input/input6
Jul 18 08:34:38 funbox10 kernel: [    2.089481] hid-generic 0003:80EE:0021.0001: input,hidraw0: USB HID v1.10 Mouse [VirtualBox USB Tablet] on usb-0000:00:06.0-1/input0
Jul 18 08:34:38 funbox10 kernel: [    2.446134] md: linear personality registered for level -1
Jul 18 08:34:38 funbox10 kernel: [    2.448779] md: multipath personality registered for level -4
Jul 18 08:34:38 funbox10 kernel: [    2.451164] md: raid0 personality registered for level 0
Jul 18 08:34:38 funbox10 kernel: [    2.454445] md: raid1 personality registered for level 1
Jul 18 08:34:38 funbox10 kernel: [    2.523341] raid6: sse2x1   gen() 13790 MB/s
Jul 18 08:34:38 funbox10 kernel: [    2.591340] raid6: sse2x1   xor() 10019 MB/s
Jul 18 08:34:38 funbox10 kernel: [    2.659321] raid6: sse2x2   gen() 16957 MB/s
Jul 18 08:34:38 funbox10 kernel: [    2.727341] raid6: sse2x2   xor() 11311 MB/s
Jul 18 08:34:38 funbox10 kernel: [    2.795336] raid6: sse2x4   gen() 19351 MB/s
Jul 18 08:34:38 funbox10 kernel: [    2.863310] raid6: sse2x4   xor() 12586 MB/s
Jul 18 08:34:38 funbox10 kernel: [    2.931337] raid6: avx2x1   gen() 27240 MB/s
Jul 18 08:34:38 funbox10 kernel: [    2.999316] raid6: avx2x2   gen() 27656 MB/s
Jul 18 08:34:38 funbox10 kernel: [    3.067322] raid6: avx2x4   gen() 34299 MB/s
Jul 18 08:34:38 funbox10 kernel: [    3.067634] raid6: using algorithm avx2x4 gen() 34299 MB/s
Jul 18 08:34:38 funbox10 kernel: [    3.067923] raid6: using avx2x2 recovery algorithm
Jul 18 08:34:38 funbox10 kernel: [    3.069098] xor: automatically using best checksumming function:
Jul 18 08:34:38 funbox10 kernel: [    3.107317]    avx       : 27981.000 MB/sec
Jul 18 08:34:38 funbox10 kernel: [    3.108824] async_tx: api initialized (async)
Jul 18 08:34:38 funbox10 kernel: [    3.116234] md: raid6 personality registered for level 6
Jul 18 08:34:38 funbox10 kernel: [    3.116525] md: raid5 personality registered for level 5
Jul 18 08:34:38 funbox10 kernel: [    3.116801] md: raid4 personality registered for level 4
Jul 18 08:34:38 funbox10 kernel: [    3.122177] md: raid10 personality registered for level 10
Jul 18 08:34:38 funbox10 kernel: [    3.294410] Btrfs loaded
Jul 18 08:34:38 funbox10 kernel: [    3.639679] EXT4-fs (dm-0): mounted filesystem with ordered data mode. Opts: (null)
Jul 18 08:34:38 funbox10 kernel: [    4.279862] random: nonblocking pool is initialized
Jul 18 08:34:38 funbox10 kernel: [    4.356149] EXT4-fs (dm-0): re-mounted. Opts: errors=remount-ro
Jul 18 08:34:38 funbox10 kernel: [    4.383625] Loading iSCSI transport class v2.0-870.
Jul 18 08:34:38 funbox10 kernel: [    4.401391] iscsi: registered transport (tcp)
Jul 18 08:34:38 funbox10 kernel: [    4.470873] iscsi: registered transport (iser)
Jul 18 08:34:38 funbox10 kernel: [    4.653002] vgdrvHeartbeatInit: Setting up heartbeat to trigger every 2000 milliseconds
Jul 18 08:34:38 funbox10 kernel: [    4.653148] input: Unspecified device as /devices/pci0000:00/0000:00:04.0/input/input7
Jul 18 08:34:38 funbox10 kernel: [    4.653821] vboxguest: misc device minor 55, IRQ 20, I/O port d040, MMIO at 00000000f0400000 (size 0x400000)
Jul 18 08:34:38 funbox10 kernel: [    4.653823] vboxguest: Successfully loaded version 5.0.18_Ubuntu (interface 0x00010004)
Jul 18 08:34:38 funbox10 kernel: [    4.660815] piix4_smbus 0000:00:07.0: SMBus Host Controller at 0x4100, revision 0
Jul 18 08:34:38 funbox10 kernel: [    4.694525] intel_rapl: no valid rapl domains found in package 0
Jul 18 08:34:38 funbox10 kernel: [    4.712096] snd_intel8x0 0000:00:05.0: disable (unknown or VT-d) VM optimization
Jul 18 08:34:38 funbox10 kernel: [    4.724594] intel_rapl: no valid rapl domains found in package 0
Jul 18 08:34:38 funbox10 kernel: [    5.372666] Adding 1003516k swap on /dev/mapper/funbox10--vg-swap_1.  Priority:-1 extents:1 across:1003516k FS
Jul 18 08:34:38 funbox10 kernel: [    9.941835] snd_intel8x0 0000:00:05.0: white list rate for 1028:0177 is 48000
Jul 18 08:34:38 funbox10 kernel: [   10.080552] EXT4-fs (sda1): mounting ext2 file system using the ext4 subsystem
Jul 18 08:34:38 funbox10 kernel: [   10.089230] EXT4-fs (sda1): mounted filesystem without journal. Opts: (null)
Jul 18 08:34:38 funbox10 kernel: [   10.219706] audit: type=1400 audit(1626590078.540:2): apparmor="STATUS" operation="profile_load" profile="unconfined" name="lxc-container-default" pid=742 comm="apparmor_parser"
Jul 18 08:34:38 funbox10 kernel: [   10.219712] audit: type=1400 audit(1626590078.540:3): apparmor="STATUS" operation="profile_load" profile="unconfined" name="lxc-container-default-cgns" pid=742 comm="apparmor_parser"
Jul 18 08:34:38 funbox10 kernel: [   10.219716] audit: type=1400 audit(1626590078.540:4): apparmor="STATUS" operation="profile_load" profile="unconfined" name="lxc-container-default-with-mounting" pid=742 comm="apparmor_parser"
Jul 18 08:34:38 funbox10 kernel: [   10.219719] audit: type=1400 audit(1626590078.540:5): apparmor="STATUS" operation="profile_load" profile="unconfined" name="lxc-container-default-with-nesting" pid=742 comm="apparmor_parser"
Jul 18 08:34:38 funbox10 kernel: [   10.222155] audit: type=1400 audit(1626590078.540:6): apparmor="STATUS" operation="profile_load" profile="unconfined" name="/usr/bin/lxc-start" pid=745 comm="apparmor_parser"
Jul 18 08:34:38 funbox10 kernel: [   10.223485] audit: type=1400 audit(1626590078.544:7): apparmor="STATUS" operation="profile_load" profile="unconfined" name="/sbin/dhclient" pid=743 comm="apparmor_parser"
Jul 18 08:34:38 funbox10 kernel: [   10.223490] audit: type=1400 audit(1626590078.544:8): apparmor="STATUS" operation="profile_load" profile="unconfined" name="/usr/lib/NetworkManager/nm-dhcp-client.action" pid=743 comm="apparmor_parser"
Jul 18 08:34:38 funbox10 kernel: [   10.223493] audit: type=1400 audit(1626590078.544:9): apparmor="STATUS" operation="profile_load" profile="unconfined" name="/usr/lib/NetworkManager/nm-dhcp-helper" pid=743 comm="apparmor_parser"
Jul 18 08:34:38 funbox10 kernel: [   10.223497] audit: type=1400 audit(1626590078.544:10): apparmor="STATUS" operation="profile_load" profile="unconfined" name="/usr/lib/connman/scripts/dhclient-script" pid=743 comm="apparmor_parser"
Jul 18 08:34:38 funbox10 kernel: [   10.225676] audit: type=1400 audit(1626590078.544:11): apparmor="STATUS" operation="profile_load" profile="unconfined" name="/usr/lib/lxd/lxd-bridge-proxy" pid=746 comm="apparmor_parser"
Jul 18 08:34:38 funbox10 kernel: [   10.383913] IPv6: ADDRCONF(NETDEV_UP): enp0s3: link is not ready
Jul 18 08:34:38 funbox10 kernel: [   10.384342] e1000: enp0s3 NIC Link is Up 1000 Mbps Full Duplex, Flow Control: RX
Jul 18 08:34:38 funbox10 kernel: [   10.384737] IPv6: ADDRCONF(NETDEV_CHANGE): enp0s3: link becomes ready
Jul 18 08:34:38 funbox10 kernel: [   10.493542] cgroup: new mount options do not match the existing superblock, will be ignored
Jul 19 12:16:05 funbox10 kernel: [    0.000000] Initializing cgroup subsys cpuset
Jul 19 12:16:05 funbox10 kernel: [    0.000000] Initializing cgroup subsys cpu
Jul 19 12:16:05 funbox10 kernel: [    0.000000] Initializing cgroup subsys cpuacct
Jul 19 12:16:05 funbox10 kernel: [    0.000000] Linux version 4.4.0-210-generic (buildd@lgw01-amd64-009) (gcc version 5.4.0 20160609 (Ubuntu 5.4.0-6ubuntu1~16.04.12) ) #242-Ubuntu SMP Fri Apr 16 09:57:56 UTC 2021 (Ubuntu 4.4.0-210.242-generic 4.4.262)
Jul 19 12:16:05 funbox10 kernel: [    0.000000] Command line: BOOT_IMAGE=/vmlinuz-4.4.0-210-generic root=/dev/mapper/funbox10--vg-root ro
Jul 19 12:16:05 funbox10 kernel: [    0.000000] KERNEL supported cpus:
Jul 19 12:16:05 funbox10 kernel: [    0.000000]   Intel GenuineIntel
Jul 19 12:16:05 funbox10 kernel: [    0.000000]   AMD AuthenticAMD
Jul 19 12:16:05 funbox10 kernel: [    0.000000]   Centaur CentaurHauls
Jul 19 12:16:05 funbox10 kernel: [    0.000000] x86/fpu: xstate_offset[2]:  576, xstate_sizes[2]:  256
Jul 19 12:16:05 funbox10 kernel: [    0.000000] x86/fpu: Supporting XSAVE feature 0x01: 'x87 floating point registers'
Jul 19 12:16:05 funbox10 kernel: [    0.000000] x86/fpu: Supporting XSAVE feature 0x02: 'SSE registers'
Jul 19 12:16:05 funbox10 kernel: [    0.000000] x86/fpu: Supporting XSAVE feature 0x04: 'AVX registers'
Jul 19 12:16:05 funbox10 kernel: [    0.000000] x86/fpu: Enabled xstate features 0x7, context size is 832 bytes, using 'standard' format.
Jul 19 12:16:05 funbox10 kernel: [    0.000000] e820: BIOS-provided physical RAM map:
Jul 19 12:16:05 funbox10 kernel: [    0.000000] BIOS-e820: [mem 0x0000000000000000-0x000000000009fbff] usable
Jul 19 12:16:05 funbox10 kernel: [    0.000000] BIOS-e820: [mem 0x000000000009fc00-0x000000000009ffff] reserved
Jul 19 12:16:05 funbox10 kernel: [    0.000000] BIOS-e820: [mem 0x00000000000f0000-0x00000000000fffff] reserved
Jul 19 12:16:05 funbox10 kernel: [    0.000000] BIOS-e820: [mem 0x0000000000100000-0x000000007ffeffff] usable
Jul 19 12:16:05 funbox10 kernel: [    0.000000] BIOS-e820: [mem 0x000000007fff0000-0x000000007fffffff] ACPI data
Jul 19 12:16:05 funbox10 kernel: [    0.000000] BIOS-e820: [mem 0x00000000fec00000-0x00000000fec00fff] reserved
Jul 19 12:16:05 funbox10 kernel: [    0.000000] BIOS-e820: [mem 0x00000000fee00000-0x00000000fee00fff] reserved
Jul 19 12:16:05 funbox10 kernel: [    0.000000] BIOS-e820: [mem 0x00000000fffc0000-0x00000000ffffffff] reserved
Jul 19 12:16:05 funbox10 kernel: [    0.000000] NX (Execute Disable) protection: active
Jul 19 12:16:05 funbox10 kernel: [    0.000000] SMBIOS 2.5 present.
Jul 19 12:16:05 funbox10 kernel: [    0.000000] DMI: innotek GmbH VirtualBox/VirtualBox, BIOS VirtualBox 12/01/2006
Jul 19 12:16:05 funbox10 kernel: [    0.000000] Hypervisor detected: KVM
Jul 19 12:16:05 funbox10 kernel: [    0.000000] e820: update [mem 0x00000000-0x00000fff] usable ==> reserved
Jul 19 12:16:05 funbox10 kernel: [    0.000000] e820: remove [mem 0x000a0000-0x000fffff] usable
Jul 19 12:16:05 funbox10 kernel: [    0.000000] e820: last_pfn = 0x7fff0 max_arch_pfn = 0x400000000
Jul 19 12:16:05 funbox10 kernel: [    0.000000] MTRR default type: uncachable
Jul 19 12:16:05 funbox10 kernel: [    0.000000] MTRR variable ranges disabled:
Jul 19 12:16:05 funbox10 kernel: [    0.000000] MTRR: Disabled
Jul 19 12:16:05 funbox10 kernel: [    0.000000] x86/PAT: MTRRs disabled, skipping PAT initialization too.
Jul 19 12:16:05 funbox10 kernel: [    0.000000] CPU MTRRs all blank - virtualized system.
Jul 19 12:16:05 funbox10 kernel: [    0.000000] x86/PAT: Configuration [0-7]: WB  WT  UC- UC  WB  WT  UC- UC  
Jul 19 12:16:05 funbox10 kernel: [    0.000000] found SMP MP-table at [mem 0x0009fff0-0x0009ffff] mapped at [ffff88000009fff0]
Jul 19 12:16:05 funbox10 kernel: [    0.000000] Scanning 1 areas for low memory corruption
Jul 19 12:16:05 funbox10 kernel: [    0.000000] Base memory trampoline at [ffff880000098000] 98000 size 28672
Jul 19 12:16:05 funbox10 kernel: [    0.000000] RAMDISK: [mem 0x33036000-0x35812fff]
Jul 19 12:16:05 funbox10 kernel: [    0.000000] ACPI: Early table checksum verification disabled
Jul 19 12:16:05 funbox10 kernel: [    0.000000] ACPI: RSDP 0x00000000000E0000 000024 (v02 VBOX  )
Jul 19 12:16:05 funbox10 kernel: [    0.000000] ACPI: XSDT 0x000000007FFF0030 00003C (v01 VBOX   VBOXXSDT 00000001 ASL  00000061)
Jul 19 12:16:05 funbox10 kernel: [    0.000000] ACPI: FACP 0x000000007FFF00F0 0000F4 (v04 VBOX   VBOXFACP 00000001 ASL  00000061)
Jul 19 12:16:05 funbox10 kernel: [    0.000000] ACPI: DSDT 0x000000007FFF0470 002325 (v02 VBOX   VBOXBIOS 00000002 INTL 20100528)
Jul 19 12:16:05 funbox10 kernel: [    0.000000] ACPI: FACS 0x000000007FFF0200 000040
Jul 19 12:16:05 funbox10 kernel: [    0.000000] ACPI: FACS 0x000000007FFF0200 000040
Jul 19 12:16:05 funbox10 kernel: [    0.000000] ACPI: APIC 0x000000007FFF0240 00005C (v02 VBOX   VBOXAPIC 00000001 ASL  00000061)
Jul 19 12:16:05 funbox10 kernel: [    0.000000] ACPI: SSDT 0x000000007FFF02A0 0001CC (v01 VBOX   VBOXCPUT 00000002 INTL 20100528)
Jul 19 12:16:05 funbox10 kernel: [    0.000000] ACPI: Local APIC address 0xfee00000
Jul 19 12:16:05 funbox10 kernel: [    0.000000] No NUMA configuration found
Jul 19 12:16:05 funbox10 kernel: [    0.000000] Faking a node at [mem 0x0000000000000000-0x000000007ffeffff]
Jul 19 12:16:05 funbox10 kernel: [    0.000000] NODE_DATA(0) allocated [mem 0x7ffeb000-0x7ffeffff]
Jul 19 12:16:05 funbox10 kernel: [    0.000000] kvm-clock: Using msrs 4b564d01 and 4b564d00
Jul 19 12:16:05 funbox10 kernel: [    0.000000] kvm-clock: cpu 0, msr 0:7ffe3001, primary cpu clock
Jul 19 12:16:05 funbox10 kernel: [    0.000000] kvm-clock: using sched offset of 6259978742 cycles
Jul 19 12:16:05 funbox10 kernel: [    0.000000] clocksource: kvm-clock: mask: 0xffffffffffffffff max_cycles: 0x1cd42e4dffb, max_idle_ns: 881590591483 ns
Jul 19 12:16:05 funbox10 kernel: [    0.000000] Zone ranges:
Jul 19 12:16:05 funbox10 kernel: [    0.000000]   DMA      [mem 0x0000000000001000-0x0000000000ffffff]
Jul 19 12:16:05 funbox10 kernel: [    0.000000]   DMA32    [mem 0x0000000001000000-0x000000007ffeffff]
Jul 19 12:16:05 funbox10 kernel: [    0.000000]   Normal   empty
Jul 19 12:16:05 funbox10 kernel: [    0.000000]   Device   empty
Jul 19 12:16:05 funbox10 kernel: [    0.000000] Movable zone start for each node
Jul 19 12:16:05 funbox10 kernel: [    0.000000] Early memory node ranges
Jul 19 12:16:05 funbox10 kernel: [    0.000000]   node   0: [mem 0x0000000000001000-0x000000000009efff]
Jul 19 12:16:05 funbox10 kernel: [    0.000000]   node   0: [mem 0x0000000000100000-0x000000007ffeffff]
Jul 19 12:16:05 funbox10 kernel: [    0.000000] Initmem setup node 0 [mem 0x0000000000001000-0x000000007ffeffff]
Jul 19 12:16:05 funbox10 kernel: [    0.000000] On node 0 totalpages: 524174
Jul 19 12:16:05 funbox10 kernel: [    0.000000]   DMA zone: 64 pages used for memmap
Jul 19 12:16:05 funbox10 kernel: [    0.000000]   DMA zone: 22 pages reserved
Jul 19 12:16:05 funbox10 kernel: [    0.000000]   DMA zone: 3998 pages, LIFO batch:0
Jul 19 12:16:05 funbox10 kernel: [    0.000000]   DMA32 zone: 8128 pages used for memmap
Jul 19 12:16:05 funbox10 kernel: [    0.000000]   DMA32 zone: 520176 pages, LIFO batch:31
Jul 19 12:16:05 funbox10 kernel: [    0.000000] ACPI: PM-Timer IO Port: 0x4008
Jul 19 12:16:05 funbox10 kernel: [    0.000000] ACPI: Local APIC address 0xfee00000
Jul 19 12:16:05 funbox10 kernel: [    0.000000] IOAPIC[0]: apic_id 2, version 32, address 0xfec00000, GSI 0-23
Jul 19 12:16:05 funbox10 kernel: [    0.000000] ACPI: INT_SRC_OVR (bus 0 bus_irq 0 global_irq 2 dfl dfl)
Jul 19 12:16:05 funbox10 kernel: [    0.000000] ACPI: INT_SRC_OVR (bus 0 bus_irq 9 global_irq 9 low level)
Jul 19 12:16:05 funbox10 kernel: [    0.000000] ACPI: IRQ0 used by override.
Jul 19 12:16:05 funbox10 kernel: [    0.000000] ACPI: IRQ9 used by override.
Jul 19 12:16:05 funbox10 kernel: [    0.000000] Using ACPI (MADT) for SMP configuration information
Jul 19 12:16:05 funbox10 kernel: [    0.000000] smpboot: Allowing 2 CPUs, 0 hotplug CPUs
Jul 19 12:16:05 funbox10 kernel: [    0.000000] PM: Registered nosave memory: [mem 0x00000000-0x00000fff]
Jul 19 12:16:05 funbox10 kernel: [    0.000000] PM: Registered nosave memory: [mem 0x0009f000-0x0009ffff]
Jul 19 12:16:05 funbox10 kernel: [    0.000000] PM: Registered nosave memory: [mem 0x000a0000-0x000effff]
Jul 19 12:16:05 funbox10 kernel: [    0.000000] PM: Registered nosave memory: [mem 0x000f0000-0x000fffff]
Jul 19 12:16:05 funbox10 kernel: [    0.000000] e820: [mem 0x80000000-0xfebfffff] available for PCI devices
Jul 19 12:16:05 funbox10 kernel: [    0.000000] Booting paravirtualized kernel on KVM
Jul 19 12:16:05 funbox10 kernel: [    0.000000] clocksource: refined-jiffies: mask: 0xffffffff max_cycles: 0xffffffff, max_idle_ns: 7645519600211568 ns
Jul 19 12:16:05 funbox10 kernel: [    0.000000] setup_percpu: NR_CPUS:512 nr_cpumask_bits:512 nr_cpu_ids:2 nr_node_ids:1
Jul 19 12:16:05 funbox10 kernel: [    0.000000] PERCPU: Embedded 33 pages/cpu @ffff88007fc00000 s95192 r8192 d31784 u1048576
Jul 19 12:16:05 funbox10 kernel: [    0.000000] pcpu-alloc: s95192 r8192 d31784 u1048576 alloc=1*2097152
Jul 19 12:16:05 funbox10 kernel: [    0.000000] pcpu-alloc: [0] 0 1 
Jul 19 12:16:05 funbox10 kernel: [    0.000000] Built 1 zonelists in Node order, mobility grouping on.  Total pages: 515960
Jul 19 12:16:05 funbox10 kernel: [    0.000000] Policy zone: DMA32
Jul 19 12:16:05 funbox10 kernel: [    0.000000] Kernel command line: BOOT_IMAGE=/vmlinuz-4.4.0-210-generic root=/dev/mapper/funbox10--vg-root ro
Jul 19 12:16:05 funbox10 kernel: [    0.000000] PID hash table entries: 4096 (order: 3, 32768 bytes)
Jul 19 12:16:05 funbox10 kernel: [    0.000000] Calgary: detecting Calgary via BIOS EBDA area
Jul 19 12:16:05 funbox10 kernel: [    0.000000] Calgary: Unable to locate Rio Grande table in EBDA - bailing!
Jul 19 12:16:05 funbox10 kernel: [    0.000000] Memory: 2004052K/2096696K available (8644K kernel code, 1332K rwdata, 4044K rodata, 1492K init, 1164K bss, 92644K reserved, 0K cma-reserved)
Jul 19 12:16:05 funbox10 kernel: [    0.000000] SLUB: HWalign=64, Order=0-3, MinObjects=0, CPUs=2, Nodes=1
Jul 19 12:16:05 funbox10 kernel: [    0.000000] Kernel/User page tables isolation: enabled
Jul 19 12:16:05 funbox10 kernel: [    0.000000] Hierarchical RCU implementation.
Jul 19 12:16:05 funbox10 kernel: [    0.000000] 	Build-time adjustment of leaf fanout to 64.
Jul 19 12:16:05 funbox10 kernel: [    0.000000] 	RCU restricting CPUs from NR_CPUS=512 to nr_cpu_ids=2.
Jul 19 12:16:05 funbox10 kernel: [    0.000000] RCU: Adjusting geometry for rcu_fanout_leaf=64, nr_cpu_ids=2
Jul 19 12:16:05 funbox10 kernel: [    0.000000] NR_IRQS:33024 nr_irqs:440 16
Jul 19 12:16:05 funbox10 kernel: [    0.000000] Console: colour VGA+ 80x25
Jul 19 12:16:05 funbox10 kernel: [    0.000000] console [tty0] enabled
Jul 19 12:16:05 funbox10 kernel: [    0.000000] tsc: Detected 2904.004 MHz processor
Jul 19 12:16:05 funbox10 kernel: [    0.096315] Calibrating delay loop (skipped) preset value.. 5808.00 BogoMIPS (lpj=11616016)
Jul 19 12:16:05 funbox10 kernel: [    0.097174] pid_max: default: 32768 minimum: 301
Jul 19 12:16:05 funbox10 kernel: [    0.097619] ACPI: Core revision 20150930
Jul 19 12:16:05 funbox10 kernel: [    0.099494] ACPI: 2 ACPI AML tables successfully acquired and loaded
Jul 19 12:16:05 funbox10 kernel: [    0.100126] Security Framework initialized
Jul 19 12:16:05 funbox10 kernel: [    0.100581] Yama: becoming mindful.
Jul 19 12:16:05 funbox10 kernel: [    0.101014] AppArmor: AppArmor initialized
Jul 19 12:16:05 funbox10 kernel: [    0.104022] Dentry cache hash table entries: 262144 (order: 9, 2097152 bytes)
Jul 19 12:16:05 funbox10 kernel: [    0.104824] Inode-cache hash table entries: 131072 (order: 8, 1048576 bytes)
Jul 19 12:16:05 funbox10 kernel: [    0.107823] Mount-cache hash table entries: 4096 (order: 3, 32768 bytes)
Jul 19 12:16:05 funbox10 kernel: [    0.108332] Mountpoint-cache hash table entries: 4096 (order: 3, 32768 bytes)
Jul 19 12:16:05 funbox10 kernel: [    0.108969] Initializing cgroup subsys io
Jul 19 12:16:05 funbox10 kernel: [    0.109415] Initializing cgroup subsys memory
Jul 19 12:16:05 funbox10 kernel: [    0.109841] Initializing cgroup subsys devices
Jul 19 12:16:05 funbox10 kernel: [    0.110265] Initializing cgroup subsys freezer
Jul 19 12:16:05 funbox10 kernel: [    0.110689] Initializing cgroup subsys net_cls
Jul 19 12:16:05 funbox10 kernel: [    0.111113] Initializing cgroup subsys perf_event
Jul 19 12:16:05 funbox10 kernel: [    0.111546] Initializing cgroup subsys net_prio
Jul 19 12:16:05 funbox10 kernel: [    0.111974] Initializing cgroup subsys hugetlb
Jul 19 12:16:05 funbox10 kernel: [    0.112397] Initializing cgroup subsys pids
Jul 19 12:16:05 funbox10 kernel: [    0.113801] mce: CPU supports 0 MCE banks
Jul 19 12:16:05 funbox10 kernel: [    0.114233] Last level iTLB entries: 4KB 128, 2MB 8, 4MB 8
Jul 19 12:16:05 funbox10 kernel: [    0.114708] Last level dTLB entries: 4KB 64, 2MB 0, 4MB 0, 1GB 4
Jul 19 12:16:05 funbox10 kernel: [    0.115203] Spectre V1 : Mitigation: usercopy/swapgs barriers and __user pointer sanitization
Jul 19 12:16:05 funbox10 kernel: [    0.116024] Spectre V2 : Mitigation: Full generic retpoline
Jul 19 12:16:05 funbox10 kernel: [    0.116510] Spectre V2 : Spectre v2 / SpectreRSB mitigation: Filling RSB on context switch
Jul 19 12:16:05 funbox10 kernel: [    0.117323] Speculative Store Bypass: Vulnerable
Jul 19 12:16:05 funbox10 kernel: [    0.117765] SRBDS: Unknown: Dependent on hypervisor status
Jul 19 12:16:05 funbox10 kernel: [    0.118328] MDS: Mitigation: Clear CPU buffers
Jul 19 12:16:05 funbox10 kernel: [    0.121586] Freeing SMP alternatives memory: 36K
Jul 19 12:16:05 funbox10 kernel: [    0.128200] ftrace: allocating 32380 entries in 127 pages
Jul 19 12:16:05 funbox10 kernel: [    0.187814] smpboot: APIC(0) Converting physical 0 to logical package 0
Jul 19 12:16:05 funbox10 kernel: [    0.188339] smpboot: Max logical packages: 1
Jul 19 12:16:05 funbox10 kernel: [    0.189329] x2apic enabled
Jul 19 12:16:05 funbox10 kernel: [    0.190002] Switched APIC routing to physical x2apic.
Jul 19 12:16:05 funbox10 kernel: [    0.191796] ..TIMER: vector=0x30 apic1=0 pin1=2 apic2=-1 pin2=-1
Jul 19 12:16:05 funbox10 kernel: [    0.300425] smpboot: CPU0: Intel(R) Core(TM) i5-9400 CPU @ 2.90GHz (family: 0x6, model: 0x9e, stepping: 0xa)
Jul 19 12:16:05 funbox10 kernel: [    0.301467] Performance Events: unsupported p6 CPU model 158 no PMU driver, software events only.
Jul 19 12:16:05 funbox10 kernel: [    0.314135] KVM setup paravirtual spinlock
Jul 19 12:16:05 funbox10 kernel: [    0.317541] x86: Booting SMP configuration:
Jul 19 12:16:05 funbox10 kernel: [    0.317974] .... node  #0, CPUs:      #1
Jul 19 12:16:05 funbox10 kernel: [    0.318438] kvm-clock: cpu 1, msr 0:7ffe3041, secondary cpu clock
Jul 19 12:16:05 funbox10 kernel: [    0.319424] mce: CPU supports 0 MCE banks
Jul 19 12:16:05 funbox10 kernel: [    0.321485] x86: Booted up 1 node, 2 CPUs
Jul 19 12:16:05 funbox10 kernel: [    0.323136] smpboot: Total of 2 processors activated (11616.01 BogoMIPS)
Jul 19 12:16:05 funbox10 kernel: [    0.324134] devtmpfs: initialized
Jul 19 12:16:05 funbox10 kernel: [    0.325884] evm: security.selinux
Jul 19 12:16:05 funbox10 kernel: [    0.326286] evm: security.SMACK64
Jul 19 12:16:05 funbox10 kernel: [    0.326684] evm: security.SMACK64EXEC
Jul 19 12:16:05 funbox10 kernel: [    0.327093] evm: security.SMACK64TRANSMUTE
Jul 19 12:16:05 funbox10 kernel: [    0.327518] evm: security.SMACK64MMAP
Jul 19 12:16:05 funbox10 kernel: [    0.327928] evm: security.ima
Jul 19 12:16:05 funbox10 kernel: [    0.328565] evm: security.capability
Jul 19 12:16:05 funbox10 kernel: [    0.329160] clocksource: jiffies: mask: 0xffffffff max_cycles: 0xffffffff, max_idle_ns: 7645041785100000 ns
Jul 19 12:16:05 funbox10 kernel: [    0.329750] futex hash table entries: 512 (order: 3, 32768 bytes)
Jul 19 12:16:05 funbox10 kernel: [    0.330243] pinctrl core: initialized pinctrl subsystem
Jul 19 12:16:05 funbox10 kernel: [    0.330643] RTC time: 10:15:54, date: 07/19/21
Jul 19 12:16:05 funbox10 kernel: [    0.331092] NET: Registered protocol family 16
Jul 19 12:16:05 funbox10 kernel: [    0.340857] cpuidle: using governor ladder
Jul 19 12:16:05 funbox10 kernel: [    0.352568] cpuidle: using governor menu
Jul 19 12:16:05 funbox10 kernel: [    0.352870] PCCT header not found.
Jul 19 12:16:05 funbox10 kernel: [    0.353198] ACPI: bus type PCI registered
Jul 19 12:16:05 funbox10 kernel: [    0.353493] acpiphp: ACPI Hot Plug PCI Controller Driver version: 0.5
Jul 19 12:16:05 funbox10 kernel: [    0.353948] PCI: Using configuration type 1 for base access
Jul 19 12:16:05 funbox10 kernel: [    0.366084] ACPI: Added _OSI(Module Device)
Jul 19 12:16:05 funbox10 kernel: [    0.366387] ACPI: Added _OSI(Processor Device)
Jul 19 12:16:05 funbox10 kernel: [    0.366685] ACPI: Added _OSI(3.0 _SCP Extensions)
Jul 19 12:16:05 funbox10 kernel: [    0.366990] ACPI: Added _OSI(Processor Aggregator Device)
Jul 19 12:16:05 funbox10 kernel: [    0.368057] ACPI: Executed 1 blocks of module-level executable AML code
Jul 19 12:16:05 funbox10 kernel: [    0.370952] ACPI: Interpreter enabled
Jul 19 12:16:05 funbox10 kernel: [    0.371382] ACPI: (supports S0 S5)
Jul 19 12:16:05 funbox10 kernel: [    0.371785] ACPI: Using IOAPIC for interrupt routing
Jul 19 12:16:05 funbox10 kernel: [    0.372391] PCI: Using host bridge windows from ACPI; if necessary, use "pci=nocrs" and report a bug
Jul 19 12:16:05 funbox10 kernel: [    0.376815] ACPI: PCI Root Bridge [PCI0] (domain 0000 [bus 00-ff])
Jul 19 12:16:05 funbox10 kernel: [    0.377327] acpi PNP0A03:00: _OSC: OS supports [ASPM ClockPM Segments MSI]
Jul 19 12:16:05 funbox10 kernel: [    0.378145] acpi PNP0A03:00: _OSC: not requesting OS control; OS requires [ExtendedConfig ASPM ClockPM MSI]
Jul 19 12:16:05 funbox10 kernel: [    0.379016] acpi PNP0A03:00: fail to add MMCONFIG information, can't access extended PCI configuration space under this bridge.
Jul 19 12:16:05 funbox10 kernel: [    0.380276] PCI host bridge to bus 0000:00
Jul 19 12:16:05 funbox10 kernel: [    0.380704] pci_bus 0000:00: root bus resource [io  0x0000-0x0cf7 window]
Jul 19 12:16:05 funbox10 kernel: [    0.381224] pci_bus 0000:00: root bus resource [io  0x0d00-0xffff window]
Jul 19 12:16:05 funbox10 kernel: [    0.381742] pci_bus 0000:00: root bus resource [mem 0x000a0000-0x000bffff window]
Jul 19 12:16:05 funbox10 kernel: [    0.382526] pci_bus 0000:00: root bus resource [mem 0x80000000-0xfdffffff window]
Jul 19 12:16:05 funbox10 kernel: [    0.383496] pci_bus 0000:00: root bus resource [bus 00-ff]
Jul 19 12:16:05 funbox10 kernel: [    0.384267] pci 0000:00:00.0: [8086:1237] type 00 class 0x060000
Jul 19 12:16:05 funbox10 kernel: [    0.384928] pci 0000:00:01.0: [8086:7000] type 00 class 0x060100
Jul 19 12:16:05 funbox10 kernel: [    0.385682] pci 0000:00:01.1: [8086:7111] type 00 class 0x01018a
Jul 19 12:16:05 funbox10 kernel: [    0.386055] pci 0000:00:01.1: reg 0x20: [io  0xd000-0xd00f]
Jul 19 12:16:05 funbox10 kernel: [    0.386218] pci 0000:00:01.1: legacy IDE quirk: reg 0x10: [io  0x01f0-0x01f7]
Jul 19 12:16:05 funbox10 kernel: [    0.386756] pci 0000:00:01.1: legacy IDE quirk: reg 0x14: [io  0x03f6]
Jul 19 12:16:05 funbox10 kernel: [    0.404364] pci 0000:00:01.1: legacy IDE quirk: reg 0x18: [io  0x0170-0x0177]
Jul 19 12:16:05 funbox10 kernel: [    0.404909] pci 0000:00:01.1: legacy IDE quirk: reg 0x1c: [io  0x0376]
Jul 19 12:16:05 funbox10 kernel: [    0.405797] pci 0000:00:02.0: [15ad:0405] type 00 class 0x030000
Jul 19 12:16:05 funbox10 kernel: [    0.406825] pci 0000:00:02.0: reg 0x10: [io  0xd010-0xd01f]
Jul 19 12:16:05 funbox10 kernel: [    0.407769] pci 0000:00:02.0: reg 0x14: [mem 0xe0000000-0xe0ffffff pref]
Jul 19 12:16:05 funbox10 kernel: [    0.408619] pci 0000:00:02.0: reg 0x18: [mem 0xf0000000-0xf01fffff]
Jul 19 12:16:05 funbox10 kernel: [    0.412870] pci 0000:00:03.0: [8086:100e] type 00 class 0x020000
Jul 19 12:16:05 funbox10 kernel: [    0.413644] pci 0000:00:03.0: reg 0x10: [mem 0xf0200000-0xf021ffff]
Jul 19 12:16:05 funbox10 kernel: [    0.414918] pci 0000:00:03.0: reg 0x18: [io  0xd020-0xd027]
Jul 19 12:16:05 funbox10 kernel: [    0.417798] pci 0000:00:04.0: [80ee:cafe] type 00 class 0x088000
Jul 19 12:16:05 funbox10 kernel: [    0.418465] pci 0000:00:04.0: reg 0x10: [io  0xd040-0xd05f]
Jul 19 12:16:05 funbox10 kernel: [    0.419122] pci 0000:00:04.0: reg 0x14: [mem 0xf0400000-0xf07fffff]
Jul 19 12:16:05 funbox10 kernel: [    0.419757] pci 0000:00:04.0: reg 0x18: [mem 0xf0800000-0xf0803fff pref]
Jul 19 12:16:05 funbox10 kernel: [    0.423610] pci 0000:00:05.0: [8086:2415] type 00 class 0x040100
Jul 19 12:16:05 funbox10 kernel: [    0.423733] pci 0000:00:05.0: reg 0x10: [io  0xd100-0xd1ff]
Jul 19 12:16:05 funbox10 kernel: [    0.423803] pci 0000:00:05.0: reg 0x14: [io  0xd200-0xd23f]
Jul 19 12:16:05 funbox10 kernel: [    0.424438] pci 0000:00:06.0: [106b:003f] type 00 class 0x0c0310
Jul 19 12:16:05 funbox10 kernel: [    0.425655] pci 0000:00:06.0: reg 0x10: [mem 0xf0804000-0xf0804fff]
Jul 19 12:16:05 funbox10 kernel: [    0.429980] pci 0000:00:07.0: [8086:7113] type 00 class 0x068000
Jul 19 12:16:05 funbox10 kernel: [    0.430535] pci 0000:00:07.0: quirk: [io  0x4000-0x403f] claimed by PIIX4 ACPI
Jul 19 12:16:05 funbox10 kernel: [    0.431359] pci 0000:00:07.0: quirk: [io  0x4100-0x410f] claimed by PIIX4 SMB
Jul 19 12:16:05 funbox10 kernel: [    0.432207] pci 0000:00:0b.0: [8086:265c] type 00 class 0x0c0320
Jul 19 12:16:05 funbox10 kernel: [    0.432955] pci 0000:00:0b.0: reg 0x10: [mem 0xf0805000-0xf0805fff]
Jul 19 12:16:05 funbox10 kernel: [    0.437131] pci 0000:00:0d.0: [8086:2829] type 00 class 0x010601
Jul 19 12:16:05 funbox10 kernel: [    0.438347] pci 0000:00:0d.0: reg 0x10: [io  0xd240-0xd247]
Jul 19 12:16:05 funbox10 kernel: [    0.439163] pci 0000:00:0d.0: reg 0x14: [io  0xd248-0xd24b]
Jul 19 12:16:05 funbox10 kernel: [    0.439944] pci 0000:00:0d.0: reg 0x18: [io  0xd250-0xd257]
Jul 19 12:16:05 funbox10 kernel: [    0.440661] pci 0000:00:0d.0: reg 0x1c: [io  0xd258-0xd25b]
Jul 19 12:16:05 funbox10 kernel: [    0.441286] pci 0000:00:0d.0: reg 0x20: [io  0xd260-0xd26f]
Jul 19 12:16:05 funbox10 kernel: [    0.441918] pci 0000:00:0d.0: reg 0x24: [mem 0xf0806000-0xf0807fff]
Jul 19 12:16:05 funbox10 kernel: [    0.443934] ACPI: PCI Interrupt Link [LNKA] (IRQs 5 9 10 *11)
Jul 19 12:16:05 funbox10 kernel: [    0.444964] ACPI: PCI Interrupt Link [LNKB] (IRQs 5 9 *10 11)
Jul 19 12:16:05 funbox10 kernel: [    0.445857] ACPI: PCI Interrupt Link [LNKC] (IRQs 5 *9 10 11)
Jul 19 12:16:05 funbox10 kernel: [    0.446732] ACPI: PCI Interrupt Link [LNKD] (IRQs 5 9 10 *11)
Jul 19 12:16:05 funbox10 kernel: [    0.447635] ACPI: Enabled 2 GPEs in block 00 to 07
Jul 19 12:16:05 funbox10 kernel: [    0.448494] vgaarb: setting as boot device: PCI:0000:00:02.0
Jul 19 12:16:05 funbox10 kernel: [    0.448979] vgaarb: device added: PCI:0000:00:02.0,decodes=io+mem,owns=io+mem,locks=none
Jul 19 12:16:05 funbox10 kernel: [    0.450008] vgaarb: loaded
Jul 19 12:16:05 funbox10 kernel: [    0.450406] vgaarb: bridge control possible 0000:00:02.0
Jul 19 12:16:05 funbox10 kernel: [    0.451100] SCSI subsystem initialized
Jul 19 12:16:05 funbox10 kernel: [    0.451660] libata version 3.00 loaded.
Jul 19 12:16:05 funbox10 kernel: [    0.451686] ACPI: bus type USB registered
Jul 19 12:16:05 funbox10 kernel: [    0.452018] usbcore: registered new interface driver usbfs
Jul 19 12:16:05 funbox10 kernel: [    0.452503] usbcore: registered new interface driver hub
Jul 19 12:16:05 funbox10 kernel: [    0.452981] usbcore: registered new device driver usb
Jul 19 12:16:05 funbox10 kernel: [    0.453686] PCI: Using ACPI for IRQ routing
Jul 19 12:16:05 funbox10 kernel: [    0.454065] PCI: pci_cache_line_size set to 64 bytes
Jul 19 12:16:05 funbox10 kernel: [    0.454316] e820: reserve RAM buffer [mem 0x0009fc00-0x0009ffff]
Jul 19 12:16:05 funbox10 kernel: [    0.454321] e820: reserve RAM buffer [mem 0x7fff0000-0x7fffffff]
Jul 19 12:16:05 funbox10 kernel: [    0.454444] NetLabel: Initializing
Jul 19 12:16:05 funbox10 kernel: [    0.454872] NetLabel:  domain hash size = 128
Jul 19 12:16:05 funbox10 kernel: [    0.455422] NetLabel:  protocols = UNLABELED CIPSOv4
Jul 19 12:16:05 funbox10 kernel: [    0.455900] NetLabel:  unlabeled traffic allowed by default
Jul 19 12:16:05 funbox10 kernel: [    0.456580] amd_nb: Cannot enumerate AMD northbridges
Jul 19 12:16:05 funbox10 kernel: [    0.456983] clocksource: Switched to clocksource kvm-clock
Jul 19 12:16:05 funbox10 kernel: [    0.467227] AppArmor: AppArmor Filesystem Enabled
Jul 19 12:16:05 funbox10 kernel: [    0.467735] pnp: PnP ACPI init
Jul 19 12:16:05 funbox10 kernel: [    0.468177] pnp 00:00: Plug and Play ACPI device, IDs PNP0303 (active)
Jul 19 12:16:05 funbox10 kernel: [    0.468236] pnp 00:01: Plug and Play ACPI device, IDs PNP0f03 (active)
Jul 19 12:16:05 funbox10 kernel: [    0.468856] pnp: PnP ACPI: found 2 devices
Jul 19 12:16:05 funbox10 kernel: [    0.481315] clocksource: acpi_pm: mask: 0xffffff max_cycles: 0xffffff, max_idle_ns: 2085701024 ns
Jul 19 12:16:05 funbox10 kernel: [    0.482174] pci_bus 0000:00: resource 4 [io  0x0000-0x0cf7 window]
Jul 19 12:16:05 funbox10 kernel: [    0.482176] pci_bus 0000:00: resource 5 [io  0x0d00-0xffff window]
Jul 19 12:16:05 funbox10 kernel: [    0.482178] pci_bus 0000:00: resource 6 [mem 0x000a0000-0x000bffff window]
Jul 19 12:16:05 funbox10 kernel: [    0.482180] pci_bus 0000:00: resource 7 [mem 0x80000000-0xfdffffff window]
Jul 19 12:16:05 funbox10 kernel: [    0.482205] NET: Registered protocol family 2
Jul 19 12:16:05 funbox10 kernel: [    0.482823] TCP established hash table entries: 16384 (order: 5, 131072 bytes)
Jul 19 12:16:05 funbox10 kernel: [    0.483603] TCP bind hash table entries: 16384 (order: 6, 262144 bytes)
Jul 19 12:16:05 funbox10 kernel: [    0.484115] TCP: Hash tables configured (established 16384 bind 16384)
Jul 19 12:16:05 funbox10 kernel: [    0.484623] UDP hash table entries: 1024 (order: 3, 32768 bytes)
Jul 19 12:16:05 funbox10 kernel: [    0.485102] UDP-Lite hash table entries: 1024 (order: 3, 32768 bytes)
Jul 19 12:16:05 funbox10 kernel: [    0.485781] NET: Registered protocol family 1
Jul 19 12:16:05 funbox10 kernel: [    0.486495] pci 0000:00:00.0: Limiting direct PCI/PCI transfers
Jul 19 12:16:05 funbox10 kernel: [    0.487078] pci 0000:00:01.0: Activating ISA DMA hang workarounds
Jul 19 12:16:05 funbox10 kernel: [    0.487629] pci 0000:00:02.0: Video device with shadowed ROM
Jul 19 12:16:05 funbox10 kernel: [    0.489585] PCI: CLS 0 bytes, default 64
Jul 19 12:16:05 funbox10 kernel: [    0.489632] Unpacking initramfs...
Jul 19 12:16:05 funbox10 kernel: [    0.999783] Freeing initrd memory: 40820K
Jul 19 12:16:05 funbox10 kernel: [    1.000320] clocksource: tsc: mask: 0xffffffffffffffff max_cycles: 0x29dc09beef1, max_idle_ns: 440795310252 ns
Jul 19 12:16:05 funbox10 kernel: [    1.001286] platform rtc_cmos: registered platform RTC device (no PNP device found)
Jul 19 12:16:05 funbox10 kernel: [    1.002104] Scanning for low memory corruption every 60 seconds
Jul 19 12:16:05 funbox10 kernel: [    1.003113] audit: initializing netlink subsys (disabled)
Jul 19 12:16:05 funbox10 kernel: [    1.003460] audit: type=2000 audit(1626689762.789:1): initialized
Jul 19 12:16:05 funbox10 kernel: [    1.003986] Initialise system trusted keyring
Jul 19 12:16:05 funbox10 kernel: [    1.004583] HugeTLB registered 2 MB page size, pre-allocated 0 pages
Jul 19 12:16:05 funbox10 kernel: [    1.006060] zbud: loaded
Jul 19 12:16:05 funbox10 kernel: [    1.006766] VFS: Disk quotas dquot_6.6.0
Jul 19 12:16:05 funbox10 kernel: [    1.007079] VFS: Dquot-cache hash table entries: 512 (order 0, 4096 bytes)
Jul 19 12:16:05 funbox10 kernel: [    1.007607] squashfs: version 4.0 (2009/01/31) Phillip Lougher
Jul 19 12:16:05 funbox10 kernel: [    1.008264] fuse init (API version 7.23)
Jul 19 12:16:05 funbox10 kernel: [    1.008749] Key type big_key registered
Jul 19 12:16:05 funbox10 kernel: [    1.009061] Allocating IMA MOK and blacklist keyrings.
Jul 19 12:16:05 funbox10 kernel: [    1.010779] Key type asymmetric registered
Jul 19 12:16:05 funbox10 kernel: [    1.011064] Asymmetric key parser 'x509' registered
Jul 19 12:16:05 funbox10 kernel: [    1.011442] Block layer SCSI generic (bsg) driver version 0.4 loaded (major 249)
Jul 19 12:16:05 funbox10 kernel: [    1.012319] io scheduler noop registered
Jul 19 12:16:05 funbox10 kernel: [    1.012762] io scheduler deadline registered (default)
Jul 19 12:16:05 funbox10 kernel: [    1.013286] io scheduler cfq registered
Jul 19 12:16:05 funbox10 kernel: [    1.013777] pci_hotplug: PCI Hot Plug PCI Core version: 0.5
Jul 19 12:16:05 funbox10 kernel: [    1.014260] pciehp: PCI Express Hot Plug Controller Driver version: 0.4
Jul 19 12:16:05 funbox10 kernel: [    1.014799] intel_idle: does not run on family 6 model 158
Jul 19 12:16:05 funbox10 kernel: [    1.014877] ACPI: AC Adapter [AC] (on-line)
Jul 19 12:16:05 funbox10 kernel: [    1.015355] input: Power Button as /devices/LNXSYSTM:00/LNXPWRBN:00/input/input0
Jul 19 12:16:05 funbox10 kernel: [    1.016139] ACPI: Power Button [PWRF]
Jul 19 12:16:05 funbox10 kernel: [    1.016619] input: Sleep Button as /devices/LNXSYSTM:00/LNXSLPBN:00/input/input1
Jul 19 12:16:05 funbox10 kernel: [    1.017699] ACPI: Sleep Button [SLPF]
Jul 19 12:16:05 funbox10 kernel: [    1.018348] GHES: HEST is not enabled!
Jul 19 12:16:05 funbox10 kernel: [    1.018773] Serial: 8250/16550 driver, 32 ports, IRQ sharing enabled
Jul 19 12:16:05 funbox10 kernel: [    1.020827] Linux agpgart interface v0.103
Jul 19 12:16:05 funbox10 kernel: [    1.023509] loop: module loaded
Jul 19 12:16:05 funbox10 kernel: [    1.023869] ata_piix 0000:00:01.1: version 2.13
Jul 19 12:16:05 funbox10 kernel: [    1.024398] scsi host0: ata_piix
Jul 19 12:16:05 funbox10 kernel: [    1.024832] scsi host1: ata_piix
Jul 19 12:16:05 funbox10 kernel: [    1.025155] ata1: PATA max UDMA/33 cmd 0x1f0 ctl 0x3f6 bmdma 0xd000 irq 14
Jul 19 12:16:05 funbox10 kernel: [    1.025519] ata2: PATA max UDMA/33 cmd 0x170 ctl 0x376 bmdma 0xd008 irq 15
Jul 19 12:16:05 funbox10 kernel: [    1.025966] libphy: Fixed MDIO Bus: probed
Jul 19 12:16:05 funbox10 kernel: [    1.026398] tun: Universal TUN/TAP device driver, 1.6
Jul 19 12:16:05 funbox10 kernel: [    1.026859] tun: (C) 1999-2004 Max Krasnyansky <maxk@qualcomm.com>
Jul 19 12:16:05 funbox10 kernel: [    1.027701] PPP generic driver version 2.4.2
Jul 19 12:16:05 funbox10 kernel: [    1.028231] ehci_hcd: USB 2.0 'Enhanced' Host Controller (EHCI) Driver
Jul 19 12:16:05 funbox10 kernel: [    1.028588] ehci-pci: EHCI PCI platform driver
Jul 19 12:16:05 funbox10 kernel: [    1.029402] ehci-pci 0000:00:0b.0: EHCI Host Controller
Jul 19 12:16:05 funbox10 kernel: [    1.029871] ehci-pci 0000:00:0b.0: new USB bus registered, assigned bus number 1
Jul 19 12:16:05 funbox10 kernel: [    1.030872] ehci-pci 0000:00:0b.0: irq 19, io mem 0xf0805000
Jul 19 12:16:05 funbox10 kernel: [    1.100744] ehci-pci 0000:00:0b.0: USB 2.0 started, EHCI 1.00
Jul 19 12:16:05 funbox10 kernel: [    1.101126] usb usb1: New USB device found, idVendor=1d6b, idProduct=0002
Jul 19 12:16:05 funbox10 kernel: [    1.101483] usb usb1: New USB device strings: Mfr=3, Product=2, SerialNumber=1
Jul 19 12:16:05 funbox10 kernel: [    1.102008] usb usb1: Product: EHCI Host Controller
Jul 19 12:16:05 funbox10 kernel: [    1.102320] usb usb1: Manufacturer: Linux 4.4.0-210-generic ehci_hcd
Jul 19 12:16:05 funbox10 kernel: [    1.102754] usb usb1: SerialNumber: 0000:00:0b.0
Jul 19 12:16:05 funbox10 kernel: [    1.103404] hub 1-0:1.0: USB hub found
Jul 19 12:16:05 funbox10 kernel: [    1.103699] hub 1-0:1.0: 12 ports detected
Jul 19 12:16:05 funbox10 kernel: [    1.104156] ehci-platform: EHCI generic platform driver
Jul 19 12:16:05 funbox10 kernel: [    1.104487] ohci_hcd: USB 1.1 'Open' Host Controller (OHCI) Driver
Jul 19 12:16:05 funbox10 kernel: [    1.105003] ohci-pci: OHCI PCI platform driver
Jul 19 12:16:05 funbox10 kernel: [    1.105960] ohci-pci 0000:00:06.0: OHCI PCI host controller
Jul 19 12:16:05 funbox10 kernel: [    1.106445] ohci-pci 0000:00:06.0: new USB bus registered, assigned bus number 2
Jul 19 12:16:05 funbox10 kernel: [    1.107312] ohci-pci 0000:00:06.0: irq 22, io mem 0xf0804000
Jul 19 12:16:05 funbox10 kernel: [    1.178755] usb usb2: New USB device found, idVendor=1d6b, idProduct=0001
Jul 19 12:16:05 funbox10 kernel: [    1.179283] usb usb2: New USB device strings: Mfr=3, Product=2, SerialNumber=1
Jul 19 12:16:05 funbox10 kernel: [    1.180060] usb usb2: Product: OHCI PCI host controller
Jul 19 12:16:05 funbox10 kernel: [    1.180526] usb usb2: Manufacturer: Linux 4.4.0-210-generic ohci_hcd
Jul 19 12:16:05 funbox10 kernel: [    1.181066] usb usb2: SerialNumber: 0000:00:06.0
Jul 19 12:16:05 funbox10 kernel: [    1.181717] hub 2-0:1.0: USB hub found
Jul 19 12:16:05 funbox10 kernel: [    1.182018] hub 2-0:1.0: 12 ports detected
Jul 19 12:16:05 funbox10 kernel: [    1.182657] ohci-platform: OHCI generic platform driver
Jul 19 12:16:05 funbox10 kernel: [    1.183137] uhci_hcd: USB Universal Host Controller Interface driver
Jul 19 12:16:05 funbox10 kernel: [    1.183735] i8042: PNP: PS/2 Controller [PNP0303:PS2K,PNP0f03:PS2M] at 0x60,0x64 irq 1,12
Jul 19 12:16:05 funbox10 kernel: [    1.185061] serio: i8042 KBD port at 0x60,0x64 irq 1
Jul 19 12:16:05 funbox10 kernel: [    1.185552] serio: i8042 AUX port at 0x60,0x64 irq 12
Jul 19 12:16:05 funbox10 kernel: [    1.193190] mousedev: PS/2 mouse device common for all mice
Jul 19 12:16:05 funbox10 kernel: [    1.193378] ata2.00: ATAPI: VBOX CD-ROM, 1.0, max UDMA/133
Jul 19 12:16:05 funbox10 kernel: [    1.193730] ata2.00: configured for UDMA/33
Jul 19 12:16:05 funbox10 kernel: [    1.194227] scsi 1:0:0:0: CD-ROM            VBOX     CD-ROM           1.0  PQ: 0 ANSI: 5
Jul 19 12:16:05 funbox10 kernel: [    1.195868] rtc_cmos rtc_cmos: rtc core: registered rtc_cmos as rtc0
Jul 19 12:16:05 funbox10 kernel: [    1.196455] rtc_cmos rtc_cmos: alarms up to one day, 114 bytes nvram
Jul 19 12:16:05 funbox10 kernel: [    1.196981] i2c /dev entries driver
Jul 19 12:16:05 funbox10 kernel: [    1.197526] input: AT Translated Set 2 keyboard as /devices/platform/i8042/serio0/input/input2
Jul 19 12:16:05 funbox10 kernel: [    1.198431] device-mapper: uevent: version 1.0.3
Jul 19 12:16:05 funbox10 kernel: [    1.198996] device-mapper: ioctl: 4.34.0-ioctl (2015-10-28) initialised: dm-devel@redhat.com
Jul 19 12:16:05 funbox10 kernel: [    1.200040] ledtrig-cpu: registered to indicate activity on CPUs
Jul 19 12:16:05 funbox10 kernel: [    1.201372] sr 1:0:0:0: [sr0] scsi3-mmc drive: 32x/32x xa/form2 tray
Jul 19 12:16:05 funbox10 kernel: [    1.201585] NET: Registered protocol family 10
Jul 19 12:16:05 funbox10 kernel: [    1.202347] cdrom: Uniform CD-ROM driver Revision: 3.20
Jul 19 12:16:05 funbox10 kernel: [    1.202949] NET: Registered protocol family 17
Jul 19 12:16:05 funbox10 kernel: [    1.202988] sr 1:0:0:0: Attached scsi CD-ROM sr0
Jul 19 12:16:05 funbox10 kernel: [    1.203380] Key type dns_resolver registered
Jul 19 12:16:05 funbox10 kernel: [    1.203933] sr 1:0:0:0: Attached scsi generic sg0 type 5
Jul 19 12:16:05 funbox10 kernel: [    1.204160] registered taskstats version 1
Jul 19 12:16:05 funbox10 kernel: [    1.204169] Loading compiled-in X.509 certificates
Jul 19 12:16:05 funbox10 kernel: [    1.204650] Loaded X.509 cert 'Build time autogenerated kernel key: cf00e047681d67edb2720680708b7d9498083038'
Jul 19 12:16:05 funbox10 kernel: [    1.204673] zswap: loaded using pool lzo/zbud
Jul 19 12:16:05 funbox10 kernel: [    1.206842] Key type trusted registered
Jul 19 12:16:05 funbox10 kernel: [    1.210859] Key type encrypted registered
Jul 19 12:16:05 funbox10 kernel: [    1.211306] AppArmor: AppArmor sha1 policy hashing enabled
Jul 19 12:16:05 funbox10 kernel: [    1.211787] ima: No TPM chip found, activating TPM-bypass!
Jul 19 12:16:05 funbox10 kernel: [    1.212268] ima: Allocated hash algorithm: sha1
Jul 19 12:16:05 funbox10 kernel: [    1.212726] evm: HMAC attrs: 0x1
Jul 19 12:16:05 funbox10 kernel: [    1.213620]   Magic number: 13:213:275
Jul 19 12:16:05 funbox10 kernel: [    1.213922] usb usb1-port3: hash matches
Jul 19 12:16:05 funbox10 kernel: [    1.214223] tty tty12: hash matches
Jul 19 12:16:05 funbox10 kernel: [    1.214591] rtc_cmos rtc_cmos: setting system clock to 2021-07-19 10:15:55 UTC (1626689755)
Jul 19 12:16:05 funbox10 kernel: [    1.215301] BIOS EDD facility v0.16 2004-Jun-25, 0 devices found
Jul 19 12:16:05 funbox10 kernel: [    1.215648] EDD information not available.
Jul 19 12:16:05 funbox10 kernel: [    1.216079] PM: Hibernation image not present or could not be loaded.
Jul 19 12:16:05 funbox10 kernel: [    1.216789] Freeing unused kernel memory: 1492K
Jul 19 12:16:05 funbox10 kernel: [    1.229507] Write protecting the kernel read-only data: 14336k
Jul 19 12:16:05 funbox10 kernel: [    1.230431] Freeing unused kernel memory: 1584K
Jul 19 12:16:05 funbox10 kernel: [    1.231042] Freeing unused kernel memory: 52K
Jul 19 12:16:05 funbox10 kernel: [    1.243907] random: systemd-udevd: uninitialized urandom read (16 bytes read, 3 bits of entropy available)
Jul 19 12:16:05 funbox10 kernel: [    1.244463] random: udevadm: uninitialized urandom read (16 bytes read, 3 bits of entropy available)
Jul 19 12:16:05 funbox10 kernel: [    1.244480] random: udevadm: uninitialized urandom read (16 bytes read, 3 bits of entropy available)
Jul 19 12:16:05 funbox10 kernel: [    1.246753] random: systemd-udevd: uninitialized urandom read (16 bytes read, 3 bits of entropy available)
Jul 19 12:16:05 funbox10 kernel: [    1.247694] random: systemd-udevd: uninitialized urandom read (16 bytes read, 3 bits of entropy available)
Jul 19 12:16:05 funbox10 kernel: [    1.248624] random: systemd-udevd: uninitialized urandom read (16 bytes read, 3 bits of entropy available)
Jul 19 12:16:05 funbox10 kernel: [    1.252041] random: udevadm: uninitialized urandom read (16 bytes read, 3 bits of entropy available)
Jul 19 12:16:05 funbox10 kernel: [    1.252075] random: udevadm: uninitialized urandom read (16 bytes read, 3 bits of entropy available)
Jul 19 12:16:05 funbox10 kernel: [    1.252199] random: udevadm: uninitialized urandom read (16 bytes read, 3 bits of entropy available)
Jul 19 12:16:05 funbox10 kernel: [    1.252244] random: udevadm: uninitialized urandom read (16 bytes read, 3 bits of entropy available)
Jul 19 12:16:05 funbox10 kernel: [    1.295457] ACPI: Video Device [GFX0] (multi-head: yes  rom: no  post: no)
Jul 19 12:16:05 funbox10 kernel: [    1.296064] input: Video Bus as /devices/LNXSYSTM:00/LNXSYBUS:00/PNP0A03:00/LNXVIDEO:00/input/input4
Jul 19 12:16:05 funbox10 kernel: [    1.307988] ahci 0000:00:0d.0: version 3.0
Jul 19 12:16:05 funbox10 kernel: [    1.308331] e1000: Intel(R) PRO/1000 Network Driver - version 7.3.21-k8-NAPI
Jul 19 12:16:05 funbox10 kernel: [    1.308596] ahci 0000:00:0d.0: SSS flag set, parallel bus scan disabled
Jul 19 12:16:05 funbox10 kernel: [    1.308789] ahci 0000:00:0d.0: AHCI 0001.0100 32 slots 1 ports 3 Gbps 0x1 impl SATA mode
Jul 19 12:16:05 funbox10 kernel: [    1.308791] ahci 0000:00:0d.0: flags: 64bit ncq stag only ccc 
Jul 19 12:16:05 funbox10 kernel: [    1.310774] e1000: Copyright (c) 1999-2006 Intel Corporation.
Jul 19 12:16:05 funbox10 kernel: [    1.312304] [drm] Initialized drm 1.1.0 20060810
Jul 19 12:16:05 funbox10 kernel: [    1.317596] scsi host2: ahci
Jul 19 12:16:05 funbox10 kernel: [    1.318042] ata3: SATA max UDMA/133 abar m8192@0xf0806000 port 0xf0806100 irq 21
Jul 19 12:16:05 funbox10 kernel: [    1.524584] input: ImExPS/2 Generic Explorer Mouse as /devices/platform/i8042/serio1/input/input5
Jul 19 12:16:05 funbox10 kernel: [    1.597045] usb 2-1: new full-speed USB device number 2 using ohci-pci
Jul 19 12:16:05 funbox10 kernel: [    1.641114] ata3: SATA link up 3.0 Gbps (SStatus 123 SControl 300)
Jul 19 12:16:05 funbox10 kernel: [    1.641805] ata3.00: ATA-6: VBOX HARDDISK, 1.0, max UDMA/133
Jul 19 12:16:05 funbox10 kernel: [    1.642375] ata3.00: 10485760 sectors, multi 128: LBA48 NCQ (depth 31/32)
Jul 19 12:16:05 funbox10 kernel: [    1.643203] ata3.00: configured for UDMA/133
Jul 19 12:16:05 funbox10 kernel: [    1.644282] scsi 2:0:0:0: Direct-Access     ATA      VBOX HARDDISK    1.0  PQ: 0 ANSI: 5
Jul 19 12:16:05 funbox10 kernel: [    1.645537] sd 2:0:0:0: [sda] 10485760 512-byte logical blocks: (5.37 GB/5.00 GiB)
Jul 19 12:16:05 funbox10 kernel: [    1.647061] sd 2:0:0:0: [sda] Write Protect is off
Jul 19 12:16:05 funbox10 kernel: [    1.647475] sd 2:0:0:0: [sda] Mode Sense: 00 3a 00 00
Jul 19 12:16:05 funbox10 kernel: [    1.647495] sd 2:0:0:0: [sda] Write cache: enabled, read cache: enabled, doesn't support DPO or FUA
Jul 19 12:16:05 funbox10 kernel: [    1.648272] sd 2:0:0:0: Attached scsi generic sg1 type 0
Jul 19 12:16:05 funbox10 kernel: [    1.652254]  sda: sda1 sda2 < sda5 >
Jul 19 12:16:05 funbox10 kernel: [    1.654216] sd 2:0:0:0: [sda] Attached SCSI disk
Jul 19 12:16:05 funbox10 kernel: [    1.738788] e1000 0000:00:03.0 eth0: (PCI:33MHz:32-bit) 08:00:27:6f:b6:42
Jul 19 12:16:05 funbox10 kernel: [    1.739336] e1000 0000:00:03.0 eth0: Intel(R) PRO/1000 Network Connection
Jul 19 12:16:05 funbox10 kernel: [    1.740955] [drm] DMA map mode: Using physical TTM page addresses.
Jul 19 12:16:05 funbox10 kernel: [    1.741769] e1000 0000:00:03.0 enp0s3: renamed from eth0
Jul 19 12:16:05 funbox10 kernel: [    1.742707] [drm] Capabilities:
Jul 19 12:16:05 funbox10 kernel: [    1.743126] [drm]   Cursor.
Jul 19 12:16:05 funbox10 kernel: [    1.743559] [drm]   Cursor bypass 2.
Jul 19 12:16:05 funbox10 kernel: [    1.743994] [drm]   Alpha cursor.
Jul 19 12:16:05 funbox10 kernel: [    1.744401] [drm]   3D.
Jul 19 12:16:05 funbox10 kernel: [    1.744771] [drm]   Extended Fifo.
Jul 19 12:16:05 funbox10 kernel: [    1.745170] [drm]   Pitchlock.
Jul 19 12:16:05 funbox10 kernel: [    1.745561] [drm]   Irq mask.
Jul 19 12:16:05 funbox10 kernel: [    1.745964] [drm]   GMR.
Jul 19 12:16:05 funbox10 kernel: [    1.746333] [drm]   Traces.
Jul 19 12:16:05 funbox10 kernel: [    1.746712] [drm]   GMR2.
Jul 19 12:16:05 funbox10 kernel: [    1.747085] [drm]   Screen Object 2.
Jul 19 12:16:05 funbox10 kernel: [    1.747491] [drm] Max GMR ids is 8192
Jul 19 12:16:05 funbox10 kernel: [    1.747899] [drm] Max number of GMR pages is 1048576
Jul 19 12:16:05 funbox10 kernel: [    1.748353] [drm] Max dedicated hypervisor surface memory is 507904 kiB
Jul 19 12:16:05 funbox10 kernel: [    1.748862] [drm] Maximum display memory size is 16384 kiB
Jul 19 12:16:05 funbox10 kernel: [    1.749371] [drm] VRAM at 0xe0000000 size is 16384 kiB
Jul 19 12:16:05 funbox10 kernel: [    1.750877] [drm] MMIO at 0xf0000000 size is 2048 kiB
Jul 19 12:16:05 funbox10 kernel: [    1.751337] [drm] global init.
Jul 19 12:16:05 funbox10 kernel: [    1.751836] [TTM] Zone  kernel: Available graphics memory: 1024018 kiB
Jul 19 12:16:05 funbox10 kernel: [    1.752188] [TTM] Initializing pool allocator
Jul 19 12:16:05 funbox10 kernel: [    1.752486] [TTM] Initializing DMA pool allocator
Jul 19 12:16:05 funbox10 kernel: [    1.752864] [drm] Supports vblank timestamp caching Rev 2 (21.10.2013).
Jul 19 12:16:05 funbox10 kernel: [    1.753213] [drm] No driver support for vblank timestamp query.
Jul 19 12:16:05 funbox10 kernel: [    1.753821] [drm] Screen Objects Display Unit initialized
Jul 19 12:16:05 funbox10 kernel: [    1.754353] [drm] width 720
Jul 19 12:16:05 funbox10 kernel: [    1.754832] [drm] height 400
Jul 19 12:16:05 funbox10 kernel: [    1.755234] [drm] bpp 32
Jul 19 12:16:05 funbox10 kernel: [    1.755829] [drm] Fifo max 0x00200000 min 0x00001000 cap 0x00000355
Jul 19 12:16:05 funbox10 kernel: [    1.758515] [drm] DX: no.
Jul 19 12:16:05 funbox10 kernel: [    1.761929] fbcon: svgadrmfb (fb0) is primary device
Jul 19 12:16:05 funbox10 kernel: [    1.785359] Console: switching to colour frame buffer device 100x37
Jul 19 12:16:05 funbox10 kernel: [    1.785983] [drm] Initialized vmwgfx 2.9.0 20150810 for 0000:00:02.0 on minor 0
Jul 19 12:16:05 funbox10 kernel: [    1.872903] md: linear personality registered for level -1
Jul 19 12:16:05 funbox10 kernel: [    1.875824] md: multipath personality registered for level -4
Jul 19 12:16:05 funbox10 kernel: [    1.878244] md: raid0 personality registered for level 0
Jul 19 12:16:05 funbox10 kernel: [    1.882417] md: raid1 personality registered for level 1
Jul 19 12:16:05 funbox10 kernel: [    1.893206] usb 2-1: New USB device found, idVendor=80ee, idProduct=0021
Jul 19 12:16:05 funbox10 kernel: [    1.893228] usb 2-1: New USB device strings: Mfr=1, Product=3, SerialNumber=0
Jul 19 12:16:05 funbox10 kernel: [    1.893243] usb 2-1: Product: USB Tablet
Jul 19 12:16:05 funbox10 kernel: [    1.893252] usb 2-1: Manufacturer: VirtualBox
Jul 19 12:16:05 funbox10 kernel: [    1.903682] hidraw: raw HID events driver (C) Jiri Kosina
Jul 19 12:16:05 funbox10 kernel: [    1.916864] usbcore: registered new interface driver usbhid
Jul 19 12:16:05 funbox10 kernel: [    1.917170] usbhid: USB HID core driver
Jul 19 12:16:05 funbox10 kernel: [    1.927390] input: VirtualBox USB Tablet as /devices/pci0000:00/0000:00:06.0/usb2/2-1/2-1:1.0/0003:80EE:0021.0001/input/input6
Jul 19 12:16:05 funbox10 kernel: [    1.928230] hid-generic 0003:80EE:0021.0001: input,hidraw0: USB HID v1.10 Mouse [VirtualBox USB Tablet] on usb-0000:00:06.0-1/input0
Jul 19 12:16:05 funbox10 kernel: [    1.953035] raid6: sse2x1   gen() 11936 MB/s
Jul 19 12:16:05 funbox10 kernel: [    2.020991] raid6: sse2x1   xor()  9062 MB/s
Jul 19 12:16:05 funbox10 kernel: [    2.089038] raid6: sse2x2   gen() 16619 MB/s
Jul 19 12:16:05 funbox10 kernel: [    2.157040] raid6: sse2x2   xor() 11422 MB/s
Jul 19 12:16:05 funbox10 kernel: [    2.225037] raid6: sse2x4   gen() 18940 MB/s
Jul 19 12:16:05 funbox10 kernel: [    2.293051] raid6: sse2x4   xor() 12225 MB/s
Jul 19 12:16:05 funbox10 kernel: [    2.361074] raid6: avx2x1   gen() 26329 MB/s
Jul 19 12:16:05 funbox10 kernel: [    2.429040] raid6: avx2x2   gen() 28953 MB/s
Jul 19 12:16:05 funbox10 kernel: [    2.497056] raid6: avx2x4   gen() 33579 MB/s
Jul 19 12:16:05 funbox10 kernel: [    2.497457] raid6: using algorithm avx2x4 gen() 33579 MB/s
Jul 19 12:16:05 funbox10 kernel: [    2.497748] raid6: using avx2x2 recovery algorithm
Jul 19 12:16:05 funbox10 kernel: [    2.500328] xor: automatically using best checksumming function:
Jul 19 12:16:05 funbox10 kernel: [    2.537039]    avx       : 28056.000 MB/sec
Jul 19 12:16:05 funbox10 kernel: [    2.538162] async_tx: api initialized (async)
Jul 19 12:16:05 funbox10 kernel: [    2.545318] md: raid6 personality registered for level 6
Jul 19 12:16:05 funbox10 kernel: [    2.545608] md: raid5 personality registered for level 5
Jul 19 12:16:05 funbox10 kernel: [    2.545882] md: raid4 personality registered for level 4
Jul 19 12:16:05 funbox10 kernel: [    2.551249] md: raid10 personality registered for level 10
Jul 19 12:16:05 funbox10 kernel: [    2.689644] Btrfs loaded
Jul 19 12:16:05 funbox10 kernel: [    3.119984] EXT4-fs (dm-0): mounted filesystem with ordered data mode. Opts: (null)
Jul 19 12:16:05 funbox10 kernel: [    3.706925] random: nonblocking pool is initialized
Jul 19 12:16:05 funbox10 kernel: [    3.757644] Loading iSCSI transport class v2.0-870.
Jul 19 12:16:05 funbox10 kernel: [    3.766981] EXT4-fs (dm-0): re-mounted. Opts: errors=remount-ro
Jul 19 12:16:05 funbox10 kernel: [    3.787265] iscsi: registered transport (tcp)
Jul 19 12:16:05 funbox10 kernel: [    3.871128] iscsi: registered transport (iser)
Jul 19 12:16:05 funbox10 kernel: [    4.056383] piix4_smbus 0000:00:07.0: SMBus Host Controller at 0x4100, revision 0
