Jun 24 19:29:37 funbox10 rsyslogd: [origin software="rsyslogd" swVersion="8.16.0" x-pid="772" x-info="http://www.rsyslog.com"] start
Jun 24 19:29:37 funbox10 rsyslogd-2222: command 'KLogPermitNonKernelFacility' is currently not permitted - did you already set it via a RainerScript command (v6+ config)? [v8.16.0 try http://www.rsyslog.com/e/2222 ]
Jun 24 19:29:37 funbox10 rsyslogd: rsyslogd's groupid changed to 108
Jun 24 19:29:37 funbox10 rsyslogd: rsyslogd's userid changed to 104
Jun 24 19:29:37 funbox10 systemd-modules-load[353]: Inserted module 'iscsi_tcp'
Jun 24 19:29:37 funbox10 systemd[1]: Starting Flush Journal to Persistent Storage...
Jun 24 19:29:37 funbox10 systemd[1]: Started Flush Journal to Persistent Storage.
Jun 24 19:29:37 funbox10 systemd[1]: Started Create Static Device Nodes in /dev.
Jun 24 19:29:37 funbox10 systemd-modules-load[353]: Inserted module 'ib_iser'
Jun 24 19:29:37 funbox10 systemd[1]: Started Load Kernel Modules.
Jun 24 19:29:37 funbox10 systemd[1]: Starting Apply Kernel Variables...
Jun 24 19:29:37 funbox10 systemd[1]: Mounting FUSE Control File System...
Jun 24 19:29:37 funbox10 systemd[1]: Starting udev Kernel Device Manager...
Jun 24 19:29:37 funbox10 systemd[1]: Mounted FUSE Control File System.
Jun 24 19:29:37 funbox10 systemd[1]: Started Apply Kernel Variables.
Jun 24 19:29:37 funbox10 rsyslogd-2039: Could not open output pipe '/dev/xconsole':: No such file or directory [v8.16.0 try http://www.rsyslog.com/e/2039 ]
Jun 24 19:29:37 funbox10 systemd[1]: Started udev Coldplug all Devices.
Jun 24 19:29:37 funbox10 loadkeys[359]: Loading /etc/console-setup/cached.kmap.gz
Jun 24 19:29:37 funbox10 systemd[1]: Started Set console keymap.
Jun 24 19:29:37 funbox10 systemd[1]: Started udev Kernel Device Manager.
Jun 24 19:29:37 funbox10 systemd[1]: Started Dispatch Password Requests to Console Directory Watch.
Jun 24 19:29:37 funbox10 rsyslogd-2007: action 'action 10' suspended, next retry is Thu Jun 24 19:30:07 2021 [v8.16.0 try http://www.rsyslog.com/e/2007 ]
Jun 24 19:29:37 funbox10 systemd[1]: Listening on Load/Save RF Kill Switch Status /dev/rfkill Watch.
Jun 24 19:29:37 funbox10 systemd[1]: Found device 82540EM Gigabit Ethernet Controller (PRO/1000 MT Desktop Adapter).
Jun 24 19:29:37 funbox10 systemd[1]: Found device /dev/mapper/funbox10--vg-swap_1.
Jun 24 19:29:37 funbox10 systemd[1]: Activating swap /dev/mapper/funbox10--vg-swap_1...
Jun 24 19:29:37 funbox10 systemd[1]: Activated swap /dev/mapper/funbox10--vg-swap_1.
Jun 24 19:29:37 funbox10 systemd[1]: Reached target Swap.
Jun 24 19:29:37 funbox10 systemd[1]: Found device VBOX_HARDDISK 1.
Jun 24 19:29:37 funbox10 lvm[363]:   2 logical volume(s) in volume group "funbox10-vg" monitored
Jun 24 19:29:37 funbox10 systemd[1]: Started Monitoring of LVM2 mirrors, snapshots etc. using dmeventd or progress polling.
Jun 24 19:29:37 funbox10 systemd[1]: Reached target Local File Systems (Pre).
Jun 24 19:29:37 funbox10 systemd[1]: Starting File System Check on /dev/disk/by-uuid/55552e12-c2fe-4c93-99b5-c4f8efd520c4...
Jun 24 19:29:37 funbox10 systemd[1]: Started File System Check Daemon to report status.
Jun 24 19:29:37 funbox10 systemd[1]: Reached target Sound Card.
Jun 24 19:29:37 funbox10 systemd-fsck[618]: /dev/sda1: clean, 301/46848 files, 17852/187136 blocks
Jun 24 19:29:37 funbox10 systemd[1]: Started File System Check on /dev/disk/by-uuid/55552e12-c2fe-4c93-99b5-c4f8efd520c4.
Jun 24 19:29:37 funbox10 systemd[1]: Mounting /boot...
Jun 24 19:29:37 funbox10 systemd[1]: Mounted /boot.
Jun 24 19:29:37 funbox10 systemd[1]: Reached target Local File Systems.
Jun 24 19:29:37 funbox10 systemd[1]: Starting Create Volatile Files and Directories...
Jun 24 19:29:37 funbox10 systemd-tmpfiles[632]: [/usr/lib/tmpfiles.d/var.conf:14] Duplicate line for path "/var/log", ignoring.
Jun 24 19:29:37 funbox10 systemd[1]: Starting Set console font and keymap...
Jun 24 19:29:37 funbox10 systemd[1]: Starting Tell Plymouth To Write Out Runtime Data...
Jun 24 19:29:37 funbox10 systemd[1]: Starting Commit a transient machine-id on disk...
Jun 24 19:29:37 funbox10 systemd[1]: Starting LSB: AppArmor initialization...
Jun 24 19:29:37 funbox10 systemd[1]: Started Create Volatile Files and Directories.
Jun 24 19:29:37 funbox10 systemd[1]: Starting Network Time Synchronization...
Jun 24 19:29:37 funbox10 systemd[1]: Starting Update UTMP about System Boot/Shutdown...
Jun 24 19:29:37 funbox10 systemd[1]: Started Update UTMP about System Boot/Shutdown.
Jun 24 19:29:37 funbox10 systemd[1]: Started Tell Plymouth To Write Out Runtime Data.
Jun 24 19:29:37 funbox10 systemd[1]: Started Network Time Synchronization.
Jun 24 19:29:37 funbox10 systemd[1]: Reached target System Time Synchronized.
Jun 24 19:29:37 funbox10 kernel: [    0.000000] Initializing cgroup subsys cpuset
Jun 24 19:29:37 funbox10 kernel: [    0.000000] Initializing cgroup subsys cpu
Jun 24 19:29:37 funbox10 apparmor[638]:  * Starting AppArmor profiles
Jun 24 19:29:37 funbox10 kernel: [    0.000000] Initializing cgroup subsys cpuacct
Jun 24 19:29:37 funbox10 kernel: [    0.000000] Linux version 4.4.0-186-generic (buildd@lcy01-amd64-002) (gcc version 5.4.0 20160609 (Ubuntu 5.4.0-6ubuntu1~16.04.12) ) #216-Ubuntu SMP Wed Jul 1 05:34:05 UTC 2020 (Ubuntu 4.4.0-186.216-generic 4.4.228)
Jun 24 19:29:37 funbox10 kernel: [    0.000000] Command line: BOOT_IMAGE=/vmlinuz-4.4.0-186-generic root=/dev/mapper/funbox10--vg-root ro
Jun 24 19:29:37 funbox10 systemd[1]: Started Commit a transient machine-id on disk.
Jun 24 19:29:37 funbox10 kernel: [    0.000000] KERNEL supported cpus:
Jun 24 19:29:37 funbox10 kernel: [    0.000000]   Intel GenuineIntel
Jun 24 19:29:37 funbox10 kernel: [    0.000000]   AMD AuthenticAMD
Jun 24 19:29:37 funbox10 systemd[1]: Started Set console font and keymap.
Jun 24 19:29:37 funbox10 kernel: [    0.000000]   Centaur CentaurHauls
Jun 24 19:29:37 funbox10 kernel: [    0.000000] x86/fpu: xstate_offset[2]:  576, xstate_sizes[2]:  256
Jun 24 19:29:37 funbox10 systemd[1]: Created slice system-getty.slice.
Jun 24 19:29:37 funbox10 kernel: [    0.000000] x86/fpu: Supporting XSAVE feature 0x01: 'x87 floating point registers'
Jun 24 19:29:37 funbox10 kernel: [    0.000000] x86/fpu: Supporting XSAVE feature 0x02: 'SSE registers'
Jun 24 19:29:37 funbox10 kernel: [    0.000000] x86/fpu: Supporting XSAVE feature 0x04: 'AVX registers'
Jun 24 19:29:37 funbox10 kernel: [    0.000000] x86/fpu: Enabled xstate features 0x7, context size is 832 bytes, using 'standard' format.
Jun 24 19:29:37 funbox10 kernel: [    0.000000] e820: BIOS-provided physical RAM map:
Jun 24 19:29:37 funbox10 apparmor[638]: Skipping profile in /etc/apparmor.d/disable: usr.sbin.rsyslogd
Jun 24 19:29:37 funbox10 kernel: [    0.000000] BIOS-e820: [mem 0x0000000000000000-0x000000000009fbff] usable
Jun 24 19:29:37 funbox10 kernel: [    0.000000] BIOS-e820: [mem 0x000000000009fc00-0x000000000009ffff] reserved
Jun 24 19:29:37 funbox10 kernel: [    0.000000] BIOS-e820: [mem 0x00000000000f0000-0x00000000000fffff] reserved
Jun 24 19:29:37 funbox10 apparmor[638]:    ...done.
Jun 24 19:29:37 funbox10 kernel: [    0.000000] BIOS-e820: [mem 0x0000000000100000-0x000000007ffeffff] usable
Jun 24 19:29:37 funbox10 kernel: [    0.000000] BIOS-e820: [mem 0x000000007fff0000-0x000000007fffffff] ACPI data
Jun 24 19:29:37 funbox10 kernel: [    0.000000] BIOS-e820: [mem 0x00000000fec00000-0x00000000fec00fff] reserved
Jun 24 19:29:37 funbox10 kernel: [    0.000000] BIOS-e820: [mem 0x00000000fee00000-0x00000000fee00fff] reserved
Jun 24 19:29:37 funbox10 systemd[1]: Started LSB: AppArmor initialization.
Jun 24 19:29:37 funbox10 kernel: [    0.000000] BIOS-e820: [mem 0x00000000fffc0000-0x00000000ffffffff] reserved
Jun 24 19:29:37 funbox10 kernel: [    0.000000] NX (Execute Disable) protection: active
Jun 24 19:29:37 funbox10 kernel: [    0.000000] SMBIOS 2.5 present.
Jun 24 19:29:37 funbox10 kernel: [    0.000000] DMI: innotek GmbH VirtualBox/VirtualBox, BIOS VirtualBox 12/01/2006
Jun 24 19:29:37 funbox10 kernel: [    0.000000] Hypervisor detected: KVM
Jun 24 19:29:37 funbox10 systemd[1]: Started ifup for enp0s3.
Jun 24 19:29:37 funbox10 kernel: [    0.000000] e820: update [mem 0x00000000-0x00000fff] usable ==> reserved
Jun 24 19:29:37 funbox10 kernel: [    0.000000] e820: remove [mem 0x000a0000-0x000fffff] usable
Jun 24 19:29:37 funbox10 kernel: [    0.000000] e820: last_pfn = 0x7fff0 max_arch_pfn = 0x400000000
Jun 24 19:29:37 funbox10 systemd[1]: Starting Raise network interfaces...
Jun 24 19:29:37 funbox10 kernel: [    0.000000] MTRR default type: uncachable
Jun 24 19:29:37 funbox10 kernel: [    0.000000] MTRR variable ranges disabled:
Jun 24 19:29:37 funbox10 kernel: [    0.000000] MTRR: Disabled
Jun 24 19:29:37 funbox10 kernel: [    0.000000] x86/PAT: MTRRs disabled, skipping PAT initialization too.
Jun 24 19:29:37 funbox10 systemd[1]: Starting Load AppArmor profiles managed internally by snapd...
Jun 24 19:29:37 funbox10 kernel: [    0.000000] CPU MTRRs all blank - virtualized system.
Jun 24 19:29:37 funbox10 kernel: [    0.000000] x86/PAT: Configuration [0-7]: WB  WT  UC- UC  WB  WT  UC- UC  
Jun 24 19:29:37 funbox10 kernel: [    0.000000] found SMP MP-table at [mem 0x0009fff0-0x0009ffff] mapped at [ffff88000009fff0]
Jun 24 19:29:37 funbox10 kernel: [    0.000000] Scanning 1 areas for low memory corruption
Jun 24 19:29:37 funbox10 kernel: [    0.000000] Base memory trampoline at [ffff880000098000] 98000 size 28672
Jun 24 19:29:37 funbox10 snapd-apparmor[741]: find: ‘/var/lib/snapd/apparmor/profiles/’: No such file or directory
Jun 24 19:29:37 funbox10 kernel: [    0.000000] RAMDISK: [mem 0x3311c000-0x35885fff]
Jun 24 19:29:37 funbox10 kernel: [    0.000000] ACPI: Early table checksum verification disabled
Jun 24 19:29:37 funbox10 kernel: [    0.000000] ACPI: RSDP 0x00000000000E0000 000024 (v02 VBOX  )
Jun 24 19:29:37 funbox10 systemd[1]: Started Load AppArmor profiles managed internally by snapd.
Jun 24 19:29:37 funbox10 kernel: [    0.000000] ACPI: XSDT 0x000000007FFF0030 00003C (v01 VBOX   VBOXXSDT 00000001 ASL  00000061)
Jun 24 19:29:37 funbox10 kernel: [    0.000000] ACPI: FACP 0x000000007FFF00F0 0000F4 (v04 VBOX   VBOXFACP 00000001 ASL  00000061)
Jun 24 19:29:37 funbox10 kernel: [    0.000000] ACPI: DSDT 0x000000007FFF0470 002325 (v02 VBOX   VBOXBIOS 00000002 INTL 20100528)
Jun 24 19:29:37 funbox10 systemd[1]: Reached target System Initialization.
Jun 24 19:29:37 funbox10 kernel: [    0.000000] ACPI: FACS 0x000000007FFF0200 000040
Jun 24 19:29:37 funbox10 kernel: [    0.000000] ACPI: FACS 0x000000007FFF0200 000040
Jun 24 19:29:37 funbox10 kernel: [    0.000000] ACPI: APIC 0x000000007FFF0240 00005C (v02 VBOX   VBOXAPIC 00000001 ASL  00000061)
Jun 24 19:29:37 funbox10 kernel: [    0.000000] ACPI: SSDT 0x000000007FFF02A0 0001CC (v01 VBOX   VBOXCPUT 00000002 INTL 20100528)
Jun 24 19:29:37 funbox10 kernel: [    0.000000] ACPI: Local APIC address 0xfee00000
Jun 24 19:29:37 funbox10 systemd[1]: Started Daily apt download activities.
Jun 24 19:29:37 funbox10 kernel: [    0.000000] No NUMA configuration found
Jun 24 19:29:37 funbox10 kernel: [    0.000000] Faking a node at [mem 0x0000000000000000-0x000000007ffeffff]
Jun 24 19:29:37 funbox10 kernel: [    0.000000] NODE_DATA(0) allocated [mem 0x7ffeb000-0x7ffeffff]
Jun 24 19:29:37 funbox10 kernel: [    0.000000] kvm-clock: Using msrs 4b564d01 and 4b564d00
Jun 24 19:29:37 funbox10 systemd[1]: Starting Socket activation for snappy daemon.
Jun 24 19:29:37 funbox10 kernel: [    0.000000] kvm-clock: cpu 0, msr 0:7ffe3001, primary cpu clock
Jun 24 19:29:37 funbox10 kernel: [    0.000000] kvm-clock: using sched offset of 5953768003 cycles
Jun 24 19:29:37 funbox10 kernel: [    0.000000] clocksource: kvm-clock: mask: 0xffffffffffffffff max_cycles: 0x1cd42e4dffb, max_idle_ns: 881590591483 ns
Jun 24 19:29:37 funbox10 systemd[1]: Starting LXD - unix socket.
Jun 24 19:29:37 funbox10 kernel: [    0.000000] Zone ranges:
Jun 24 19:29:37 funbox10 kernel: [    0.000000]   DMA      [mem 0x0000000000001000-0x0000000000ffffff]
Jun 24 19:29:37 funbox10 kernel: [    0.000000]   DMA32    [mem 0x0000000001000000-0x000000007ffeffff]
Jun 24 19:29:37 funbox10 kernel: [    0.000000]   Normal   empty
Jun 24 19:29:37 funbox10 kernel: [    0.000000]   Device   empty
Jun 24 19:29:37 funbox10 kernel: [    0.000000] Movable zone start for each node
Jun 24 19:29:37 funbox10 kernel: [    0.000000] Early memory node ranges
Jun 24 19:29:37 funbox10 systemd[1]: Listening on D-Bus System Message Bus Socket.
Jun 24 19:29:37 funbox10 kernel: [    0.000000]   node   0: [mem 0x0000000000001000-0x000000000009efff]
Jun 24 19:29:37 funbox10 kernel: [    0.000000]   node   0: [mem 0x0000000000100000-0x000000007ffeffff]
Jun 24 19:29:37 funbox10 kernel: [    0.000000] Initmem setup node 0 [mem 0x0000000000001000-0x000000007ffeffff]
Jun 24 19:29:37 funbox10 kernel: [    0.000000] On node 0 totalpages: 524174
Jun 24 19:29:37 funbox10 systemd[1]: Listening on ACPID Listen Socket.
Jun 24 19:29:37 funbox10 kernel: [    0.000000]   DMA zone: 64 pages used for memmap
Jun 24 19:29:37 funbox10 kernel: [    0.000000]   DMA zone: 22 pages reserved
Jun 24 19:29:37 funbox10 kernel: [    0.000000]   DMA zone: 3998 pages, LIFO batch:0
Jun 24 19:29:37 funbox10 kernel: [    0.000000]   DMA32 zone: 8128 pages used for memmap
Jun 24 19:29:37 funbox10 systemd[1]: Listening on UUID daemon activation socket.
Jun 24 19:29:37 funbox10 kernel: [    0.000000]   DMA32 zone: 520176 pages, LIFO batch:31
Jun 24 19:29:37 funbox10 kernel: [    0.000000] ACPI: PM-Timer IO Port: 0x4008
Jun 24 19:29:37 funbox10 kernel: [    0.000000] ACPI: Local APIC address 0xfee00000
Jun 24 19:29:37 funbox10 kernel: [    0.000000] IOAPIC[0]: apic_id 2, version 32, address 0xfec00000, GSI 0-23
Jun 24 19:29:37 funbox10 systemd[1]: Started ACPI Events Check.
Jun 24 19:29:37 funbox10 kernel: [    0.000000] ACPI: INT_SRC_OVR (bus 0 bus_irq 0 global_irq 2 dfl dfl)
Jun 24 19:29:37 funbox10 kernel: [    0.000000] ACPI: INT_SRC_OVR (bus 0 bus_irq 9 global_irq 9 low level)
Jun 24 19:29:37 funbox10 kernel: [    0.000000] ACPI: IRQ0 used by override.
Jun 24 19:29:37 funbox10 kernel: [    0.000000] ACPI: IRQ9 used by override.
Jun 24 19:29:37 funbox10 systemd[1]: Reached target Paths.
Jun 24 19:29:37 funbox10 kernel: [    0.000000] Using ACPI (MADT) for SMP configuration information
Jun 24 19:29:37 funbox10 kernel: [    0.000000] smpboot: Allowing 2 CPUs, 0 hotplug CPUs
Jun 24 19:29:37 funbox10 kernel: [    0.000000] PM: Registered nosave memory: [mem 0x00000000-0x00000fff]
Jun 24 19:29:37 funbox10 systemd[1]: Started Message of the Day.
Jun 24 19:29:37 funbox10 kernel: [    0.000000] PM: Registered nosave memory: [mem 0x0009f000-0x0009ffff]
Jun 24 19:29:37 funbox10 kernel: [    0.000000] PM: Registered nosave memory: [mem 0x000a0000-0x000effff]
Jun 24 19:29:37 funbox10 kernel: [    0.000000] PM: Registered nosave memory: [mem 0x000f0000-0x000fffff]
Jun 24 19:29:37 funbox10 kernel: [    0.000000] e820: [mem 0x80000000-0xfebfffff] available for PCI devices
Jun 24 19:29:37 funbox10 systemd[1]: Started Daily Cleanup of Temporary Directories.
Jun 24 19:29:37 funbox10 kernel: [    0.000000] Booting paravirtualized kernel on KVM
Jun 24 19:29:37 funbox10 kernel: [    0.000000] clocksource: refined-jiffies: mask: 0xffffffff max_cycles: 0xffffffff, max_idle_ns: 7645519600211568 ns
Jun 24 19:29:37 funbox10 kernel: [    0.000000] setup_percpu: NR_CPUS:512 nr_cpumask_bits:512 nr_cpu_ids:2 nr_node_ids:1
Jun 24 19:29:37 funbox10 kernel: [    0.000000] PERCPU: Embedded 33 pages/cpu @ffff88007fc00000 s95512 r8192 d31464 u1048576
Jun 24 19:29:37 funbox10 systemd[1]: Started Daily apt upgrade and clean activities.
Jun 24 19:29:37 funbox10 kernel: [    0.000000] pcpu-alloc: s95512 r8192 d31464 u1048576 alloc=1*2097152
Jun 24 19:29:37 funbox10 kernel: [    0.000000] pcpu-alloc: [0] 0 1 
Jun 24 19:29:37 funbox10 kernel: [    0.000000] Built 1 zonelists in Node order, mobility grouping on.  Total pages: 515960
Jun 24 19:29:37 funbox10 systemd[1]: Reached target Timers.
Jun 24 19:29:37 funbox10 kernel: [    0.000000] Policy zone: DMA32
Jun 24 19:29:37 funbox10 kernel: [    0.000000] Kernel command line: BOOT_IMAGE=/vmlinuz-4.4.0-186-generic root=/dev/mapper/funbox10--vg-root ro
Jun 24 19:29:37 funbox10 kernel: [    0.000000] PID hash table entries: 4096 (order: 3, 32768 bytes)
Jun 24 19:29:37 funbox10 systemd[1]: Listening on Socket activation for snappy daemon.
Jun 24 19:29:37 funbox10 kernel: [    0.000000] Calgary: detecting Calgary via BIOS EBDA area
Jun 24 19:29:37 funbox10 kernel: [    0.000000] Calgary: Unable to locate Rio Grande table in EBDA - bailing!
Jun 24 19:29:37 funbox10 kernel: [    0.000000] Memory: 2004376K/2096696K available (8636K kernel code, 1337K rwdata, 4040K rodata, 1492K init, 1296K bss, 92320K reserved, 0K cma-reserved)
Jun 24 19:29:37 funbox10 kernel: [    0.000000] SLUB: HWalign=64, Order=0-3, MinObjects=0, CPUs=2, Nodes=1
Jun 24 19:29:37 funbox10 systemd[1]: Listening on LXD - unix socket.
Jun 24 19:29:37 funbox10 kernel: [    0.000000] Kernel/User page tables isolation: enabled
Jun 24 19:29:37 funbox10 kernel: [    0.000000] Hierarchical RCU implementation.
Jun 24 19:29:37 funbox10 systemd[1]: Reached target Sockets.
Jun 24 19:29:37 funbox10 kernel: [    0.000000] 	Build-time adjustment of leaf fanout to 64.
Jun 24 19:29:37 funbox10 kernel: [    0.000000] 	RCU restricting CPUs from NR_CPUS=512 to nr_cpu_ids=2.
Jun 24 19:29:37 funbox10 kernel: [    0.000000] RCU: Adjusting geometry for rcu_fanout_leaf=64, nr_cpu_ids=2
Jun 24 19:29:37 funbox10 kernel: [    0.000000] NR_IRQS:33024 nr_irqs:440 16
Jun 24 19:29:37 funbox10 systemd[1]: Reached target Basic System.
Jun 24 19:29:37 funbox10 kernel: [    0.000000] Console: colour VGA+ 80x25
Jun 24 19:29:37 funbox10 kernel: [    0.000000] console [tty0] enabled
Jun 24 19:29:37 funbox10 kernel: [    0.000000] tsc: Detected 2903.998 MHz processor
Jun 24 19:29:37 funbox10 kernel: [    0.083182] Calibrating delay loop (skipped) preset value.. 5807.99 BogoMIPS (lpj=11615992)
Jun 24 19:29:37 funbox10 systemd[1]: Starting System Logging Service...
Jun 24 19:29:37 funbox10 kernel: [    0.084037] pid_max: default: 32768 minimum: 301
Jun 24 19:29:37 funbox10 kernel: [    0.084469] ACPI: Core revision 20150930
Jun 24 19:29:37 funbox10 kernel: [    0.086492] ACPI: 2 ACPI AML tables successfully acquired and loaded
Jun 24 19:29:37 funbox10 systemd[1]: Started D-Bus System Message Bus.
Jun 24 19:29:37 funbox10 kernel: [    0.087095] Security Framework initialized
Jun 24 19:29:37 funbox10 kernel: [    0.087536] Yama: becoming mindful.
Jun 24 19:29:37 funbox10 dhclient[770]: Internet Systems Consortium DHCP Client 4.3.3
Jun 24 19:29:37 funbox10 sh[735]: Internet Systems Consortium DHCP Client 4.3.3
Jun 24 19:29:37 funbox10 sh[735]: Copyright 2004-2015 Internet Systems Consortium.
Jun 24 19:29:37 funbox10 sh[735]: All rights reserved.
Jun 24 19:29:37 funbox10 sh[735]: For info, please visit https://www.isc.org/software/dhcp/
Jun 24 19:29:37 funbox10 dhclient[770]: Copyright 2004-2015 Internet Systems Consortium.
Jun 24 19:29:37 funbox10 dhclient[770]: All rights reserved.
Jun 24 19:29:37 funbox10 dhclient[770]: For info, please visit https://www.isc.org/software/dhcp/
Jun 24 19:29:37 funbox10 dhclient[770]: 
Jun 24 19:29:37 funbox10 kernel: [    0.088135] AppArmor: AppArmor initialized
Jun 24 19:29:37 funbox10 kernel: [    0.088916] Dentry cache hash table entries: 262144 (order: 9, 2097152 bytes)
Jun 24 19:29:37 funbox10 kernel: [    0.089671] Inode-cache hash table entries: 131072 (order: 8, 1048576 bytes)
Jun 24 19:29:37 funbox10 kernel: [    0.090506] Mount-cache hash table entries: 4096 (order: 3, 32768 bytes)
Jun 24 19:29:37 funbox10 kernel: [    0.091029] Mountpoint-cache hash table entries: 4096 (order: 3, 32768 bytes)
Jun 24 19:29:37 funbox10 kernel: [    0.091679] Initializing cgroup subsys io
Jun 24 19:29:37 funbox10 kernel: [    0.092092] Initializing cgroup subsys memory
Jun 24 19:29:37 funbox10 kernel: [    0.092515] Initializing cgroup subsys devices
Jun 24 19:29:37 funbox10 kernel: [    0.092939] Initializing cgroup subsys freezer
Jun 24 19:29:37 funbox10 kernel: [    0.093363] Initializing cgroup subsys net_cls
Jun 24 19:29:37 funbox10 kernel: [    0.093787] Initializing cgroup subsys perf_event
Jun 24 19:29:37 funbox10 kernel: [    0.094219] Initializing cgroup subsys net_prio
Jun 24 19:29:37 funbox10 kernel: [    0.094648] Initializing cgroup subsys hugetlb
Jun 24 19:29:37 funbox10 kernel: [    0.095071] Initializing cgroup subsys pids
Jun 24 19:29:37 funbox10 kernel: [    0.096511] mce: CPU supports 0 MCE banks
Jun 24 19:29:37 funbox10 kernel: [    0.097338] Last level iTLB entries: 4KB 128, 2MB 8, 4MB 8
Jun 24 19:29:37 funbox10 kernel: [    0.097895] Last level dTLB entries: 4KB 64, 2MB 0, 4MB 0, 1GB 4
Jun 24 19:29:37 funbox10 kernel: [    0.098388] Spectre V1 : Mitigation: usercopy/swapgs barriers and __user pointer sanitization
Jun 24 19:29:37 funbox10 kernel: [    0.099191] Spectre V2 : Mitigation: Full generic retpoline
Jun 24 19:29:37 funbox10 kernel: [    0.099671] Spectre V2 : Spectre v2 / SpectreRSB mitigation: Filling RSB on context switch
Jun 24 19:29:37 funbox10 kernel: [    0.100471] Speculative Store Bypass: Vulnerable
Jun 24 19:29:37 funbox10 kernel: [    0.100901] SRBDS: Unknown: Dependent on hypervisor status
Jun 24 19:29:37 funbox10 kernel: [    0.101456] MDS: Mitigation: Clear CPU buffers
Jun 24 19:29:37 funbox10 kernel: [    0.104547] Freeing SMP alternatives memory: 36K
Jun 24 19:29:37 funbox10 kernel: [    0.110804] ftrace: allocating 32334 entries in 127 pages
Jun 24 19:29:37 funbox10 kernel: [    0.168348] smpboot: APIC(0) Converting physical 0 to logical package 0
Jun 24 19:29:37 funbox10 kernel: [    0.168856] smpboot: Max logical packages: 1
Jun 24 19:29:37 funbox10 kernel: [    0.169559] x2apic enabled
Jun 24 19:29:37 funbox10 kernel: [    0.170209] Switched APIC routing to physical x2apic.
Jun 24 19:29:37 funbox10 kernel: [    0.171940] ..TIMER: vector=0x30 apic1=0 pin1=2 apic2=-1 pin2=-1
Jun 24 19:29:37 funbox10 kernel: [    0.280526] smpboot: CPU0: Intel(R) Core(TM) i5-9400 CPU @ 2.90GHz (family: 0x6, model: 0x9e, stepping: 0xa)
Jun 24 19:29:37 funbox10 kernel: [    0.281544] Performance Events: unsupported p6 CPU model 158 no PMU driver, software events only.
Jun 24 19:29:37 funbox10 kernel: [    0.292417] KVM setup paravirtual spinlock
Jun 24 19:29:37 funbox10 kernel: [    0.293694] x86: Booting SMP configuration:
Jun 24 19:29:37 funbox10 kernel: [    0.294114] .... node  #0, CPUs:      #1
Jun 24 19:29:37 funbox10 kernel: [    0.294558] kvm-clock: cpu 1, msr 0:7ffe3041, secondary cpu clock
Jun 24 19:29:37 funbox10 kernel: [    0.295525] mce: CPU supports 0 MCE banks
Jun 24 19:29:37 funbox10 kernel: [    0.297576] x86: Booted up 1 node, 2 CPUs
Jun 24 19:29:37 funbox10 kernel: [    0.299184] smpboot: Total of 2 processors activated (11615.99 BogoMIPS)
Jun 24 19:29:37 funbox10 kernel: [    0.300160] devtmpfs: initialized
Jun 24 19:29:37 funbox10 kernel: [    0.301694] evm: security.selinux
Jun 24 19:29:37 funbox10 kernel: [    0.302081] evm: security.SMACK64
Jun 24 19:29:37 funbox10 kernel: [    0.302467] evm: security.SMACK64EXEC
Jun 24 19:29:37 funbox10 kernel: [    0.302863] evm: security.SMACK64TRANSMUTE
Jun 24 19:29:37 funbox10 kernel: [    0.303274] evm: security.SMACK64MMAP
Jun 24 19:29:37 funbox10 kernel: [    0.303680] evm: security.ima
Jun 24 19:29:37 funbox10 kernel: [    0.304052] evm: security.capability
Jun 24 19:29:37 funbox10 kernel: [    0.304570] clocksource: jiffies: mask: 0xffffffff max_cycles: 0xffffffff, max_idle_ns: 7645041785100000 ns
Jun 24 19:29:37 funbox10 kernel: [    0.305672] futex hash table entries: 512 (order: 3, 32768 bytes)
Jun 24 19:29:37 funbox10 kernel: [    0.306226] pinctrl core: initialized pinctrl subsystem
Jun 24 19:29:37 funbox10 kernel: [    0.306767] RTC time: 17:29:27, date: 06/24/21
Jun 24 19:29:37 funbox10 kernel: [    0.307330] NET: Registered protocol family 16
Jun 24 19:29:37 funbox10 kernel: [    0.318323] cpuidle: using governor ladder
Jun 24 19:29:37 funbox10 kernel: [    0.331083] cpuidle: using governor menu
Jun 24 19:29:37 funbox10 kernel: [    0.333631] PCCT header not found.
Jun 24 19:29:37 funbox10 kernel: [    0.336724] ACPI: bus type PCI registered
Jun 24 19:29:37 funbox10 kernel: [    0.338410] acpiphp: ACPI Hot Plug PCI Controller Driver version: 0.5
Jun 24 19:29:37 funbox10 kernel: [    0.340682] PCI: Using configuration type 1 for base access
Jun 24 19:29:37 funbox10 kernel: [    0.360942] ACPI: Added _OSI(Module Device)
Jun 24 19:29:37 funbox10 kernel: [    0.362665] ACPI: Added _OSI(Processor Device)
Jun 24 19:29:37 funbox10 kernel: [    0.364321] ACPI: Added _OSI(3.0 _SCP Extensions)
Jun 24 19:29:37 funbox10 kernel: [    0.365906] ACPI: Added _OSI(Processor Aggregator Device)
Jun 24 19:29:37 funbox10 kernel: [    0.368999] ACPI: Executed 1 blocks of module-level executable AML code
Jun 24 19:29:37 funbox10 kernel: [    0.375261] ACPI: Interpreter enabled
Jun 24 19:29:37 funbox10 kernel: [    0.376006] ACPI: (supports S0 S5)
Jun 24 19:29:37 funbox10 kernel: [    0.376694] ACPI: Using IOAPIC for interrupt routing
Jun 24 19:29:37 funbox10 kernel: [    0.377749] PCI: Using host bridge windows from ACPI; if necessary, use "pci=nocrs" and report a bug
Jun 24 19:29:37 funbox10 kernel: [    0.384804] ACPI: PCI Root Bridge [PCI0] (domain 0000 [bus 00-ff])
Jun 24 19:29:37 funbox10 kernel: [    0.385526] acpi PNP0A03:00: _OSC: OS supports [ASPM ClockPM Segments MSI]
Jun 24 19:29:37 funbox10 kernel: [    0.386603] acpi PNP0A03:00: _OSC: not requesting OS control; OS requires [ExtendedConfig ASPM ClockPM MSI]
Jun 24 19:29:37 funbox10 kernel: [    0.387696] acpi PNP0A03:00: fail to add MMCONFIG information, can't access extended PCI configuration space under this bridge.
Jun 24 19:29:37 funbox10 kernel: [    0.389303] PCI host bridge to bus 0000:00
Jun 24 19:29:37 funbox10 kernel: [    0.389853] pci_bus 0000:00: root bus resource [io  0x0000-0x0cf7 window]
Jun 24 19:29:37 funbox10 kernel: [    0.390497] pci_bus 0000:00: root bus resource [io  0x0d00-0xffff window]
Jun 24 19:29:37 funbox10 kernel: [    0.391071] pci_bus 0000:00: root bus resource [mem 0x000a0000-0x000bffff window]
Jun 24 19:29:37 funbox10 kernel: [    0.391941] pci_bus 0000:00: root bus resource [mem 0x80000000-0xfdffffff window]
Jun 24 19:29:37 funbox10 kernel: [    0.392813] pci_bus 0000:00: root bus resource [bus 00-ff]
Jun 24 19:29:37 funbox10 kernel: [    0.393386] pci 0000:00:00.0: [8086:1237] type 00 class 0x060000
Jun 24 19:29:37 funbox10 kernel: [    0.394087] pci 0000:00:01.0: [8086:7000] type 00 class 0x060100
Jun 24 19:29:37 funbox10 kernel: [    0.394908] pci 0000:00:01.1: [8086:7111] type 00 class 0x01018a
Jun 24 19:29:37 funbox10 kernel: [    0.395330] pci 0000:00:01.1: reg 0x20: [io  0xd000-0xd00f]
Jun 24 19:29:37 funbox10 kernel: [    0.395508] pci 0000:00:01.1: legacy IDE quirk: reg 0x10: [io  0x01f0-0x01f7]
Jun 24 19:29:37 funbox10 kernel: [    0.396036] pci 0000:00:01.1: legacy IDE quirk: reg 0x14: [io  0x03f6]
Jun 24 19:29:37 funbox10 kernel: [    0.408127] pci 0000:00:01.1: legacy IDE quirk: reg 0x18: [io  0x0170-0x0177]
Jun 24 19:29:37 funbox10 kernel: [    0.408642] pci 0000:00:01.1: legacy IDE quirk: reg 0x1c: [io  0x0376]
Jun 24 19:29:37 funbox10 kernel: [    0.409380] pci 0000:00:02.0: [15ad:0405] type 00 class 0x030000
Jun 24 19:29:37 funbox10 kernel: [    0.410390] pci 0000:00:02.0: reg 0x10: [io  0xd010-0xd01f]
Jun 24 19:29:37 funbox10 kernel: [    0.411297] pci 0000:00:02.0: reg 0x14: [mem 0xe0000000-0xe0ffffff pref]
Jun 24 19:29:37 funbox10 kernel: [    0.412153] pci 0000:00:02.0: reg 0x18: [mem 0xf0000000-0xf01fffff]
Jun 24 19:29:37 funbox10 kernel: [    0.416655] pci 0000:00:03.0: [8086:100e] type 00 class 0x020000
Jun 24 19:29:37 funbox10 kernel: [    0.417640] pci 0000:00:03.0: reg 0x10: [mem 0xf0200000-0xf021ffff]
Jun 24 19:29:37 funbox10 kernel: [    0.419087] pci 0000:00:03.0: reg 0x18: [io  0xd020-0xd027]
Jun 24 19:29:37 funbox10 kernel: [    0.421894] pci 0000:00:04.0: [80ee:cafe] type 00 class 0x088000
Jun 24 19:29:37 funbox10 kernel: [    0.422514] pci 0000:00:04.0: reg 0x10: [io  0xd040-0xd05f]
Jun 24 19:29:37 funbox10 kernel: [    0.423111] pci 0000:00:04.0: reg 0x14: [mem 0xf0400000-0xf07fffff]
Jun 24 19:29:37 funbox10 kernel: [    0.423711] pci 0000:00:04.0: reg 0x18: [mem 0xf0800000-0xf0803fff pref]
Jun 24 19:29:37 funbox10 kernel: [    0.426299] pci 0000:00:05.0: [8086:2415] type 00 class 0x040100
Jun 24 19:29:37 funbox10 kernel: [    0.426416] pci 0000:00:05.0: reg 0x10: [io  0xd100-0xd1ff]
Jun 24 19:29:37 funbox10 kernel: [    0.426483] pci 0000:00:05.0: reg 0x14: [io  0xd200-0xd23f]
Jun 24 19:29:37 funbox10 kernel: [    0.427048] pci 0000:00:06.0: [106b:003f] type 00 class 0x0c0310
Jun 24 19:29:37 funbox10 kernel: [    0.427715] pci 0000:00:06.0: reg 0x10: [mem 0xf0804000-0xf0804fff]
Jun 24 19:29:37 funbox10 kernel: [    0.432181] pci 0000:00:07.0: [8086:7113] type 00 class 0x068000
Jun 24 19:29:37 funbox10 kernel: [    0.432622] pci 0000:00:07.0: quirk: [io  0x4000-0x403f] claimed by PIIX4 ACPI
Jun 24 19:29:37 funbox10 kernel: [    0.433404] pci 0000:00:07.0: quirk: [io  0x4100-0x410f] claimed by PIIX4 SMB
Jun 24 19:29:37 funbox10 kernel: [    0.434270] pci 0000:00:0b.0: [8086:265c] type 00 class 0x0c0320
Jun 24 19:29:37 funbox10 kernel: [    0.435326] pci 0000:00:0b.0: reg 0x10: [mem 0xf0805000-0xf0805fff]
Jun 24 19:29:37 funbox10 kernel: [    0.439564] pci 0000:00:0d.0: [8086:2829] type 00 class 0x010601
Jun 24 19:29:37 funbox10 kernel: [    0.440298] pci 0000:00:0d.0: reg 0x10: [io  0xd240-0xd247]
Jun 24 19:29:37 funbox10 kernel: [    0.440907] pci 0000:00:0d.0: reg 0x14: [io  0xd248-0xd24b]
Jun 24 19:29:37 funbox10 kernel: [    0.441512] pci 0000:00:0d.0: reg 0x18: [io  0xd250-0xd257]
Jun 24 19:29:37 funbox10 kernel: [    0.442160] pci 0000:00:0d.0: reg 0x1c: [io  0xd258-0xd25b]
Jun 24 19:29:37 funbox10 kernel: [    0.442734] pci 0000:00:0d.0: reg 0x20: [io  0xd260-0xd26f]
Jun 24 19:29:37 funbox10 kernel: [    0.443342] pci 0000:00:0d.0: reg 0x24: [mem 0xf0806000-0xf0807fff]
Jun 24 19:29:37 funbox10 kernel: [    0.445282] ACPI: PCI Interrupt Link [LNKA] (IRQs 5 9 10 *11)
Jun 24 19:29:37 funbox10 kernel: [    0.446292] ACPI: PCI Interrupt Link [LNKB] (IRQs 5 9 *10 11)
Jun 24 19:29:37 funbox10 kernel: [    0.447112] ACPI: PCI Interrupt Link [LNKC] (IRQs 5 *9 10 11)
Jun 24 19:29:37 funbox10 kernel: [    0.447932] ACPI: PCI Interrupt Link [LNKD] (IRQs 5 9 10 *11)
Jun 24 19:29:37 funbox10 kernel: [    0.448819] ACPI: Enabled 2 GPEs in block 00 to 07
Jun 24 19:29:37 funbox10 kernel: [    0.449668] vgaarb: setting as boot device: PCI:0000:00:02.0
Jun 24 19:29:37 funbox10 kernel: [    0.450151] vgaarb: device added: PCI:0000:00:02.0,decodes=io+mem,owns=io+mem,locks=none
Jun 24 19:29:37 funbox10 kernel: [    0.450949] vgaarb: loaded
Jun 24 19:29:37 funbox10 kernel: [    0.451335] vgaarb: bridge control possible 0000:00:02.0
Jun 24 19:29:37 funbox10 kernel: [    0.451999] SCSI subsystem initialized
Jun 24 19:29:37 funbox10 kernel: [    0.452530] libata version 3.00 loaded.
Jun 24 19:29:37 funbox10 kernel: [    0.452556] ACPI: bus type USB registered
Jun 24 19:29:37 funbox10 kernel: [    0.452856] usbcore: registered new interface driver usbfs
Jun 24 19:29:37 funbox10 kernel: [    0.453175] usbcore: registered new interface driver hub
Jun 24 19:29:37 funbox10 kernel: [    0.453494] usbcore: registered new device driver usb
Jun 24 19:29:37 funbox10 kernel: [    0.454409] PCI: Using ACPI for IRQ routing
Jun 24 19:29:37 funbox10 kernel: [    0.454696] PCI: pci_cache_line_size set to 64 bytes
Jun 24 19:29:37 funbox10 kernel: [    0.454914] e820: reserve RAM buffer [mem 0x0009fc00-0x0009ffff]
Jun 24 19:29:37 funbox10 kernel: [    0.454919] e820: reserve RAM buffer [mem 0x7fff0000-0x7fffffff]
Jun 24 19:29:37 funbox10 kernel: [    0.455034] NetLabel: Initializing
Jun 24 19:29:37 funbox10 kernel: [    0.455425] NetLabel:  domain hash size = 128
Jun 24 19:29:37 funbox10 kernel: [    0.455845] NetLabel:  protocols = UNLABELED CIPSOv4
Jun 24 19:29:37 funbox10 kernel: [    0.456301] NetLabel:  unlabeled traffic allowed by default
Jun 24 19:29:37 funbox10 kernel: [    0.456912] amd_nb: Cannot enumerate AMD northbridges
Jun 24 19:29:37 funbox10 kernel: [    0.457290] clocksource: Switched to clocksource kvm-clock
Jun 24 19:29:37 funbox10 kernel: [    0.462789] AppArmor: AppArmor Filesystem Enabled
Jun 24 19:29:37 funbox10 kernel: [    0.463280] pnp: PnP ACPI init
Jun 24 19:29:37 funbox10 kernel: [    0.463710] pnp 00:00: Plug and Play ACPI device, IDs PNP0303 (active)
Jun 24 19:29:37 funbox10 kernel: [    0.463774] pnp 00:01: Plug and Play ACPI device, IDs PNP0f03 (active)
Jun 24 19:29:37 funbox10 kernel: [    0.464353] pnp: PnP ACPI: found 2 devices
Jun 24 19:29:37 funbox10 kernel: [    0.474163] clocksource: acpi_pm: mask: 0xffffff max_cycles: 0xffffff, max_idle_ns: 2085701024 ns
Jun 24 19:29:37 funbox10 kernel: [    0.474992] pci_bus 0000:00: resource 4 [io  0x0000-0x0cf7 window]
Jun 24 19:29:37 funbox10 kernel: [    0.474994] pci_bus 0000:00: resource 5 [io  0x0d00-0xffff window]
Jun 24 19:29:37 funbox10 kernel: [    0.474996] pci_bus 0000:00: resource 6 [mem 0x000a0000-0x000bffff window]
Jun 24 19:29:37 funbox10 kernel: [    0.474997] pci_bus 0000:00: resource 7 [mem 0x80000000-0xfdffffff window]
Jun 24 19:29:37 funbox10 kernel: [    0.475022] NET: Registered protocol family 2
Jun 24 19:29:37 funbox10 kernel: [    0.475572] TCP established hash table entries: 16384 (order: 5, 131072 bytes)
Jun 24 19:29:37 funbox10 kernel: [    0.476545] TCP bind hash table entries: 16384 (order: 6, 262144 bytes)
Jun 24 19:29:37 funbox10 kernel: [    0.477058] TCP: Hash tables configured (established 16384 bind 16384)
Jun 24 19:29:37 funbox10 kernel: [    0.477595] UDP hash table entries: 1024 (order: 3, 32768 bytes)
Jun 24 19:29:37 funbox10 kernel: [    0.478076] UDP-Lite hash table entries: 1024 (order: 3, 32768 bytes)
Jun 24 19:29:37 funbox10 kernel: [    0.478596] NET: Registered protocol family 1
Jun 24 19:29:37 funbox10 kernel: [    0.479028] pci 0000:00:00.0: Limiting direct PCI/PCI transfers
Jun 24 19:29:37 funbox10 kernel: [    0.479527] pci 0000:00:01.0: Activating ISA DMA hang workarounds
Jun 24 19:29:37 funbox10 kernel: [    0.480038] pci 0000:00:02.0: Video device with shadowed ROM
Jun 24 19:29:37 funbox10 kernel: [    0.481845] PCI: CLS 0 bytes, default 64
Jun 24 19:29:37 funbox10 kernel: [    0.481900] Unpacking initramfs...
Jun 24 19:29:37 funbox10 kernel: [    0.867222] Freeing initrd memory: 40360K
Jun 24 19:29:37 funbox10 kernel: [    0.867740] clocksource: tsc: mask: 0xffffffffffffffff max_cycles: 0x29dc03c1beb, max_idle_ns: 440795205215 ns
Jun 24 19:29:37 funbox10 kernel: [    0.868637] platform rtc_cmos: registered platform RTC device (no PNP device found)
Jun 24 19:29:37 funbox10 kernel: [    0.869437] Scanning for low memory corruption every 60 seconds
Jun 24 19:29:37 funbox10 kernel: [    0.870215] audit: initializing netlink subsys (disabled)
Jun 24 19:29:37 funbox10 kernel: [    0.870540] audit: type=2000 audit(1624555774.192:1): initialized
Jun 24 19:29:37 funbox10 kernel: [    0.871049] Initialise system trusted keyring
Jun 24 19:29:37 funbox10 kernel: [    0.871742] HugeTLB registered 2 MB page size, pre-allocated 0 pages
Jun 24 19:29:37 funbox10 kernel: [    0.873024] zbud: loaded
Jun 24 19:29:37 funbox10 kernel: [    0.873713] VFS: Disk quotas dquot_6.6.0
Jun 24 19:29:37 funbox10 kernel: [    0.874148] VFS: Dquot-cache hash table entries: 512 (order 0, 4096 bytes)
Jun 24 19:29:37 funbox10 kernel: [    0.874857] squashfs: version 4.0 (2009/01/31) Phillip Lougher
Jun 24 19:29:37 funbox10 kernel: [    0.875559] fuse init (API version 7.23)
Jun 24 19:29:37 funbox10 kernel: [    0.875919] Key type big_key registered
Jun 24 19:29:37 funbox10 kernel: [    0.876210] Allocating IMA MOK and blacklist keyrings.
Jun 24 19:29:37 funbox10 kernel: [    0.877647] Key type asymmetric registered
Jun 24 19:29:37 funbox10 kernel: [    0.877936] Asymmetric key parser 'x509' registered
Jun 24 19:29:37 funbox10 kernel: [    0.878264] Block layer SCSI generic (bsg) driver version 0.4 loaded (major 249)
Jun 24 19:29:37 funbox10 kernel: [    0.878984] io scheduler noop registered
Jun 24 19:29:37 funbox10 kernel: [    0.879267] io scheduler deadline registered (default)
Jun 24 19:29:37 funbox10 kernel: [    0.879596] io scheduler cfq registered
Jun 24 19:29:37 funbox10 kernel: [    0.879938] pci_hotplug: PCI Hot Plug PCI Core version: 0.5
Jun 24 19:29:37 funbox10 kernel: [    0.880256] pciehp: PCI Express Hot Plug Controller Driver version: 0.4
Jun 24 19:29:37 funbox10 kernel: [    0.880686] intel_idle: does not run on family 6 model 158
Jun 24 19:29:37 funbox10 kernel: [    0.880765] ACPI: AC Adapter [AC] (on-line)
Jun 24 19:29:37 funbox10 kernel: [    0.881228] input: Power Button as /devices/LNXSYSTM:00/LNXPWRBN:00/input/input0
Jun 24 19:29:37 funbox10 kernel: [    0.881994] ACPI: Power Button [PWRF]
Jun 24 19:29:37 funbox10 kernel: [    0.882518] input: Sleep Button as /devices/LNXSYSTM:00/LNXSLPBN:00/input/input1
Jun 24 19:29:37 funbox10 kernel: [    0.883285] ACPI: Sleep Button [SLPF]
Jun 24 19:29:37 funbox10 kernel: [    0.883882] GHES: HEST is not enabled!
Jun 24 19:29:37 funbox10 kernel: [    0.884235] Serial: 8250/16550 driver, 32 ports, IRQ sharing enabled
Jun 24 19:29:37 funbox10 kernel: [    0.885280] Linux agpgart interface v0.103
Jun 24 19:29:37 funbox10 kernel: [    0.887078] loop: module loaded
Jun 24 19:29:37 funbox10 kernel: [    0.887788] ata_piix 0000:00:01.1: version 2.13
Jun 24 19:29:37 funbox10 kernel: [    0.888305] scsi host0: ata_piix
Jun 24 19:29:37 funbox10 kernel: [    0.888948] scsi host1: ata_piix
Jun 24 19:29:37 funbox10 kernel: [    0.889364] ata1: PATA max UDMA/33 cmd 0x1f0 ctl 0x3f6 bmdma 0xd000 irq 14
Jun 24 19:29:37 funbox10 kernel: [    0.889872] ata2: PATA max UDMA/33 cmd 0x170 ctl 0x376 bmdma 0xd008 irq 15
Jun 24 19:29:37 funbox10 kernel: [    0.890569] libphy: Fixed MDIO Bus: probed
Jun 24 19:29:37 funbox10 kernel: [    0.890993] tun: Universal TUN/TAP device driver, 1.6
Jun 24 19:29:37 funbox10 kernel: [    0.891439] tun: (C) 1999-2004 Max Krasnyansky <maxk@qualcomm.com>
Jun 24 19:29:37 funbox10 kernel: [    0.891953] PPP generic driver version 2.4.2
Jun 24 19:29:37 funbox10 kernel: [    0.892429] ehci_hcd: USB 2.0 'Enhanced' Host Controller (EHCI) Driver
Jun 24 19:29:37 funbox10 kernel: [    0.892930] ehci-pci: EHCI PCI platform driver
Jun 24 19:29:37 funbox10 kernel: [    0.893882] ehci-pci 0000:00:0b.0: EHCI Host Controller
Jun 24 19:29:37 funbox10 kernel: [    0.894341] ehci-pci 0000:00:0b.0: new USB bus registered, assigned bus number 1
Jun 24 19:29:37 funbox10 kernel: [    0.895453] ehci-pci 0000:00:0b.0: irq 19, io mem 0xf0805000
Jun 24 19:29:37 funbox10 kernel: [    0.905931] ehci-pci 0000:00:0b.0: USB 2.0 started, EHCI 1.00
Jun 24 19:29:37 funbox10 kernel: [    0.906446] usb usb1: New USB device found, idVendor=1d6b, idProduct=0002
Jun 24 19:29:37 funbox10 kernel: [    0.906969] usb usb1: New USB device strings: Mfr=3, Product=2, SerialNumber=1
Jun 24 19:29:37 funbox10 kernel: [    0.907729] usb usb1: Product: EHCI Host Controller
Jun 24 19:29:37 funbox10 kernel: [    0.908186] usb usb1: Manufacturer: Linux 4.4.0-186-generic ehci_hcd
Jun 24 19:29:37 funbox10 kernel: [    0.908680] usb usb1: SerialNumber: 0000:00:0b.0
Jun 24 19:29:37 funbox10 kernel: [    0.909207] hub 1-0:1.0: USB hub found
Jun 24 19:29:37 funbox10 kernel: [    0.909616] hub 1-0:1.0: 12 ports detected
Jun 24 19:29:37 funbox10 kernel: [    0.910260] ehci-platform: EHCI generic platform driver
Jun 24 19:29:37 funbox10 kernel: [    0.910724] ohci_hcd: USB 1.1 'Open' Host Controller (OHCI) Driver
Jun 24 19:29:37 funbox10 kernel: [    0.911228] ohci-pci: OHCI PCI platform driver
Jun 24 19:29:37 funbox10 kernel: [    0.912129] ohci-pci 0000:00:06.0: OHCI PCI host controller
Jun 24 19:29:37 funbox10 kernel: [    0.912603] ohci-pci 0000:00:06.0: new USB bus registered, assigned bus number 2
Jun 24 19:29:37 funbox10 kernel: [    0.913446] ohci-pci 0000:00:06.0: irq 22, io mem 0xf0804000
Jun 24 19:29:37 funbox10 kernel: [    0.970633] usb usb2: New USB device found, idVendor=1d6b, idProduct=0001
Jun 24 19:29:37 funbox10 kernel: [    0.971151] usb usb2: New USB device strings: Mfr=3, Product=2, SerialNumber=1
Jun 24 19:29:37 funbox10 kernel: [    0.971920] usb usb2: Product: OHCI PCI host controller
Jun 24 19:29:37 funbox10 kernel: [    0.972374] usb usb2: Manufacturer: Linux 4.4.0-186-generic ohci_hcd
Jun 24 19:29:37 funbox10 kernel: [    0.972864] usb usb2: SerialNumber: 0000:00:06.0
Jun 24 19:29:37 funbox10 kernel: [    0.973389] hub 2-0:1.0: USB hub found
Jun 24 19:29:37 funbox10 kernel: [    0.973803] hub 2-0:1.0: 12 ports detected
Jun 24 19:29:37 funbox10 kernel: [    0.974578] ohci-platform: OHCI generic platform driver
Jun 24 19:29:37 funbox10 kernel: [    0.975043] uhci_hcd: USB Universal Host Controller Interface driver
Jun 24 19:29:37 funbox10 kernel: [    0.975581] i8042: PNP: PS/2 Controller [PNP0303:PS2K,PNP0f03:PS2M] at 0x60,0x64 irq 1,12
Jun 24 19:29:37 funbox10 kernel: [    0.976921] serio: i8042 KBD port at 0x60,0x64 irq 1
Jun 24 19:29:37 funbox10 kernel: [    0.977419] serio: i8042 AUX port at 0x60,0x64 irq 12
Jun 24 19:29:37 funbox10 kernel: [    0.977967] mousedev: PS/2 mouse device common for all mice
Jun 24 19:29:37 funbox10 kernel: [    0.978740] rtc_cmos rtc_cmos: rtc core: registered rtc_cmos as rtc0
Jun 24 19:29:37 funbox10 kernel: [    0.979358] rtc_cmos rtc_cmos: alarms up to one day, 114 bytes nvram
Jun 24 19:29:37 funbox10 kernel: [    0.979874] i2c /dev entries driver
Jun 24 19:29:37 funbox10 kernel: [    0.980380] device-mapper: uevent: version 1.0.3
Jun 24 19:29:37 funbox10 kernel: [    0.980853] input: AT Translated Set 2 keyboard as /devices/platform/i8042/serio0/input/input2
Jun 24 19:29:37 funbox10 kernel: [    0.981746] device-mapper: ioctl: 4.34.0-ioctl (2015-10-28) initialised: dm-devel@redhat.com
Jun 24 19:29:37 funbox10 kernel: [    0.982676] ledtrig-cpu: registered to indicate activity on CPUs
Jun 24 19:29:37 funbox10 kernel: [    0.983639] NET: Registered protocol family 10
Jun 24 19:29:37 funbox10 kernel: [    0.984179] NET: Registered protocol family 17
Jun 24 19:29:37 funbox10 kernel: [    0.984481] Key type dns_resolver registered
Jun 24 19:29:37 funbox10 kernel: [    0.984951] registered taskstats version 1
Jun 24 19:29:37 funbox10 kernel: [    0.985380] Loading compiled-in X.509 certificates
Jun 24 19:29:37 funbox10 kernel: [    0.986264] Loaded X.509 cert 'Build time autogenerated kernel key: cef5e81496c0efa51b848ab539e845ddf31c08be'
Jun 24 19:29:37 funbox10 kernel: [    0.987130] zswap: loaded using pool lzo/zbud
Jun 24 19:29:37 funbox10 kernel: [    0.989652] Key type trusted registered
Jun 24 19:29:37 funbox10 kernel: [    0.993870] Key type encrypted registered
Jun 24 19:29:37 funbox10 kernel: [    0.994158] AppArmor: AppArmor sha1 policy hashing enabled
Jun 24 19:29:37 funbox10 kernel: [    0.994474] ima: No TPM chip found, activating TPM-bypass!
Jun 24 19:29:37 funbox10 kernel: [    0.994791] ima: Allocated hash algorithm: sha1
Jun 24 19:29:37 funbox10 kernel: [    0.995094] evm: HMAC attrs: 0x1
Jun 24 19:29:37 funbox10 kernel: [    0.995816]   Magic number: 9:533:492
Jun 24 19:29:37 funbox10 kernel: [    0.996186] rtc_cmos rtc_cmos: setting system clock to 2021-06-24 17:29:28 UTC (1624555768)
Jun 24 19:29:37 funbox10 kernel: [    0.996846] BIOS EDD facility v0.16 2004-Jun-25, 0 devices found
Jun 24 19:29:37 funbox10 kernel: [    0.997173] EDD information not available.
Jun 24 19:29:37 funbox10 kernel: [    0.997486] PM: Hibernation image not present or could not be loaded.
Jun 24 19:29:37 funbox10 kernel: [    1.084995] ata2.00: ATAPI: VBOX CD-ROM, 1.0, max UDMA/133
Jun 24 19:29:37 funbox10 kernel: [    1.085828] ata2.00: configured for UDMA/33
Jun 24 19:29:37 funbox10 kernel: [    1.086878] scsi 1:0:0:0: CD-ROM            VBOX     CD-ROM           1.0  PQ: 0 ANSI: 5
Jun 24 19:29:37 funbox10 kernel: [    1.125400] sr 1:0:0:0: [sr0] scsi3-mmc drive: 32x/32x xa/form2 tray
Jun 24 19:29:37 funbox10 kernel: [    1.126049] cdrom: Uniform CD-ROM driver Revision: 3.20
Jun 24 19:29:37 funbox10 kernel: [    1.126770] sr 1:0:0:0: Attached scsi CD-ROM sr0
Jun 24 19:29:37 funbox10 kernel: [    1.126843] sr 1:0:0:0: Attached scsi generic sg0 type 5
Jun 24 19:29:37 funbox10 kernel: [    1.128411] Freeing unused kernel memory: 1492K
Jun 24 19:29:37 funbox10 kernel: [    1.138205] Write protecting the kernel read-only data: 14336k
Jun 24 19:29:37 funbox10 kernel: [    1.139383] Freeing unused kernel memory: 1592K
Jun 24 19:29:37 funbox10 kernel: [    1.140191] Freeing unused kernel memory: 56K
Jun 24 19:29:37 funbox10 kernel: [    1.158935] random: systemd-udevd: uninitialized urandom read (16 bytes read, 1 bits of entropy available)
Jun 24 19:29:37 funbox10 kernel: [    1.159692] random: udevadm: uninitialized urandom read (16 bytes read, 1 bits of entropy available)
Jun 24 19:29:37 funbox10 kernel: [    1.159717] random: udevadm: uninitialized urandom read (16 bytes read, 1 bits of entropy available)
Jun 24 19:29:37 funbox10 kernel: [    1.162706] random: systemd-udevd: uninitialized urandom read (16 bytes read, 1 bits of entropy available)
Jun 24 19:29:37 funbox10 kernel: [    1.163971] random: systemd-udevd: uninitialized urandom read (16 bytes read, 1 bits of entropy available)
Jun 24 19:29:37 funbox10 kernel: [    1.165206] random: systemd-udevd: uninitialized urandom read (16 bytes read, 1 bits of entropy available)
Jun 24 19:29:37 funbox10 kernel: [    1.167608] random: systemd-udevd: uninitialized urandom read (16 bytes read, 1 bits of entropy available)
Jun 24 19:29:37 funbox10 kernel: [    1.170203] random: udevadm: uninitialized urandom read (16 bytes read, 1 bits of entropy available)
Jun 24 19:29:37 funbox10 kernel: [    1.170269] random: udevadm: uninitialized urandom read (16 bytes read, 1 bits of entropy available)
Jun 24 19:29:37 funbox10 kernel: [    1.170433] random: udevadm: uninitialized urandom read (16 bytes read, 1 bits of entropy available)
Jun 24 19:29:37 funbox10 kernel: [    1.210044] ACPI: Video Device [GFX0] (multi-head: yes  rom: no  post: no)
Jun 24 19:29:37 funbox10 kernel: [    1.210639] input: Video Bus as /devices/LNXSYSTM:00/LNXSYBUS:00/PNP0A03:00/LNXVIDEO:00/input/input4
Jun 24 19:29:37 funbox10 kernel: [    1.215052] e1000: Intel(R) PRO/1000 Network Driver - version 7.3.21-k8-NAPI
Jun 24 19:29:37 funbox10 kernel: [    1.215570] e1000: Copyright (c) 1999-2006 Intel Corporation.
Jun 24 19:29:37 funbox10 kernel: [    1.228640] [drm] Initialized drm 1.1.0 20060810
Jun 24 19:29:37 funbox10 kernel: [    1.404473] usb 2-1: new full-speed USB device number 2 using ohci-pci
Jun 24 19:29:37 funbox10 kernel: [    1.447735] input: ImExPS/2 Generic Explorer Mouse as /devices/platform/i8042/serio1/input/input5
Jun 24 19:29:37 funbox10 kernel: [    1.621983] e1000 0000:00:03.0 eth0: (PCI:33MHz:32-bit) 08:00:27:6f:b6:42
Jun 24 19:29:37 funbox10 kernel: [    1.622495] e1000 0000:00:03.0 eth0: Intel(R) PRO/1000 Network Connection
Jun 24 19:29:37 funbox10 kernel: [    1.623112] ahci 0000:00:0d.0: version 3.0
Jun 24 19:29:37 funbox10 kernel: [    1.623673] ahci 0000:00:0d.0: SSS flag set, parallel bus scan disabled
Jun 24 19:29:37 funbox10 kernel: [    1.624000] e1000 0000:00:03.0 enp0s3: renamed from eth0
Jun 24 19:29:37 funbox10 kernel: [    1.624829] ahci 0000:00:0d.0: AHCI 0001.0100 32 slots 1 ports 3 Gbps 0x1 impl SATA mode
Jun 24 19:29:37 funbox10 kernel: [    1.625625] ahci 0000:00:0d.0: flags: 64bit ncq stag only ccc 
Jun 24 19:29:37 funbox10 kernel: [    1.626498] scsi host2: ahci
Jun 24 19:29:37 funbox10 kernel: [    1.626813] ata3: SATA max UDMA/133 abar m8192@0xf0806000 port 0xf0806100 irq 21
Jun 24 19:29:37 funbox10 kernel: [    1.628053] [drm] DMA map mode: Using physical TTM page addresses.
Jun 24 19:29:37 funbox10 kernel: [    1.628608] [drm] Capabilities:
Jun 24 19:29:37 funbox10 kernel: [    1.628992] [drm]   Cursor.
Jun 24 19:29:37 funbox10 kernel: [    1.629361] [drm]   Cursor bypass 2.
Jun 24 19:29:37 funbox10 kernel: [    1.629765] [drm]   Alpha cursor.
Jun 24 19:29:37 funbox10 kernel: [    1.630163] [drm]   3D.
Jun 24 19:29:37 funbox10 kernel: [    1.630530] [drm]   Extended Fifo.
Jun 24 19:29:37 funbox10 kernel: [    1.630930] [drm]   Pitchlock.
Jun 24 19:29:37 funbox10 kernel: [    1.631324] [drm]   Irq mask.
Jun 24 19:29:37 funbox10 kernel: [    1.631707] [drm]   GMR.
Jun 24 19:29:37 funbox10 kernel: [    1.632070] [drm]   Traces.
Jun 24 19:29:37 funbox10 kernel: [    1.633502] [drm]   GMR2.
Jun 24 19:29:37 funbox10 kernel: [    1.633871] [drm]   Screen Object 2.
Jun 24 19:29:37 funbox10 kernel: [    1.634273] [drm] Max GMR ids is 8192
Jun 24 19:29:37 funbox10 kernel: [    1.634681] [drm] Max number of GMR pages is 1048576
Jun 24 19:29:37 funbox10 kernel: [    1.635135] [drm] Max dedicated hypervisor surface memory is 507904 kiB
Jun 24 19:29:37 funbox10 kernel: [    1.635668] [drm] Maximum display memory size is 16384 kiB
Jun 24 19:29:37 funbox10 kernel: [    1.636132] [drm] VRAM at 0xe0000000 size is 16384 kiB
Jun 24 19:29:37 funbox10 kernel: [    1.636589] [drm] MMIO at 0xf0000000 size is 2048 kiB
Jun 24 19:29:37 funbox10 kernel: [    1.637088] [drm] global init.
Jun 24 19:29:37 funbox10 kernel: [    1.637625] [TTM] Zone  kernel: Available graphics memory: 1023956 kiB
Jun 24 19:29:37 funbox10 kernel: [    1.637973] [TTM] Initializing pool allocator
Jun 24 19:29:37 funbox10 kernel: [    1.638870] [TTM] Initializing DMA pool allocator
Jun 24 19:29:37 funbox10 kernel: [    1.639379] [drm] Supports vblank timestamp caching Rev 2 (21.10.2013).
Jun 24 19:29:37 funbox10 kernel: [    1.639876] [drm] No driver support for vblank timestamp query.
Jun 24 19:29:37 funbox10 kernel: [    1.640550] [drm] Screen Objects Display Unit initialized
Jun 24 19:29:37 funbox10 kernel: [    1.641054] [drm] width 720
Jun 24 19:29:37 funbox10 kernel: [    1.641640] [drm] height 400
Jun 24 19:29:37 funbox10 kernel: [    1.642027] [drm] bpp 32
Jun 24 19:29:37 funbox10 kernel: [    1.642522] [drm] Fifo max 0x00200000 min 0x00001000 cap 0x00000355
Jun 24 19:29:37 funbox10 kernel: [    1.644049] [drm] DX: no.
Jun 24 19:29:37 funbox10 kernel: [    1.646551] fbcon: svgadrmfb (fb0) is primary device
Jun 24 19:29:37 funbox10 kernel: [    1.668668] Console: switching to colour frame buffer device 100x37
Jun 24 19:29:37 funbox10 kernel: [    1.669241] [drm] Initialized vmwgfx 2.9.0 20150810 for 0000:00:02.0 on minor 0
Jun 24 19:29:37 funbox10 kernel: [    1.686209] usb 2-1: New USB device found, idVendor=80ee, idProduct=0021
Jun 24 19:29:37 funbox10 kernel: [    1.686230] usb 2-1: New USB device strings: Mfr=1, Product=3, SerialNumber=0
Jun 24 19:29:37 funbox10 kernel: [    1.686245] usb 2-1: Product: USB Tablet
Jun 24 19:29:37 funbox10 kernel: [    1.686254] usb 2-1: Manufacturer: VirtualBox
Jun 24 19:29:37 funbox10 kernel: [    1.694702] hidraw: raw HID events driver (C) Jiri Kosina
Jun 24 19:29:37 funbox10 kernel: [    1.708080] usbcore: registered new interface driver usbhid
Jun 24 19:29:37 funbox10 kernel: [    1.708145] usbhid: USB HID core driver
Jun 24 19:29:37 funbox10 kernel: [    1.720560] input: VirtualBox USB Tablet as /devices/pci0000:00/0000:00:06.0/usb2/2-1/2-1:1.0/0003:80EE:0021.0001/input/input6
Jun 24 19:29:37 funbox10 kernel: [    1.722282] hid-generic 0003:80EE:0021.0001: input,hidraw0: USB HID v1.10 Mouse [VirtualBox USB Tablet] on usb-0000:00:06.0-1/input0
Jun 24 19:29:37 funbox10 kernel: [    1.990065] ata3: SATA link up 3.0 Gbps (SStatus 123 SControl 300)
Jun 24 19:29:37 funbox10 kernel: [    1.991993] ata3.00: ATA-6: VBOX HARDDISK, 1.0, max UDMA/133
Jun 24 19:29:37 funbox10 kernel: [    1.993499] ata3.00: 10485760 sectors, multi 128: LBA48 NCQ (depth 31/32)
Jun 24 19:29:37 funbox10 kernel: [    1.995711] ata3.00: configured for UDMA/133
Jun 24 19:29:37 funbox10 kernel: [    1.997703] scsi 2:0:0:0: Direct-Access     ATA      VBOX HARDDISK    1.0  PQ: 0 ANSI: 5
Jun 24 19:29:37 funbox10 kernel: [    1.999825] sd 2:0:0:0: [sda] 10485760 512-byte logical blocks: (5.37 GB/5.00 GiB)
Jun 24 19:29:37 funbox10 kernel: [    1.999877] sd 2:0:0:0: Attached scsi generic sg1 type 0
Jun 24 19:29:37 funbox10 kernel: [    2.003398] sd 2:0:0:0: [sda] Write Protect is off
Jun 24 19:29:37 funbox10 kernel: [    2.004891] sd 2:0:0:0: [sda] Mode Sense: 00 3a 00 00
Jun 24 19:29:37 funbox10 kernel: [    2.004942] sd 2:0:0:0: [sda] Write cache: enabled, read cache: enabled, doesn't support DPO or FUA
Jun 24 19:29:37 funbox10 kernel: [    2.008596]  sda: sda1 sda2 < sda5 >
Jun 24 19:29:37 funbox10 kernel: [    2.009463] sd 2:0:0:0: [sda] Attached SCSI disk
Jun 24 19:29:37 funbox10 kernel: [    2.110380] md: linear personality registered for level -1
Jun 24 19:29:37 funbox10 kernel: [    2.112431] md: multipath personality registered for level -4
Jun 24 19:29:37 funbox10 kernel: [    2.114727] md: raid0 personality registered for level 0
Jun 24 19:29:37 funbox10 kernel: [    2.118128] md: raid1 personality registered for level 1
Jun 24 19:29:37 funbox10 kernel: [    2.189415] raid6: sse2x1   gen() 13668 MB/s
Jun 24 19:29:37 funbox10 kernel: [    2.257433] raid6: sse2x1   xor() 10025 MB/s
Jun 24 19:29:37 funbox10 kernel: [    2.325397] raid6: sse2x2   gen() 16802 MB/s
Jun 24 19:29:37 funbox10 kernel: [    2.393412] raid6: sse2x2   xor() 10070 MB/s
Jun 24 19:29:37 funbox10 kernel: [    2.461429] raid6: sse2x4   gen() 19216 MB/s
Jun 24 19:29:37 funbox10 kernel: [    2.529400] raid6: sse2x4   xor() 12709 MB/s
Jun 24 19:29:37 funbox10 kernel: [    2.597516] raid6: avx2x1   gen() 27243 MB/s
Jun 24 19:29:37 funbox10 kernel: [    2.665432] raid6: avx2x2   gen() 31033 MB/s
Jun 24 19:29:37 funbox10 kernel: [    2.733419] raid6: avx2x4   gen() 34611 MB/s
Jun 24 19:29:37 funbox10 kernel: [    2.733743] raid6: using algorithm avx2x4 gen() 34611 MB/s
Jun 24 19:29:37 funbox10 kernel: [    2.734048] raid6: using avx2x2 recovery algorithm
Jun 24 19:29:37 funbox10 kernel: [    2.735392] xor: automatically using best checksumming function:
Jun 24 19:29:37 funbox10 kernel: [    2.773364]    avx       : 27981.000 MB/sec
Jun 24 19:29:37 funbox10 kernel: [    2.774757] async_tx: api initialized (async)
Jun 24 19:29:37 funbox10 kernel: [    2.782715] md: raid6 personality registered for level 6
Jun 24 19:29:37 funbox10 kernel: [    2.783043] md: raid5 personality registered for level 5
Jun 24 19:29:37 funbox10 kernel: [    2.783347] md: raid4 personality registered for level 4
Jun 24 19:29:37 funbox10 kernel: [    2.788977] md: raid10 personality registered for level 10
Jun 24 19:29:37 funbox10 kernel: [    2.886709] Btrfs loaded
Jun 24 19:29:37 funbox10 kernel: [    2.994234] EXT4-fs (dm-0): mounted filesystem with ordered data mode. Opts: (null)
Jun 24 19:29:37 funbox10 kernel: [    3.626507] Loading iSCSI transport class v2.0-870.
Jun 24 19:29:37 funbox10 kernel: [    3.635887] EXT4-fs (dm-0): re-mounted. Opts: errors=remount-ro
Jun 24 19:29:37 funbox10 kernel: [    3.653898] iscsi: registered transport (tcp)
Jun 24 19:29:37 funbox10 kernel: [    3.732692] iscsi: registered transport (iser)
Jun 24 19:29:37 funbox10 kernel: [    3.863023] piix4_smbus 0000:00:07.0: SMBus Host Controller at 0x4100, revision 0
Jun 24 19:29:37 funbox10 kernel: [    3.893977] random: nonblocking pool is initialized
Jun 24 19:29:37 funbox10 kernel: [    3.921097] vgdrvHeartbeatInit: Setting up heartbeat to trigger every 2000 milliseconds
Jun 24 19:29:37 funbox10 kernel: [    3.924433] input: Unspecified device as /devices/pci0000:00/0000:00:04.0/input/input7
Jun 24 19:29:37 funbox10 kernel: [    3.933562] vboxguest: misc device minor 55, IRQ 20, I/O port d040, MMIO at 00000000f0400000 (size 0x400000)
Jun 24 19:29:37 funbox10 kernel: [    3.933564] vboxguest: Successfully loaded version 5.0.18_Ubuntu (interface 0x00010004)
Jun 24 19:29:37 funbox10 kernel: [    3.934185] snd_intel8x0 0000:00:05.0: disable (unknown or VT-d) VM optimization
Jun 24 19:29:37 funbox10 kernel: [    3.948396] intel_rapl: no valid rapl domains found in package 0
Jun 24 19:29:37 funbox10 kernel: [    3.965961] intel_rapl: no valid rapl domains found in package 0
Jun 24 19:29:37 funbox10 kernel: [    4.113098] Adding 1003516k swap on /dev/mapper/funbox10--vg-swap_1.  Priority:-1 extents:1 across:1003516k FS
Jun 24 19:29:37 funbox10 kernel: [    9.129313] snd_intel8x0 0000:00:05.0: white list rate for 1028:0177 is 48000
Jun 24 19:29:37 funbox10 kernel: [    9.155907] EXT4-fs (sda1): mounting ext2 file system using the ext4 subsystem
Jun 24 19:29:37 funbox10 kernel: [    9.176650] EXT4-fs (sda1): mounted filesystem without journal. Opts: (null)
Jun 24 19:29:37 funbox10 kernel: [    9.623415] audit: type=1400 audit(1624555777.124:2): apparmor="STATUS" operation="profile_load" profile="unconfined" name="/sbin/dhclient" pid=716 comm="apparmor_parser"
Jun 24 19:29:37 funbox10 kernel: [    9.623787] audit: type=1400 audit(1624555777.124:3): apparmor="STATUS" operation="profile_load" profile="unconfined" name="/usr/lib/NetworkManager/nm-dhcp-client.action" pid=716 comm="apparmor_parser"
Jun 24 19:29:37 funbox10 kernel: [    9.624080] audit: type=1400 audit(1624555777.124:4): apparmor="STATUS" operation="profile_load" profile="unconfined" name="/usr/lib/NetworkManager/nm-dhcp-helper" pid=716 comm="apparmor_parser"
Jun 24 19:29:37 funbox10 kernel: [    9.624353] audit: type=1400 audit(1624555777.124:5): apparmor="STATUS" operation="profile_load" profile="unconfined" name="/usr/lib/connman/scripts/dhclient-script" pid=716 comm="apparmor_parser"
Jun 24 19:29:37 funbox10 kernel: [    9.638501] audit: type=1400 audit(1624555777.140:6): apparmor="STATUS" operation="profile_load" profile="unconfined" name="/usr/bin/lxc-start" pid=720 comm="apparmor_parser"
Jun 24 19:29:37 funbox10 kernel: [    9.766413] audit: type=1400 audit(1624555777.268:7): apparmor="STATUS" operation="profile_load" profile="unconfined" name="/usr/lib/lxd/lxd-bridge-proxy" pid=722 comm="apparmor_parser"
Jun 24 19:29:37 funbox10 kernel: [    9.843168] audit: type=1400 audit(1624555777.344:8): apparmor="STATUS" operation="profile_load" profile="unconfined" name="lxc-container-default" pid=717 comm="apparmor_parser"
Jun 24 19:29:37 funbox10 kernel: [    9.843473] audit: type=1400 audit(1624555777.344:9): apparmor="STATUS" operation="profile_load" profile="unconfined" name="lxc-container-default-cgns" pid=717 comm="apparmor_parser"
Jun 24 19:29:37 funbox10 kernel: [    9.843749] audit: type=1400 audit(1624555777.344:10): apparmor="STATUS" operation="profile_load" profile="unconfined" name="lxc-container-default-with-mounting" pid=717 comm="apparmor_parser"
Jun 24 19:29:37 funbox10 kernel: [    9.844064] audit: type=1400 audit(1624555777.344:11): apparmor="STATUS" operation="profile_load" profile="unconfined" name="lxc-container-default-with-nesting" pid=717 comm="apparmor_parser"
Jun 24 19:29:37 funbox10 kernel: [   10.354062] e1000: enp0s3 NIC Link is Up 1000 Mbps Full Duplex, Flow Control: RX
Jun 24 19:29:37 funbox10 dbus[775]: [system] AppArmor D-Bus mediation is enabled
Jun 24 19:29:37 funbox10 dhclient[770]: Listening on LPF/enp0s3/08:00:27:6f:b6:42
Jun 24 19:29:37 funbox10 sh[735]: Listening on LPF/enp0s3/08:00:27:6f:b6:42
Jun 24 19:29:37 funbox10 sh[735]: Sending on   LPF/enp0s3/08:00:27:6f:b6:42
Jun 24 19:29:37 funbox10 sh[735]: Sending on   Socket/fallback
Jun 24 19:29:37 funbox10 sh[735]: DHCPDISCOVER on enp0s3 to 255.255.255.255 port 67 interval 3 (xid=0xa8f6917)
Jun 24 19:29:37 funbox10 kernel: [   10.393840] cgroup: new mount options do not match the existing superblock, will be ignored
Jun 24 19:29:37 funbox10 sh[735]: DHCPREQUEST of 192.168.178.25 on enp0s3 to 255.255.255.255 port 67 (xid=0x17698f0a)
Jun 24 19:29:37 funbox10 sh[735]: DHCPOFFER of 192.168.178.25 from 192.168.178.1
Jun 24 19:29:37 funbox10 sh[735]: DHCPACK of 192.168.178.25 from 192.168.178.1
Jun 24 19:29:37 funbox10 dhclient[770]: Sending on   LPF/enp0s3/08:00:27:6f:b6:42
Jun 24 19:29:37 funbox10 systemd[1]: Starting LSB: Record successful boot for GRUB...
Jun 24 19:29:37 funbox10 dhclient[770]: Sending on   Socket/fallback
Jun 24 19:29:37 funbox10 systemd[1]: Starting Login Service...
Jun 24 19:29:37 funbox10 dhclient[770]: DHCPDISCOVER on enp0s3 to 255.255.255.255 port 67 interval 3 (xid=0xa8f6917)
Jun 24 19:29:37 funbox10 systemd[1]: Started FUSE filesystem for LXC.
Jun 24 19:29:37 funbox10 dhclient[770]: DHCPREQUEST of 192.168.178.25 on enp0s3 to 255.255.255.255 port 67 (xid=0x17698f0a)
Jun 24 19:29:37 funbox10 systemd[1]: Started ACPI event daemon.
Jun 24 19:29:37 funbox10 dhclient[770]: DHCPOFFER of 192.168.178.25 from 192.168.178.1
Jun 24 19:29:37 funbox10 systemd[1]: Starting LSB: MD monitoring daemon...
Jun 24 19:29:37 funbox10 dhclient[770]: DHCPACK of 192.168.178.25 from 192.168.178.1
Jun 24 19:29:37 funbox10 systemd[1]: Starting LXD - container startup/shutdown...
Jun 24 19:29:37 funbox10 cron[826]: (CRON) INFO (pidfile fd = 3)
Jun 24 19:29:37 funbox10 systemd[1]: Started Regular background program processing daemon.
Jun 24 19:29:37 funbox10 systemd[1]: Started Deferred execution scheduler.
Jun 24 19:29:37 funbox10 systemd[1]: Starting Accounts Service...
Jun 24 19:29:37 funbox10 systemd[1]: Starting Snap Daemon...
Jun 24 19:29:37 funbox10 systemd[1]: Started System Logging Service.
Jun 24 19:29:37 funbox10 mdadm[820]:  * Starting MD monitoring service mdadm --monitor
Jun 24 19:29:37 funbox10 systemd[1]: Started Login Service.
Jun 24 19:29:37 funbox10 cron[826]: (CRON) INFO (Running @reboot jobs)
Jun 24 19:29:37 funbox10 lxcfs[812]: hierarchies:
Jun 24 19:29:37 funbox10 lxcfs[812]:   0: fd:   5: perf_event
Jun 24 19:29:37 funbox10 lxcfs[812]:   1: fd:   6: hugetlb
Jun 24 19:29:37 funbox10 lxcfs[812]:   2: fd:   7: devices
Jun 24 19:29:37 funbox10 lxcfs[812]:   3: fd:   8: pids
Jun 24 19:29:37 funbox10 lxcfs[812]:   4: fd:   9: cpu,cpuacct
Jun 24 19:29:37 funbox10 lxcfs[812]:   5: fd:  10: blkio
Jun 24 19:29:37 funbox10 lxcfs[812]:   6: fd:  11: freezer
Jun 24 19:29:37 funbox10 lxcfs[812]:   7: fd:  12: cpuset
Jun 24 19:29:37 funbox10 lxcfs[812]:   8: fd:  13: net_cls,net_prio
Jun 24 19:29:37 funbox10 lxcfs[812]:   9: fd:  14: memory
Jun 24 19:29:37 funbox10 lxcfs[812]:  10: fd:  15: name=systemd
Jun 24 19:29:37 funbox10 ifup[753]: /sbin/ifup: waiting for lock on /run/network/ifstate.enp0s3
Jun 24 19:29:37 funbox10 systemd[1]: Starting LSB: start Samba SMB/CIFS daemon (smbd)...
Jun 24 19:29:37 funbox10 mdadm[820]:    ...done.
Jun 24 19:29:37 funbox10 systemd[1]: Started LSB: Record successful boot for GRUB.
Jun 24 19:29:37 funbox10 systemd[1]: Started LSB: MD monitoring daemon.
Jun 24 19:29:38 funbox10 acpid: starting up with netlink and the input layer
Jun 24 19:29:38 funbox10 acpid: 1 rule loaded
Jun 24 19:29:38 funbox10 acpid: waiting for events: event logging is off
Jun 24 19:29:38 funbox10 dbus[775]: [system] Activating via systemd: service name='org.freedesktop.PolicyKit1' unit='polkitd.service'
Jun 24 19:29:38 funbox10 systemd[1]: Starting Authenticate and Authorize Users to Run Privileged Tasks...
Jun 24 19:29:38 funbox10 polkitd[903]: started daemon version 0.105 using authority implementation `local' version `0.105'
Jun 24 19:29:38 funbox10 dbus[775]: [system] Successfully activated service 'org.freedesktop.PolicyKit1'
Jun 24 19:29:38 funbox10 systemd[1]: Started Authenticate and Authorize Users to Run Privileged Tasks.
Jun 24 19:29:38 funbox10 accounts-daemon[831]: started daemon version 0.6.40
Jun 24 19:29:38 funbox10 systemd[1]: Started Accounts Service.
Jun 24 19:29:38 funbox10 systemd[1]: Started LXD - container startup/shutdown.
Jun 24 19:29:38 funbox10 snapd[837]: AppArmor status: apparmor is enabled and all features are available
Jun 24 19:29:38 funbox10 snapd[837]: daemon.go:343: started snapd/2.45.1ubuntu0.2 (series 16; classic) ubuntu/16.04 (amd64) linux/4.4.0-186-generic.
Jun 24 19:29:38 funbox10 snapd[837]: daemon.go:436: adjusting startup timeout by 30s (pessimistic estimate of 30s plus 5s per snap)
Jun 24 19:29:38 funbox10 snapd[837]: helpers.go:105: error trying to compare the snap system key: system-key missing on disk
Jun 24 19:29:38 funbox10 systemd[1]: Started Snap Daemon.
Jun 24 19:29:38 funbox10 systemd[1]: Starting Wait until snapd is fully seeded...
Jun 24 19:29:38 funbox10 smbd[883]:  * Starting SMB/CIFS daemon smbd
Jun 24 19:29:38 funbox10 smbd[883]:    ...done.
Jun 24 19:29:38 funbox10 systemd[1]: Started LSB: start Samba SMB/CIFS daemon (smbd).
Jun 24 19:29:39 funbox10 systemd[1]: Stopping Network Time Synchronization...
Jun 24 19:29:39 funbox10 systemd[1]: Stopped Network Time Synchronization.
Jun 24 19:29:39 funbox10 systemd[1]: Starting Network Time Synchronization...
Jun 24 19:29:39 funbox10 systemd[1]: Started Network Time Synchronization.
Jun 24 19:29:39 funbox10 systemd-timesyncd[1004]: Synchronized to time server 192.168.178.1:123 (192.168.178.1).
Jun 24 19:29:39 funbox10 dhclient[770]: bound to 192.168.178.25 -- renewal in 346278 seconds.
Jun 24 19:29:39 funbox10 sh[735]: bound to 192.168.178.25 -- renewal in 346278 seconds.
Jun 24 19:29:39 funbox10 systemd[1]: Started Raise network interfaces.
Jun 24 19:29:39 funbox10 systemd[1]: Reached target Network.
Jun 24 19:29:39 funbox10 systemd[1]: Started Unattended Upgrades Shutdown.
Jun 24 19:29:39 funbox10 systemd[1]: Starting OpenBSD Secure Shell server...
Jun 24 19:29:39 funbox10 systemd[1]: Starting MySQL Community Server...
Jun 24 19:29:39 funbox10 systemd[1]: Starting Dovecot IMAP/POP3 email server...
Jun 24 19:29:39 funbox10 systemd[1]: Reached target Network is Online.
Jun 24 19:29:39 funbox10 systemd[1]: Starting iSCSI initiator daemon (iscsid)...
Jun 24 19:29:39 funbox10 systemd[1]: Starting /etc/rc.local Compatibility...
Jun 24 19:29:39 funbox10 systemd[1]: Started /etc/rc.local Compatibility.
Jun 24 19:29:39 funbox10 iscsid: iSCSI logger with pid=1127 started!
Jun 24 19:29:39 funbox10 systemd[1]: Started iSCSI initiator daemon (iscsid).
Jun 24 19:29:39 funbox10 systemd[1]: Starting Login to default iSCSI targets...
Jun 24 19:29:39 funbox10 iscsiadm[1134]: iscsiadm: No records found
Jun 24 19:29:39 funbox10 systemd[1]: Started Login to default iSCSI targets.
Jun 24 19:29:39 funbox10 systemd[1]: Reached target Remote File Systems (Pre).
Jun 24 19:29:39 funbox10 systemd[1]: Reached target Remote File Systems.
Jun 24 19:29:39 funbox10 systemd[1]: Starting Permit User Sessions...
Jun 24 19:29:39 funbox10 systemd[1]: Starting LSB: Apache2 web server...
Jun 24 19:29:39 funbox10 systemd[1]: Starting LSB: start Samba daemons for the AD DC...
Jun 24 19:29:39 funbox10 systemd[1]: Starting LSB: start Samba NetBIOS nameserver (nmbd)...
Jun 24 19:29:39 funbox10 systemd[1]: Starting LSB: start Winbind daemon...
Jun 24 19:29:39 funbox10 systemd[1]: Starting LSB: daemon to balance interrupts for SMP systems...
Jun 24 19:29:39 funbox10 systemd[1]: Starting LSB: Set the CPU Frequency Scaling governor to "ondemand"...
Jun 24 19:29:39 funbox10 systemd[1]: Starting LSB: automatic crash report generation...
Jun 24 19:29:39 funbox10 systemd[1]: Started Permit User Sessions.
Jun 24 19:29:39 funbox10 systemd[1]: Starting Terminate Plymouth Boot Screen...
Jun 24 19:29:39 funbox10 systemd[1]: Starting Hold until boot process finishes up...
Jun 24 19:29:39 funbox10 systemd[1]: Started OpenBSD Secure Shell server.
Jun 24 19:29:39 funbox10 systemd[1]: dovecot.service: Can't open PID file /var/run/dovecot/master.pid (yet?) after start: No such file or directory
Jun 24 19:29:39 funbox10 systemd[1]: Started Hold until boot process finishes up.
Jun 24 19:29:39 funbox10 systemd[1]: Starting Set console scheme...
Jun 24 19:29:39 funbox10 systemd[1]: Started Getty on tty1.
Jun 24 19:29:39 funbox10 systemd[1]: Reached target Login Prompts.
Jun 24 19:29:39 funbox10 systemd[1]: Started Set console scheme.
Jun 24 19:29:39 funbox10 systemd[1]: Started Terminate Plymouth Boot Screen.
Jun 24 19:29:39 funbox10 apache2[1146]:  * Starting Apache httpd web server apache2
Jun 24 19:29:39 funbox10 apport[1167]:  * Starting automatic crash report generation: apport
Jun 24 19:29:39 funbox10 dovecot: master: Dovecot v2.2.22 (fe789d2) starting up for imap, pop3 (core dumps disabled)
Jun 24 19:29:39 funbox10 systemd[1]: Started LSB: Set the CPU Frequency Scaling governor to "ondemand".
Jun 24 19:29:39 funbox10 systemd[1]: Started Dovecot IMAP/POP3 email server.
Jun 24 19:29:39 funbox10 apport[1167]:    ...done.
Jun 24 19:29:39 funbox10 irqbalance[1158]:  * Starting SMP IRQ Balancer: irqbalance
Jun 24 19:29:39 funbox10 irqbalance[1158]:    ...done.
Jun 24 19:29:39 funbox10 systemd[1]: Started LSB: automatic crash report generation.
Jun 24 19:29:39 funbox10 systemd[1]: Started LSB: daemon to balance interrupts for SMP systems.
Jun 24 19:29:39 funbox10 dovecot: ssl-params: Generating SSL parameters
Jun 24 19:29:39 funbox10 apache2[1146]: AH00558: apache2: Could not reliably determine the server's fully qualified domain name, using 127.0.1.1. Set the 'ServerName' directive globally to suppress this message
Jun 24 19:29:39 funbox10 winbind[1156]:  * Starting the Winbind daemon winbind
Jun 24 19:29:39 funbox10 systemd[1]: Started LSB: start Samba daemons for the AD DC.
Jun 24 19:29:39 funbox10 nmbd[1148]:  * Starting NetBIOS name server nmbd
Jun 24 19:29:39 funbox10 winbind[1156]:    ...done.
Jun 24 19:29:39 funbox10 systemd[1]: Started LSB: start Winbind daemon.
Jun 24 19:29:39 funbox10 nmbd[1148]:    ...done.
Jun 24 19:29:39 funbox10 systemd[1]: Started LSB: start Samba NetBIOS nameserver (nmbd).
Jun 24 19:29:40 funbox10 iscsid: iSCSI daemon with pid=1128 started!
Jun 24 19:29:40 funbox10 systemd[1]: Started MySQL Community Server.
Jun 24 19:29:40 funbox10 systemd[1]: Starting LSB: Postfix Mail Transport Agent...
Jun 24 19:29:40 funbox10 postfix[1324]:  * Starting Postfix Mail Transport Agent postfix
Jun 24 19:29:40 funbox10 dovecot: ssl-params: SSL parameters regeneration completed
Jun 24 19:29:40 funbox10 postfix[1401]: Postfix is running with backwards-compatible default settings
Jun 24 19:29:40 funbox10 postfix[1401]: See http://www.postfix.org/COMPATIBILITY_README.html for details
Jun 24 19:29:40 funbox10 postfix[1401]: To disable backwards compatibility use "postconf compatibility_level=2" and "postfix reload"
Jun 24 19:29:40 funbox10 apache2[1146]:  *
Jun 24 19:29:40 funbox10 systemd[1]: Started LSB: Apache2 web server.
Jun 24 19:29:40 funbox10 postfix[1324]:    ...done.
Jun 24 19:29:40 funbox10 systemd[1]: Started LSB: Postfix Mail Transport Agent.
Jun 24 19:29:40 funbox10 systemd[1]: Reached target Mail Transport Agent.
Jun 24 19:29:40 funbox10 postfix/master[1448]: daemon started -- version 3.1.0, configuration /etc/postfix
Jun 24 19:29:45 funbox10 ntpdate[1040]: adjust time server 91.189.89.199 offset 0.001270 sec
Jun 24 19:29:48 funbox10 systemd[1]: Started Wait until snapd is fully seeded.
Jun 24 19:29:48 funbox10 systemd[1]: Reached target Multi-User System.
Jun 24 19:29:48 funbox10 systemd[1]: Reached target Graphical Interface.
Jun 24 19:29:48 funbox10 systemd[1]: Starting Update UTMP about System Runlevel Changes...
Jun 24 19:29:48 funbox10 systemd[1]: Started Update UTMP about System Runlevel Changes.
Jun 24 19:29:48 funbox10 systemd[1]: Startup finished in 3.000s (kernel) + 17.524s (userspace) = 20.525s.
Jun 24 19:29:53 funbox10 snapd[837]: daemon.go:542: gracefully waiting for running hooks
Jun 24 19:29:53 funbox10 snapd[837]: daemon.go:544: done waiting for running hooks
Jun 24 19:29:53 funbox10 snapd[837]: daemon stop requested to wait for socket activation
Jun 24 19:30:41 funbox10 systemd[1]: Created slice User Slice of joe.
Jun 24 19:30:41 funbox10 systemd[1]: Starting User Manager for UID 1000...
Jun 24 19:30:41 funbox10 systemd[1]: Started Session 1 of user joe.
Jun 24 19:30:41 funbox10 systemd[1463]: Listening on REST API socket for snapd user session agent.
Jun 24 19:30:41 funbox10 systemd[1463]: Reached target Timers.
Jun 24 19:30:41 funbox10 systemd[1463]: Reached target Sockets.
Jun 24 19:30:41 funbox10 systemd[1463]: Reached target Paths.
Jun 24 19:30:41 funbox10 systemd[1463]: Reached target Basic System.
Jun 24 19:30:41 funbox10 systemd[1463]: Reached target Default.
Jun 24 19:30:41 funbox10 systemd[1463]: Startup finished in 22ms.
Jun 24 19:30:41 funbox10 systemd[1]: Started User Manager for UID 1000.
Jun 24 19:32:08 funbox10 dovecot: imap-login: Disconnected (disconnected before auth was ready, waited 0 secs): user=<>, rip=192.168.178.37, lip=192.168.178.25, session=<cWIKZ4bFKOjAqLIl>
Jun 24 19:32:08 funbox10 dovecot: pop3-login: Disconnected (no auth attempts in 0 secs): user=<>, rip=192.168.178.37, lip=192.168.178.25, session=<QosKZ4bF0sHAqLIl>
Jun 24 19:32:08 funbox10 postfix/smtpd[1586]: connect from unknown[unknown]
Jun 24 19:32:08 funbox10 postfix/smtpd[1586]: lost connection after CONNECT from unknown[unknown]
Jun 24 19:32:08 funbox10 postfix/smtpd[1586]: disconnect from unknown[unknown] commands=0/0
Jun 24 19:35:28 funbox10 postfix/anvil[1590]: statistics: max connection rate 1/60s for (smtp:unknown) at Jun 24 19:32:08
Jun 24 19:35:28 funbox10 postfix/anvil[1590]: statistics: max connection count 1 for (smtp:unknown) at Jun 24 19:32:08
Jun 24 19:35:28 funbox10 postfix/anvil[1590]: statistics: max cache size 1 at Jun 24 19:32:08
Jun 24 19:39:02 funbox10 CRON[1646]: (root) CMD (  [ -x /usr/lib/php/sessionclean ] && /usr/lib/php/sessionclean)
Jun 24 19:45:17 funbox10 systemd[1]: Starting Cleanup of Temporary Directories...
Jun 24 19:45:17 funbox10 systemd-tmpfiles[2023]: [/usr/lib/tmpfiles.d/var.conf:14] Duplicate line for path "/var/log", ignoring.
Jun 24 19:45:17 funbox10 systemd[1]: Started Cleanup of Temporary Directories.
Jun 24 20:09:01 funbox10 CRON[2061]: (root) CMD (  [ -x /usr/lib/php/sessionclean ] && /usr/lib/php/sessionclean)
Jun 24 20:17:01 funbox10 CRON[2107]: (root) CMD (   cd / && run-parts --report /etc/cron.hourly)
Jun 24 20:39:01 funbox10 CRON[2171]: (root) CMD (  [ -x /usr/lib/php/sessionclean ] && /usr/lib/php/sessionclean)
Jun 24 20:54:41 funbox10 systemd[1]: Stopping User Manager for UID 1000...
Jun 24 20:54:41 funbox10 systemd[1463]: Stopped target Default.
Jun 24 20:54:41 funbox10 systemd[1463]: Stopped target Basic System.
Jun 24 20:54:42 funbox10 systemd[1463]: Stopped target Sockets.
Jun 24 20:54:42 funbox10 systemd[1463]: Closed REST API socket for snapd user session agent.
Jun 24 20:54:42 funbox10 systemd[1463]: Reached target Shutdown.
Jun 24 20:54:42 funbox10 systemd[1463]: Starting Exit the Session...
Jun 24 20:54:42 funbox10 systemd[1463]: Stopped target Paths.
Jun 24 20:54:42 funbox10 systemd[1463]: Stopped target Timers.
Jun 24 20:54:42 funbox10 systemd[1463]: Received SIGRTMIN+24 from PID 2233 (kill).
Jun 24 20:54:42 funbox10 systemd[1]: Stopped User Manager for UID 1000.
Jun 24 20:54:42 funbox10 systemd[1]: Removed slice User Slice of joe.
Jun 25 00:24:10 funbox10 rsyslogd: [origin software="rsyslogd" swVersion="8.16.0" x-pid="789" x-info="http://www.rsyslog.com"] start
Jun 25 00:24:10 funbox10 rsyslogd-2222: command 'KLogPermitNonKernelFacility' is currently not permitted - did you already set it via a RainerScript command (v6+ config)? [v8.16.0 try http://www.rsyslog.com/e/2222 ]
Jun 25 00:24:10 funbox10 rsyslogd: rsyslogd's groupid changed to 108
Jun 25 00:24:10 funbox10 rsyslogd: rsyslogd's userid changed to 104
Jun 25 00:24:10 funbox10 kernel: [    0.000000] Initializing cgroup subsys cpuset
Jun 25 00:24:10 funbox10 kernel: [    0.000000] Initializing cgroup subsys cpu
Jun 25 00:24:10 funbox10 kernel: [    0.000000] Initializing cgroup subsys cpuacct
Jun 25 00:24:10 funbox10 kernel: [    0.000000] Linux version 4.4.0-186-generic (buildd@lcy01-amd64-002) (gcc version 5.4.0 20160609 (Ubuntu 5.4.0-6ubuntu1~16.04.12) ) #216-Ubuntu SMP Wed Jul 1 05:34:05 UTC 2020 (Ubuntu 4.4.0-186.216-generic 4.4.228)
Jun 25 00:24:10 funbox10 kernel: [    0.000000] Command line: BOOT_IMAGE=/vmlinuz-4.4.0-186-generic root=/dev/mapper/funbox10--vg-root ro
Jun 25 00:24:10 funbox10 kernel: [    0.000000] KERNEL supported cpus:
Jun 25 00:24:10 funbox10 kernel: [    0.000000]   Intel GenuineIntel
Jun 25 00:24:10 funbox10 kernel: [    0.000000]   AMD AuthenticAMD
Jun 25 00:24:10 funbox10 kernel: [    0.000000]   Centaur CentaurHauls
Jun 25 00:24:10 funbox10 kernel: [    0.000000] x86/fpu: xstate_offset[2]:  576, xstate_sizes[2]:  256
Jun 25 00:24:10 funbox10 kernel: [    0.000000] x86/fpu: Supporting XSAVE feature 0x01: 'x87 floating point registers'
Jun 25 00:24:10 funbox10 kernel: [    0.000000] x86/fpu: Supporting XSAVE feature 0x02: 'SSE registers'
Jun 25 00:24:10 funbox10 kernel: [    0.000000] x86/fpu: Supporting XSAVE feature 0x04: 'AVX registers'
Jun 25 00:24:10 funbox10 kernel: [    0.000000] x86/fpu: Enabled xstate features 0x7, context size is 832 bytes, using 'standard' format.
Jun 25 00:24:10 funbox10 kernel: [    0.000000] e820: BIOS-provided physical RAM map:
Jun 25 00:24:10 funbox10 kernel: [    0.000000] BIOS-e820: [mem 0x0000000000000000-0x000000000009fbff] usable
Jun 25 00:24:10 funbox10 kernel: [    0.000000] BIOS-e820: [mem 0x000000000009fc00-0x000000000009ffff] reserved
Jun 25 00:24:10 funbox10 kernel: [    0.000000] BIOS-e820: [mem 0x00000000000f0000-0x00000000000fffff] reserved
Jun 25 00:24:10 funbox10 kernel: [    0.000000] BIOS-e820: [mem 0x0000000000100000-0x000000007ffeffff] usable
Jun 25 00:24:10 funbox10 kernel: [    0.000000] BIOS-e820: [mem 0x000000007fff0000-0x000000007fffffff] ACPI data
Jun 25 00:24:10 funbox10 kernel: [    0.000000] BIOS-e820: [mem 0x00000000fec00000-0x00000000fec00fff] reserved
Jun 25 00:24:10 funbox10 kernel: [    0.000000] BIOS-e820: [mem 0x00000000fee00000-0x00000000fee00fff] reserved
Jun 25 00:24:10 funbox10 kernel: [    0.000000] BIOS-e820: [mem 0x00000000fffc0000-0x00000000ffffffff] reserved
Jun 25 00:24:10 funbox10 kernel: [    0.000000] NX (Execute Disable) protection: active
Jun 25 00:24:10 funbox10 kernel: [    0.000000] SMBIOS 2.5 present.
Jun 25 00:24:10 funbox10 kernel: [    0.000000] DMI: innotek GmbH VirtualBox/VirtualBox, BIOS VirtualBox 12/01/2006
Jun 25 00:24:10 funbox10 kernel: [    0.000000] Hypervisor detected: KVM
Jun 25 00:24:10 funbox10 kernel: [    0.000000] e820: update [mem 0x00000000-0x00000fff] usable ==> reserved
Jun 25 00:24:10 funbox10 kernel: [    0.000000] e820: remove [mem 0x000a0000-0x000fffff] usable
Jun 25 00:24:10 funbox10 kernel: [    0.000000] e820: last_pfn = 0x7fff0 max_arch_pfn = 0x400000000
Jun 25 00:24:10 funbox10 kernel: [    0.000000] MTRR default type: uncachable
Jun 25 00:24:10 funbox10 kernel: [    0.000000] MTRR variable ranges disabled:
Jun 25 00:24:10 funbox10 kernel: [    0.000000] MTRR: Disabled
Jun 25 00:24:10 funbox10 kernel: [    0.000000] x86/PAT: MTRRs disabled, skipping PAT initialization too.
Jun 25 00:24:10 funbox10 kernel: [    0.000000] CPU MTRRs all blank - virtualized system.
Jun 25 00:24:10 funbox10 kernel: [    0.000000] x86/PAT: Configuration [0-7]: WB  WT  UC- UC  WB  WT  UC- UC  
Jun 25 00:24:10 funbox10 kernel: [    0.000000] found SMP MP-table at [mem 0x0009fff0-0x0009ffff] mapped at [ffff88000009fff0]
Jun 25 00:24:10 funbox10 kernel: [    0.000000] Scanning 1 areas for low memory corruption
Jun 25 00:24:10 funbox10 kernel: [    0.000000] Base memory trampoline at [ffff880000098000] 98000 size 28672
Jun 25 00:24:10 funbox10 kernel: [    0.000000] RAMDISK: [mem 0x3311c000-0x35885fff]
Jun 25 00:24:10 funbox10 kernel: [    0.000000] ACPI: Early table checksum verification disabled
Jun 25 00:24:10 funbox10 kernel: [    0.000000] ACPI: RSDP 0x00000000000E0000 000024 (v02 VBOX  )
Jun 25 00:24:10 funbox10 kernel: [    0.000000] ACPI: XSDT 0x000000007FFF0030 00003C (v01 VBOX   VBOXXSDT 00000001 ASL  00000061)
Jun 25 00:24:10 funbox10 kernel: [    0.000000] ACPI: FACP 0x000000007FFF00F0 0000F4 (v04 VBOX   VBOXFACP 00000001 ASL  00000061)
Jun 25 00:24:10 funbox10 kernel: [    0.000000] ACPI: DSDT 0x000000007FFF0470 002325 (v02 VBOX   VBOXBIOS 00000002 INTL 20100528)
Jun 25 00:24:10 funbox10 kernel: [    0.000000] ACPI: FACS 0x000000007FFF0200 000040
Jun 25 00:24:10 funbox10 kernel: [    0.000000] ACPI: FACS 0x000000007FFF0200 000040
Jun 25 00:24:10 funbox10 kernel: [    0.000000] ACPI: APIC 0x000000007FFF0240 00005C (v02 VBOX   VBOXAPIC 00000001 ASL  00000061)
Jun 25 00:24:10 funbox10 kernel: [    0.000000] ACPI: SSDT 0x000000007FFF02A0 0001CC (v01 VBOX   VBOXCPUT 00000002 INTL 20100528)
Jun 25 00:24:10 funbox10 kernel: [    0.000000] ACPI: Local APIC address 0xfee00000
Jun 25 00:24:10 funbox10 kernel: [    0.000000] No NUMA configuration found
Jun 25 00:24:10 funbox10 kernel: [    0.000000] Faking a node at [mem 0x0000000000000000-0x000000007ffeffff]
Jun 25 00:24:10 funbox10 kernel: [    0.000000] NODE_DATA(0) allocated [mem 0x7ffeb000-0x7ffeffff]
Jun 25 00:24:10 funbox10 kernel: [    0.000000] kvm-clock: Using msrs 4b564d01 and 4b564d00
Jun 25 00:24:10 funbox10 kernel: [    0.000000] kvm-clock: cpu 0, msr 0:7ffe3001, primary cpu clock
Jun 25 00:24:10 funbox10 kernel: [    0.000000] kvm-clock: using sched offset of 6310957439 cycles
Jun 25 00:24:10 funbox10 kernel: [    0.000000] clocksource: kvm-clock: mask: 0xffffffffffffffff max_cycles: 0x1cd42e4dffb, max_idle_ns: 881590591483 ns
Jun 25 00:24:10 funbox10 kernel: [    0.000000] Zone ranges:
Jun 25 00:24:10 funbox10 kernel: [    0.000000]   DMA      [mem 0x0000000000001000-0x0000000000ffffff]
Jun 25 00:24:10 funbox10 kernel: [    0.000000]   DMA32    [mem 0x0000000001000000-0x000000007ffeffff]
Jun 25 00:24:10 funbox10 kernel: [    0.000000]   Normal   empty
Jun 25 00:24:10 funbox10 kernel: [    0.000000]   Device   empty
Jun 25 00:24:10 funbox10 kernel: [    0.000000] Movable zone start for each node
Jun 25 00:24:10 funbox10 kernel: [    0.000000] Early memory node ranges
Jun 25 00:24:10 funbox10 kernel: [    0.000000]   node   0: [mem 0x0000000000001000-0x000000000009efff]
Jun 25 00:24:10 funbox10 kernel: [    0.000000]   node   0: [mem 0x0000000000100000-0x000000007ffeffff]
Jun 25 00:24:10 funbox10 kernel: [    0.000000] Initmem setup node 0 [mem 0x0000000000001000-0x000000007ffeffff]
Jun 25 00:24:10 funbox10 kernel: [    0.000000] On node 0 totalpages: 524174
Jun 25 00:24:10 funbox10 kernel: [    0.000000]   DMA zone: 64 pages used for memmap
Jun 25 00:24:10 funbox10 kernel: [    0.000000]   DMA zone: 22 pages reserved
Jun 25 00:24:10 funbox10 kernel: [    0.000000]   DMA zone: 3998 pages, LIFO batch:0
Jun 25 00:24:10 funbox10 kernel: [    0.000000]   DMA32 zone: 8128 pages used for memmap
Jun 25 00:24:10 funbox10 kernel: [    0.000000]   DMA32 zone: 520176 pages, LIFO batch:31
Jun 25 00:24:10 funbox10 kernel: [    0.000000] ACPI: PM-Timer IO Port: 0x4008
Jun 25 00:24:10 funbox10 kernel: [    0.000000] ACPI: Local APIC address 0xfee00000
Jun 25 00:24:10 funbox10 kernel: [    0.000000] IOAPIC[0]: apic_id 2, version 32, address 0xfec00000, GSI 0-23
Jun 25 00:24:10 funbox10 kernel: [    0.000000] ACPI: INT_SRC_OVR (bus 0 bus_irq 0 global_irq 2 dfl dfl)
Jun 25 00:24:10 funbox10 kernel: [    0.000000] ACPI: INT_SRC_OVR (bus 0 bus_irq 9 global_irq 9 low level)
Jun 25 00:24:10 funbox10 kernel: [    0.000000] ACPI: IRQ0 used by override.
Jun 25 00:24:10 funbox10 kernel: [    0.000000] ACPI: IRQ9 used by override.
Jun 25 00:24:10 funbox10 kernel: [    0.000000] Using ACPI (MADT) for SMP configuration information
Jun 25 00:24:10 funbox10 kernel: [    0.000000] smpboot: Allowing 2 CPUs, 0 hotplug CPUs
Jun 25 00:24:10 funbox10 kernel: [    0.000000] PM: Registered nosave memory: [mem 0x00000000-0x00000fff]
Jun 25 00:24:10 funbox10 kernel: [    0.000000] PM: Registered nosave memory: [mem 0x0009f000-0x0009ffff]
Jun 25 00:24:10 funbox10 kernel: [    0.000000] PM: Registered nosave memory: [mem 0x000a0000-0x000effff]
Jun 25 00:24:10 funbox10 kernel: [    0.000000] PM: Registered nosave memory: [mem 0x000f0000-0x000fffff]
Jun 25 00:24:10 funbox10 kernel: [    0.000000] e820: [mem 0x80000000-0xfebfffff] available for PCI devices
Jun 25 00:24:10 funbox10 kernel: [    0.000000] Booting paravirtualized kernel on KVM
Jun 25 00:24:10 funbox10 kernel: [    0.000000] clocksource: refined-jiffies: mask: 0xffffffff max_cycles: 0xffffffff, max_idle_ns: 7645519600211568 ns
Jun 25 00:24:10 funbox10 kernel: [    0.000000] setup_percpu: NR_CPUS:512 nr_cpumask_bits:512 nr_cpu_ids:2 nr_node_ids:1
Jun 25 00:24:10 funbox10 kernel: [    0.000000] PERCPU: Embedded 33 pages/cpu @ffff88007fc00000 s95512 r8192 d31464 u1048576
Jun 25 00:24:10 funbox10 kernel: [    0.000000] pcpu-alloc: s95512 r8192 d31464 u1048576 alloc=1*2097152
Jun 25 00:24:10 funbox10 kernel: [    0.000000] pcpu-alloc: [0] 0 1 
Jun 25 00:24:10 funbox10 kernel: [    0.000000] Built 1 zonelists in Node order, mobility grouping on.  Total pages: 515960
Jun 25 00:24:10 funbox10 kernel: [    0.000000] Policy zone: DMA32
Jun 25 00:24:10 funbox10 kernel: [    0.000000] Kernel command line: BOOT_IMAGE=/vmlinuz-4.4.0-186-generic root=/dev/mapper/funbox10--vg-root ro
Jun 25 00:24:10 funbox10 kernel: [    0.000000] PID hash table entries: 4096 (order: 3, 32768 bytes)
Jun 25 00:24:10 funbox10 kernel: [    0.000000] Calgary: detecting Calgary via BIOS EBDA area
Jun 25 00:24:10 funbox10 kernel: [    0.000000] Calgary: Unable to locate Rio Grande table in EBDA - bailing!
Jun 25 00:24:10 funbox10 kernel: [    0.000000] Memory: 2004376K/2096696K available (8636K kernel code, 1337K rwdata, 4040K rodata, 1492K init, 1296K bss, 92320K reserved, 0K cma-reserved)
Jun 25 00:24:10 funbox10 kernel: [    0.000000] SLUB: HWalign=64, Order=0-3, MinObjects=0, CPUs=2, Nodes=1
Jun 25 00:24:10 funbox10 kernel: [    0.000000] Kernel/User page tables isolation: enabled
Jun 25 00:24:10 funbox10 kernel: [    0.000000] Hierarchical RCU implementation.
Jun 25 00:24:10 funbox10 kernel: [    0.000000] 	Build-time adjustment of leaf fanout to 64.
Jun 25 00:24:10 funbox10 kernel: [    0.000000] 	RCU restricting CPUs from NR_CPUS=512 to nr_cpu_ids=2.
Jun 25 00:24:10 funbox10 kernel: [    0.000000] RCU: Adjusting geometry for rcu_fanout_leaf=64, nr_cpu_ids=2
Jun 25 00:24:10 funbox10 kernel: [    0.000000] NR_IRQS:33024 nr_irqs:440 16
Jun 25 00:24:10 funbox10 kernel: [    0.000000] Console: colour VGA+ 80x25
Jun 25 00:24:10 funbox10 kernel: [    0.000000] console [tty0] enabled
Jun 25 00:24:10 funbox10 kernel: [    0.000000] tsc: Detected 2903.998 MHz processor
Jun 25 00:24:10 funbox10 kernel: [    0.114889] Calibrating delay loop (skipped) preset value.. 5807.99 BogoMIPS (lpj=11615992)
Jun 25 00:24:10 funbox10 kernel: [    0.115732] pid_max: default: 32768 minimum: 301
Jun 25 00:24:10 funbox10 kernel: [    0.116183] ACPI: Core revision 20150930
Jun 25 00:24:10 funbox10 kernel: [    0.118264] ACPI: 2 ACPI AML tables successfully acquired and loaded
Jun 25 00:24:10 funbox10 kernel: [    0.119034] Security Framework initialized
Jun 25 00:24:10 funbox10 kernel: [    0.119460] Yama: becoming mindful.
Jun 25 00:24:10 funbox10 kernel: [    0.119920] AppArmor: AppArmor initialized
Jun 25 00:24:10 funbox10 kernel: [    0.123073] Dentry cache hash table entries: 262144 (order: 9, 2097152 bytes)
Jun 25 00:24:10 funbox10 kernel: [    0.123909] Inode-cache hash table entries: 131072 (order: 8, 1048576 bytes)
Jun 25 00:24:10 funbox10 kernel: [    0.127075] Mount-cache hash table entries: 4096 (order: 3, 32768 bytes)
Jun 25 00:24:10 funbox10 kernel: [    0.127595] Mountpoint-cache hash table entries: 4096 (order: 3, 32768 bytes)
Jun 25 00:24:10 funbox10 kernel: [    0.128284] Initializing cgroup subsys io
Jun 25 00:24:10 funbox10 kernel: [    0.128705] Initializing cgroup subsys memory
Jun 25 00:24:10 funbox10 kernel: [    0.129134] Initializing cgroup subsys devices
Jun 25 00:24:10 funbox10 kernel: [    0.129563] Initializing cgroup subsys freezer
Jun 25 00:24:10 funbox10 kernel: [    0.129997] Initializing cgroup subsys net_cls
Jun 25 00:24:10 funbox10 kernel: [    0.130446] Initializing cgroup subsys perf_event
Jun 25 00:24:10 funbox10 kernel: [    0.130887] Initializing cgroup subsys net_prio
Jun 25 00:24:10 funbox10 kernel: [    0.131328] Initializing cgroup subsys hugetlb
Jun 25 00:24:10 funbox10 kernel: [    0.131760] Initializing cgroup subsys pids
Jun 25 00:24:10 funbox10 kernel: [    0.133255] mce: CPU supports 0 MCE banks
Jun 25 00:24:10 funbox10 kernel: [    0.133768] Last level iTLB entries: 4KB 128, 2MB 8, 4MB 8
Jun 25 00:24:10 funbox10 kernel: [    0.134304] Last level dTLB entries: 4KB 64, 2MB 0, 4MB 0, 1GB 4
Jun 25 00:24:10 funbox10 kernel: [    0.134785] Spectre V1 : Mitigation: usercopy/swapgs barriers and __user pointer sanitization
Jun 25 00:24:10 funbox10 kernel: [    0.135722] Spectre V2 : Mitigation: Full generic retpoline
Jun 25 00:24:10 funbox10 kernel: [    0.136257] Spectre V2 : Spectre v2 / SpectreRSB mitigation: Filling RSB on context switch
Jun 25 00:24:10 funbox10 kernel: [    0.137106] Speculative Store Bypass: Vulnerable
Jun 25 00:24:10 funbox10 kernel: [    0.137643] SRBDS: Unknown: Dependent on hypervisor status
Jun 25 00:24:10 funbox10 kernel: [    0.138245] MDS: Mitigation: Clear CPU buffers
Jun 25 00:24:10 funbox10 kernel: [    0.141584] Freeing SMP alternatives memory: 36K
Jun 25 00:24:10 funbox10 kernel: [    0.148296] ftrace: allocating 32334 entries in 127 pages
Jun 25 00:24:10 funbox10 kernel: [    0.213127] smpboot: APIC(0) Converting physical 0 to logical package 0
Jun 25 00:24:10 funbox10 kernel: [    0.213677] smpboot: Max logical packages: 1
Jun 25 00:24:10 funbox10 kernel: [    0.214389] x2apic enabled
Jun 25 00:24:10 funbox10 kernel: [    0.215053] Switched APIC routing to physical x2apic.
Jun 25 00:24:10 funbox10 kernel: [    0.216847] ..TIMER: vector=0x30 apic1=0 pin1=2 apic2=-1 pin2=-1
Jun 25 00:24:10 funbox10 kernel: [    0.325514] smpboot: CPU0: Intel(R) Core(TM) i5-9400 CPU @ 2.90GHz (family: 0x6, model: 0x9e, stepping: 0xa)
Jun 25 00:24:10 funbox10 kernel: [    0.326695] Performance Events: unsupported p6 CPU model 158 no PMU driver, software events only.
Jun 25 00:24:10 funbox10 kernel: [    0.339878] KVM setup paravirtual spinlock
Jun 25 00:24:10 funbox10 kernel: [    0.343058] x86: Booting SMP configuration:
Jun 25 00:24:10 funbox10 kernel: [    0.343489] .... node  #0, CPUs:      #1
Jun 25 00:24:10 funbox10 kernel: [    0.343932] kvm-clock: cpu 1, msr 0:7ffe3041, secondary cpu clock
Jun 25 00:24:10 funbox10 kernel: [    0.344919] mce: CPU supports 0 MCE banks
Jun 25 00:24:10 funbox10 kernel: [    0.346976] x86: Booted up 1 node, 2 CPUs
Jun 25 00:24:10 funbox10 kernel: [    0.348568] smpboot: Total of 2 processors activated (11615.99 BogoMIPS)
Jun 25 00:24:10 funbox10 kernel: [    0.349665] devtmpfs: initialized
Jun 25 00:24:10 funbox10 kernel: [    0.351155] evm: security.selinux
Jun 25 00:24:10 funbox10 kernel: [    0.351594] evm: security.SMACK64
Jun 25 00:24:10 funbox10 kernel: [    0.351980] evm: security.SMACK64EXEC
Jun 25 00:24:10 funbox10 kernel: [    0.352392] evm: security.SMACK64TRANSMUTE
Jun 25 00:24:10 funbox10 kernel: [    0.352840] evm: security.SMACK64MMAP
Jun 25 00:24:10 funbox10 kernel: [    0.353265] evm: security.ima
Jun 25 00:24:10 funbox10 kernel: [    0.353675] evm: security.capability
Jun 25 00:24:10 funbox10 kernel: [    0.354378] clocksource: jiffies: mask: 0xffffffff max_cycles: 0xffffffff, max_idle_ns: 7645041785100000 ns
Jun 25 00:24:10 funbox10 kernel: [    0.355309] futex hash table entries: 512 (order: 3, 32768 bytes)
Jun 25 00:24:10 funbox10 kernel: [    0.356030] pinctrl core: initialized pinctrl subsystem
Jun 25 00:24:10 funbox10 kernel: [    0.356738] RTC time: 22:24:00, date: 06/24/21
Jun 25 00:24:10 funbox10 kernel: [    0.357423] NET: Registered protocol family 16
Jun 25 00:24:10 funbox10 kernel: [    0.365960] cpuidle: using governor ladder
Jun 25 00:24:10 funbox10 kernel: [    0.380592] cpuidle: using governor menu
Jun 25 00:24:10 funbox10 kernel: [    0.380888] PCCT header not found.
Jun 25 00:24:10 funbox10 kernel: [    0.381208] ACPI: bus type PCI registered
Jun 25 00:24:10 funbox10 kernel: [    0.381489] acpiphp: ACPI Hot Plug PCI Controller Driver version: 0.5
Jun 25 00:24:10 funbox10 kernel: [    0.382116] PCI: Using configuration type 1 for base access
Jun 25 00:24:10 funbox10 kernel: [    0.392945] ACPI: Added _OSI(Module Device)
Jun 25 00:24:10 funbox10 kernel: [    0.393256] ACPI: Added _OSI(Processor Device)
Jun 25 00:24:10 funbox10 kernel: [    0.393682] ACPI: Added _OSI(3.0 _SCP Extensions)
Jun 25 00:24:10 funbox10 kernel: [    0.394116] ACPI: Added _OSI(Processor Aggregator Device)
Jun 25 00:24:10 funbox10 kernel: [    0.395241] ACPI: Executed 1 blocks of module-level executable AML code
Jun 25 00:24:10 funbox10 kernel: [    0.397868] ACPI: Interpreter enabled
Jun 25 00:24:10 funbox10 kernel: [    0.398282] ACPI: (supports S0 S5)
Jun 25 00:24:10 funbox10 kernel: [    0.398673] ACPI: Using IOAPIC for interrupt routing
Jun 25 00:24:10 funbox10 kernel: [    0.399330] PCI: Using host bridge windows from ACPI; if necessary, use "pci=nocrs" and report a bug
Jun 25 00:24:10 funbox10 kernel: [    0.404609] ACPI: PCI Root Bridge [PCI0] (domain 0000 [bus 00-ff])
Jun 25 00:24:10 funbox10 kernel: [    0.405430] acpi PNP0A03:00: _OSC: OS supports [ASPM ClockPM Segments MSI]
Jun 25 00:24:10 funbox10 kernel: [    0.406413] acpi PNP0A03:00: _OSC: not requesting OS control; OS requires [ExtendedConfig ASPM ClockPM MSI]
Jun 25 00:24:10 funbox10 kernel: [    0.409396] acpi PNP0A03:00: fail to add MMCONFIG information, can't access extended PCI configuration space under this bridge.
Jun 25 00:24:10 funbox10 kernel: [    0.411001] PCI host bridge to bus 0000:00
Jun 25 00:24:10 funbox10 kernel: [    0.411458] pci_bus 0000:00: root bus resource [io  0x0000-0x0cf7 window]
Jun 25 00:24:10 funbox10 kernel: [    0.412504] pci_bus 0000:00: root bus resource [io  0x0d00-0xffff window]
Jun 25 00:24:10 funbox10 kernel: [    0.413146] pci_bus 0000:00: root bus resource [mem 0x000a0000-0x000bffff window]
Jun 25 00:24:10 funbox10 kernel: [    0.413987] pci_bus 0000:00: root bus resource [mem 0x80000000-0xfdffffff window]
Jun 25 00:24:10 funbox10 kernel: [    0.414793] pci_bus 0000:00: root bus resource [bus 00-ff]
Jun 25 00:24:10 funbox10 kernel: [    0.415318] pci 0000:00:00.0: [8086:1237] type 00 class 0x060000
Jun 25 00:24:10 funbox10 kernel: [    0.415972] pci 0000:00:01.0: [8086:7000] type 00 class 0x060100
Jun 25 00:24:10 funbox10 kernel: [    0.416744] pci 0000:00:01.1: [8086:7111] type 00 class 0x01018a
Jun 25 00:24:10 funbox10 kernel: [    0.417120] pci 0000:00:01.1: reg 0x20: [io  0xd000-0xd00f]
Jun 25 00:24:10 funbox10 kernel: [    0.417284] pci 0000:00:01.1: legacy IDE quirk: reg 0x10: [io  0x01f0-0x01f7]
Jun 25 00:24:10 funbox10 kernel: [    0.417824] pci 0000:00:01.1: legacy IDE quirk: reg 0x14: [io  0x03f6]
Jun 25 00:24:10 funbox10 kernel: [    0.430668] pci 0000:00:01.1: legacy IDE quirk: reg 0x18: [io  0x0170-0x0177]
Jun 25 00:24:10 funbox10 kernel: [    0.431195] pci 0000:00:01.1: legacy IDE quirk: reg 0x1c: [io  0x0376]
Jun 25 00:24:10 funbox10 kernel: [    0.432011] pci 0000:00:02.0: [15ad:0405] type 00 class 0x030000
Jun 25 00:24:10 funbox10 kernel: [    0.433317] pci 0000:00:02.0: reg 0x10: [io  0xd010-0xd01f]
Jun 25 00:24:10 funbox10 kernel: [    0.434697] pci 0000:00:02.0: reg 0x14: [mem 0xe0000000-0xe0ffffff pref]
Jun 25 00:24:10 funbox10 kernel: [    0.436375] pci 0000:00:02.0: reg 0x18: [mem 0xf0000000-0xf01fffff]
Jun 25 00:24:10 funbox10 kernel: [    0.444622] pci 0000:00:03.0: [8086:100e] type 00 class 0x020000
Jun 25 00:24:10 funbox10 kernel: [    0.447004] pci 0000:00:03.0: reg 0x10: [mem 0xf0200000-0xf021ffff]
Jun 25 00:24:10 funbox10 kernel: [    0.450284] pci 0000:00:03.0: reg 0x18: [io  0xd020-0xd027]
Jun 25 00:24:10 funbox10 kernel: [    0.457032] pci 0000:00:04.0: [80ee:cafe] type 00 class 0x088000
Jun 25 00:24:10 funbox10 kernel: [    0.458151] pci 0000:00:04.0: reg 0x10: [io  0xd040-0xd05f]
Jun 25 00:24:10 funbox10 kernel: [    0.459569] pci 0000:00:04.0: reg 0x14: [mem 0xf0400000-0xf07fffff]
Jun 25 00:24:10 funbox10 kernel: [    0.460863] pci 0000:00:04.0: reg 0x18: [mem 0xf0800000-0xf0803fff pref]
Jun 25 00:24:10 funbox10 kernel: [    0.466331] pci 0000:00:05.0: [8086:2415] type 00 class 0x040100
Jun 25 00:24:10 funbox10 kernel: [    0.466470] pci 0000:00:05.0: reg 0x10: [io  0xd100-0xd1ff]
Jun 25 00:24:10 funbox10 kernel: [    0.466540] pci 0000:00:05.0: reg 0x14: [io  0xd200-0xd23f]
Jun 25 00:24:10 funbox10 kernel: [    0.467123] pci 0000:00:06.0: [106b:003f] type 00 class 0x0c0310
Jun 25 00:24:10 funbox10 kernel: [    0.468717] pci 0000:00:06.0: reg 0x10: [mem 0xf0804000-0xf0804fff]
Jun 25 00:24:10 funbox10 kernel: [    0.481209] pci 0000:00:07.0: [8086:7113] type 00 class 0x068000
Jun 25 00:24:10 funbox10 kernel: [    0.482129] pci 0000:00:07.0: quirk: [io  0x4000-0x403f] claimed by PIIX4 ACPI
Jun 25 00:24:10 funbox10 kernel: [    0.483607] pci 0000:00:07.0: quirk: [io  0x4100-0x410f] claimed by PIIX4 SMB
Jun 25 00:24:10 funbox10 kernel: [    0.484545] pci 0000:00:0b.0: [8086:265c] type 00 class 0x0c0320
Jun 25 00:24:10 funbox10 kernel: [    0.487834] pci 0000:00:0b.0: reg 0x10: [mem 0xf0805000-0xf0805fff]
Jun 25 00:24:10 funbox10 kernel: [    0.504685] pci 0000:00:0d.0: [8086:2829] type 00 class 0x010601
Jun 25 00:24:10 funbox10 kernel: [    0.507361] pci 0000:00:0d.0: reg 0x10: [io  0xd240-0xd247]
Jun 25 00:24:10 funbox10 kernel: [    0.508481] pci 0000:00:0d.0: reg 0x14: [io  0xd248-0xd24b]
Jun 25 00:24:10 funbox10 kernel: [    0.510031] pci 0000:00:0d.0: reg 0x18: [io  0xd250-0xd257]
Jun 25 00:24:10 funbox10 kernel: [    0.511272] pci 0000:00:0d.0: reg 0x1c: [io  0xd258-0xd25b]
Jun 25 00:24:10 funbox10 kernel: [    0.512589] pci 0000:00:0d.0: reg 0x20: [io  0xd260-0xd26f]
Jun 25 00:24:10 funbox10 kernel: [    0.513814] pci 0000:00:0d.0: reg 0x24: [mem 0xf0806000-0xf0807fff]
Jun 25 00:24:10 funbox10 kernel: [    0.516491] ACPI: PCI Interrupt Link [LNKA] (IRQs 5 9 10 *11)
Jun 25 00:24:10 funbox10 kernel: [    0.517479] ACPI: PCI Interrupt Link [LNKB] (IRQs 5 9 *10 11)
Jun 25 00:24:10 funbox10 kernel: [    0.518345] ACPI: PCI Interrupt Link [LNKC] (IRQs 5 *9 10 11)
Jun 25 00:24:10 funbox10 kernel: [    0.519390] ACPI: PCI Interrupt Link [LNKD] (IRQs 5 9 10 *11)
Jun 25 00:24:10 funbox10 kernel: [    0.520439] ACPI: Enabled 2 GPEs in block 00 to 07
Jun 25 00:24:10 funbox10 kernel: [    0.521322] vgaarb: setting as boot device: PCI:0000:00:02.0
Jun 25 00:24:10 funbox10 kernel: [    0.521818] vgaarb: device added: PCI:0000:00:02.0,decodes=io+mem,owns=io+mem,locks=none
Jun 25 00:24:10 funbox10 kernel: [    0.522729] vgaarb: loaded
Jun 25 00:24:10 funbox10 kernel: [    0.523147] vgaarb: bridge control possible 0000:00:02.0
Jun 25 00:24:10 funbox10 kernel: [    0.523989] SCSI subsystem initialized
Jun 25 00:24:10 funbox10 kernel: [    0.524601] libata version 3.00 loaded.
Jun 25 00:24:10 funbox10 kernel: [    0.524632] ACPI: bus type USB registered
Jun 25 00:24:10 funbox10 kernel: [    0.525086] usbcore: registered new interface driver usbfs
Jun 25 00:24:10 funbox10 kernel: [    0.525602] usbcore: registered new interface driver hub
Jun 25 00:24:10 funbox10 kernel: [    0.526157] usbcore: registered new device driver usb
Jun 25 00:24:10 funbox10 kernel: [    0.526893] PCI: Using ACPI for IRQ routing
Jun 25 00:24:10 funbox10 kernel: [    0.527343] PCI: pci_cache_line_size set to 64 bytes
Jun 25 00:24:10 funbox10 kernel: [    0.527631] e820: reserve RAM buffer [mem 0x0009fc00-0x0009ffff]
Jun 25 00:24:10 funbox10 kernel: [    0.527642] e820: reserve RAM buffer [mem 0x7fff0000-0x7fffffff]
Jun 25 00:24:10 funbox10 kernel: [    0.527803] NetLabel: Initializing
Jun 25 00:24:10 funbox10 kernel: [    0.528218] NetLabel:  domain hash size = 128
