-- Logs begin at Sun 2021-08-15 16:31:49 UTC, end at Mon 2021-08-16 05:31:36 UTC. --
Aug 16 05:31:14 ubuntu-server kernel: Linux version 4.15.0-112-generic (buildd@lcy01-amd64-027) (gcc version 7.5.0 (Ubuntu 7.5.0-3ubuntu1~18.04)) #113-Ubuntu SMP Thu Jul 9 23:41:39 UTC 2020 (Ubuntu 4.15.0-112.113-generic 4.15.18)
Aug 16 05:31:14 ubuntu-server kernel: Command line: boot=casper initrd=/casper/initrd quiet  --- maybe-ubiquity
Aug 16 05:31:14 ubuntu-server kernel: KERNEL supported cpus:
Aug 16 05:31:14 ubuntu-server kernel:   Intel GenuineIntel
Aug 16 05:31:14 ubuntu-server kernel:   AMD AuthenticAMD
Aug 16 05:31:14 ubuntu-server kernel:   Centaur CentaurHauls
Aug 16 05:31:14 ubuntu-server kernel: x86/fpu: Supporting XSAVE feature 0x001: 'x87 floating point registers'
Aug 16 05:31:14 ubuntu-server kernel: x86/fpu: Supporting XSAVE feature 0x002: 'SSE registers'
Aug 16 05:31:14 ubuntu-server kernel: x86/fpu: Supporting XSAVE feature 0x004: 'AVX registers'
Aug 16 05:31:14 ubuntu-server kernel: x86/fpu: xstate_offset[2]:  576, xstate_sizes[2]:  256
Aug 16 05:31:14 ubuntu-server kernel: x86/fpu: Enabled xstate features 0x7, context size is 832 bytes, using 'standard' format.
Aug 16 05:31:14 ubuntu-server kernel: e820: BIOS-provided physical RAM map:
Aug 16 05:31:14 ubuntu-server kernel: BIOS-e820: [mem 0x0000000000000000-0x000000000009fbff] usable
Aug 16 05:31:14 ubuntu-server kernel: BIOS-e820: [mem 0x000000000009fc00-0x000000000009ffff] reserved
Aug 16 05:31:14 ubuntu-server kernel: BIOS-e820: [mem 0x00000000000f0000-0x00000000000fffff] reserved
Aug 16 05:31:14 ubuntu-server kernel: BIOS-e820: [mem 0x0000000000100000-0x000000005ffeffff] usable
Aug 16 05:31:14 ubuntu-server kernel: BIOS-e820: [mem 0x000000005fff0000-0x000000005fffffff] ACPI data
Aug 16 05:31:14 ubuntu-server kernel: BIOS-e820: [mem 0x00000000fec00000-0x00000000fec00fff] reserved
Aug 16 05:31:14 ubuntu-server kernel: BIOS-e820: [mem 0x00000000fee00000-0x00000000fee00fff] reserved
Aug 16 05:31:14 ubuntu-server kernel: BIOS-e820: [mem 0x00000000fffc0000-0x00000000ffffffff] reserved
Aug 16 05:31:14 ubuntu-server kernel: NX (Execute Disable) protection: active
Aug 16 05:31:14 ubuntu-server kernel: SMBIOS 2.5 present.
Aug 16 05:31:14 ubuntu-server kernel: DMI: innotek GmbH VirtualBox/VirtualBox, BIOS VirtualBox 12/01/2006
Aug 16 05:31:14 ubuntu-server kernel: Hypervisor detected: KVM
Aug 16 05:31:14 ubuntu-server kernel: e820: update [mem 0x00000000-0x00000fff] usable ==> reserved
Aug 16 05:31:14 ubuntu-server kernel: e820: remove [mem 0x000a0000-0x000fffff] usable
Aug 16 05:31:14 ubuntu-server kernel: e820: last_pfn = 0x5fff0 max_arch_pfn = 0x400000000
Aug 16 05:31:14 ubuntu-server kernel: MTRR default type: uncachable
Aug 16 05:31:14 ubuntu-server kernel: MTRR variable ranges disabled:
Aug 16 05:31:14 ubuntu-server kernel: MTRR: Disabled
Aug 16 05:31:14 ubuntu-server kernel: x86/PAT: MTRRs disabled, skipping PAT initialization too.
Aug 16 05:31:14 ubuntu-server kernel: CPU MTRRs all blank - virtualized system.
Aug 16 05:31:14 ubuntu-server kernel: x86/PAT: Configuration [0-7]: WB  WT  UC- UC  WB  WT  UC- UC  
Aug 16 05:31:14 ubuntu-server kernel: found SMP MP-table at [mem 0x0009fff0-0x0009ffff]
Aug 16 05:31:14 ubuntu-server kernel: Scanning 1 areas for low memory corruption
Aug 16 05:31:14 ubuntu-server kernel: BRK [0x48195000, 0x48195fff] PGTABLE
Aug 16 05:31:14 ubuntu-server kernel: BRK [0x48196000, 0x48196fff] PGTABLE
Aug 16 05:31:14 ubuntu-server kernel: BRK [0x48197000, 0x48197fff] PGTABLE
Aug 16 05:31:14 ubuntu-server kernel: BRK [0x48198000, 0x48198fff] PGTABLE
Aug 16 05:31:14 ubuntu-server kernel: BRK [0x48199000, 0x48199fff] PGTABLE
Aug 16 05:31:14 ubuntu-server kernel: BRK [0x4819a000, 0x4819afff] PGTABLE
Aug 16 05:31:14 ubuntu-server kernel: RAMDISK: [mem 0x5c871000-0x5ffeffff]
Aug 16 05:31:14 ubuntu-server kernel: ACPI: Early table checksum verification disabled
Aug 16 05:31:14 ubuntu-server kernel: ACPI: RSDP 0x00000000000E0000 000024 (v02 VBOX  )
Aug 16 05:31:14 ubuntu-server kernel: ACPI: XSDT 0x000000005FFF0030 00003C (v01 VBOX   VBOXXSDT 00000001 ASL  00000061)
Aug 16 05:31:14 ubuntu-server kernel: ACPI: FACP 0x000000005FFF00F0 0000F4 (v04 VBOX   VBOXFACP 00000001 ASL  00000061)
Aug 16 05:31:14 ubuntu-server kernel: ACPI: DSDT 0x000000005FFF0470 002325 (v02 VBOX   VBOXBIOS 00000002 INTL 20200925)
Aug 16 05:31:14 ubuntu-server kernel: ACPI: FACS 0x000000005FFF0200 000040
Aug 16 05:31:14 ubuntu-server kernel: ACPI: FACS 0x000000005FFF0200 000040
Aug 16 05:31:14 ubuntu-server kernel: ACPI: APIC 0x000000005FFF0240 000054 (v02 VBOX   VBOXAPIC 00000001 ASL  00000061)
Aug 16 05:31:14 ubuntu-server kernel: ACPI: SSDT 0x000000005FFF02A0 0001CC (v01 VBOX   VBOXCPUT 00000002 INTL 20200925)
Aug 16 05:31:14 ubuntu-server kernel: ACPI: Local APIC address 0xfee00000
Aug 16 05:31:14 ubuntu-server kernel: No NUMA configuration found
Aug 16 05:31:14 ubuntu-server kernel: Faking a node at [mem 0x0000000000000000-0x000000005ffeffff]
Aug 16 05:31:14 ubuntu-server kernel: NODE_DATA(0) allocated [mem 0x5c846000-0x5c870fff]
Aug 16 05:31:14 ubuntu-server kernel: kvm-clock: cpu 0, msr 0:5c7c5001, primary cpu clock
Aug 16 05:31:14 ubuntu-server kernel: kvm-clock: Using msrs 4b564d01 and 4b564d00
Aug 16 05:31:14 ubuntu-server kernel: kvm-clock: using sched offset of 8528844613 cycles
Aug 16 05:31:14 ubuntu-server kernel: clocksource: kvm-clock: mask: 0xffffffffffffffff max_cycles: 0x1cd42e4dffb, max_idle_ns: 881590591483 ns
Aug 16 05:31:14 ubuntu-server kernel: Zone ranges:
Aug 16 05:31:14 ubuntu-server kernel:   DMA      [mem 0x0000000000001000-0x0000000000ffffff]
Aug 16 05:31:14 ubuntu-server kernel:   DMA32    [mem 0x0000000001000000-0x000000005ffeffff]
Aug 16 05:31:14 ubuntu-server kernel:   Normal   empty
Aug 16 05:31:14 ubuntu-server kernel:   Device   empty
Aug 16 05:31:14 ubuntu-server kernel: Movable zone start for each node
Aug 16 05:31:14 ubuntu-server kernel: Early memory node ranges
Aug 16 05:31:14 ubuntu-server kernel:   node   0: [mem 0x0000000000001000-0x000000000009efff]
Aug 16 05:31:14 ubuntu-server kernel:   node   0: [mem 0x0000000000100000-0x000000005ffeffff]
Aug 16 05:31:14 ubuntu-server kernel: Reserved but unavailable: 98 pages
Aug 16 05:31:14 ubuntu-server kernel: Initmem setup node 0 [mem 0x0000000000001000-0x000000005ffeffff]
Aug 16 05:31:14 ubuntu-server kernel: On node 0 totalpages: 393102
Aug 16 05:31:14 ubuntu-server kernel:   DMA zone: 64 pages used for memmap
Aug 16 05:31:14 ubuntu-server kernel:   DMA zone: 21 pages reserved
Aug 16 05:31:14 ubuntu-server kernel:   DMA zone: 3998 pages, LIFO batch:0
Aug 16 05:31:14 ubuntu-server kernel:   DMA32 zone: 6080 pages used for memmap
Aug 16 05:31:14 ubuntu-server kernel:   DMA32 zone: 389104 pages, LIFO batch:31
Aug 16 05:31:14 ubuntu-server kernel: ACPI: PM-Timer IO Port: 0x4008
Aug 16 05:31:14 ubuntu-server kernel: ACPI: Local APIC address 0xfee00000
Aug 16 05:31:14 ubuntu-server kernel: IOAPIC[0]: apic_id 1, version 32, address 0xfec00000, GSI 0-23
Aug 16 05:31:14 ubuntu-server kernel: ACPI: INT_SRC_OVR (bus 0 bus_irq 0 global_irq 2 dfl dfl)
Aug 16 05:31:14 ubuntu-server kernel: ACPI: INT_SRC_OVR (bus 0 bus_irq 9 global_irq 9 low level)
Aug 16 05:31:14 ubuntu-server kernel: ACPI: IRQ0 used by override.
Aug 16 05:31:14 ubuntu-server kernel: ACPI: IRQ9 used by override.
Aug 16 05:31:14 ubuntu-server kernel: Using ACPI (MADT) for SMP configuration information
Aug 16 05:31:14 ubuntu-server kernel: smpboot: Allowing 1 CPUs, 0 hotplug CPUs
Aug 16 05:31:14 ubuntu-server kernel: PM: Registered nosave memory: [mem 0x00000000-0x00000fff]
Aug 16 05:31:14 ubuntu-server kernel: PM: Registered nosave memory: [mem 0x0009f000-0x0009ffff]
Aug 16 05:31:14 ubuntu-server kernel: PM: Registered nosave memory: [mem 0x000a0000-0x000effff]
Aug 16 05:31:14 ubuntu-server kernel: PM: Registered nosave memory: [mem 0x000f0000-0x000fffff]
Aug 16 05:31:14 ubuntu-server kernel: e820: [mem 0x60000000-0xfebfffff] available for PCI devices
Aug 16 05:31:14 ubuntu-server kernel: Booting paravirtualized kernel on KVM
Aug 16 05:31:14 ubuntu-server kernel: clocksource: refined-jiffies: mask: 0xffffffff max_cycles: 0xffffffff, max_idle_ns: 7645519600211568 ns
Aug 16 05:31:14 ubuntu-server kernel: random: get_random_bytes called from start_kernel+0x99/0x500 with crng_init=0
Aug 16 05:31:14 ubuntu-server kernel: setup_percpu: NR_CPUS:8192 nr_cpumask_bits:1 nr_cpu_ids:1 nr_node_ids:1
Aug 16 05:31:14 ubuntu-server kernel: percpu: Embedded 45 pages/cpu s147456 r8192 d28672 u2097152
Aug 16 05:31:14 ubuntu-server kernel: pcpu-alloc: s147456 r8192 d28672 u2097152 alloc=1*2097152
Aug 16 05:31:14 ubuntu-server kernel: pcpu-alloc: [0] 0 
Aug 16 05:31:14 ubuntu-server kernel: PV qspinlock hash table entries: 256 (order: 0, 4096 bytes)
Aug 16 05:31:14 ubuntu-server kernel: Built 1 zonelists, mobility grouping on.  Total pages: 386937
Aug 16 05:31:14 ubuntu-server kernel: Policy zone: DMA32
Aug 16 05:31:14 ubuntu-server kernel: Kernel command line: boot=casper initrd=/casper/initrd quiet  --- maybe-ubiquity
Aug 16 05:31:14 ubuntu-server kernel: Calgary: detecting Calgary via BIOS EBDA area
Aug 16 05:31:14 ubuntu-server kernel: Calgary: Unable to locate Rio Grande table in EBDA - bailing!
Aug 16 05:31:14 ubuntu-server kernel: Memory: 1461704K/1572408K available (12300K kernel code, 2481K rwdata, 4272K rodata, 2436K init, 2720K bss, 110704K reserved, 0K cma-reserved)
Aug 16 05:31:14 ubuntu-server kernel: SLUB: HWalign=64, Order=0-3, MinObjects=0, CPUs=1, Nodes=1
Aug 16 05:31:14 ubuntu-server kernel: Kernel/User page tables isolation: enabled
Aug 16 05:31:14 ubuntu-server kernel: ftrace: allocating 39378 entries in 154 pages
Aug 16 05:31:14 ubuntu-server kernel: Hierarchical RCU implementation.
Aug 16 05:31:14 ubuntu-server kernel:         RCU restricting CPUs from NR_CPUS=8192 to nr_cpu_ids=1.
Aug 16 05:31:14 ubuntu-server kernel:         Tasks RCU enabled.
Aug 16 05:31:14 ubuntu-server kernel: RCU: Adjusting geometry for rcu_fanout_leaf=16, nr_cpu_ids=1
Aug 16 05:31:14 ubuntu-server kernel: NR_IRQS: 524544, nr_irqs: 256, preallocated irqs: 16
Aug 16 05:31:14 ubuntu-server kernel: Console: colour VGA+ 80x25
Aug 16 05:31:14 ubuntu-server kernel: console [tty0] enabled
Aug 16 05:31:14 ubuntu-server kernel: ACPI: Core revision 20170831
Aug 16 05:31:14 ubuntu-server kernel: ACPI: 2 ACPI AML tables successfully acquired and loaded
Aug 16 05:31:14 ubuntu-server kernel: APIC: Switch to symmetric I/O mode setup
Aug 16 05:31:14 ubuntu-server kernel: x2apic enabled
Aug 16 05:31:14 ubuntu-server kernel: Switched APIC routing to physical x2apic.
Aug 16 05:31:14 ubuntu-server kernel: ..TIMER: vector=0x30 apic1=0 pin1=2 apic2=-1 pin2=-1
Aug 16 05:31:14 ubuntu-server kernel: tsc: Detected 3591.682 MHz processor
Aug 16 05:31:14 ubuntu-server kernel: Calibrating delay loop (skipped) preset value.. 7183.36 BogoMIPS (lpj=14366728)
Aug 16 05:31:14 ubuntu-server kernel: pid_max: default: 32768 minimum: 301
Aug 16 05:31:14 ubuntu-server kernel: Security Framework initialized
Aug 16 05:31:14 ubuntu-server kernel: Yama: becoming mindful.
Aug 16 05:31:14 ubuntu-server kernel: AppArmor: AppArmor initialized
Aug 16 05:31:14 ubuntu-server kernel: Dentry cache hash table entries: 262144 (order: 9, 2097152 bytes)
Aug 16 05:31:14 ubuntu-server kernel: Inode-cache hash table entries: 131072 (order: 8, 1048576 bytes)
Aug 16 05:31:14 ubuntu-server kernel: Mount-cache hash table entries: 4096 (order: 3, 32768 bytes)
Aug 16 05:31:14 ubuntu-server kernel: Mountpoint-cache hash table entries: 4096 (order: 3, 32768 bytes)
Aug 16 05:31:14 ubuntu-server kernel: process: using mwait in idle threads
Aug 16 05:31:14 ubuntu-server kernel: Last level iTLB entries: 4KB 1024, 2MB 1024, 4MB 1024
Aug 16 05:31:14 ubuntu-server kernel: Last level dTLB entries: 4KB 1024, 2MB 1024, 4MB 1024, 1GB 4
Aug 16 05:31:14 ubuntu-server kernel: Spectre V1 : Mitigation: usercopy/swapgs barriers and __user pointer sanitization
Aug 16 05:31:14 ubuntu-server kernel: Spectre V2 : Mitigation: Full generic retpoline
Aug 16 05:31:14 ubuntu-server kernel: Spectre V2 : Spectre v2 / SpectreRSB mitigation: Filling RSB on context switch
Aug 16 05:31:14 ubuntu-server kernel: Speculative Store Bypass: Vulnerable
Aug 16 05:31:14 ubuntu-server kernel: SRBDS: Unknown: Dependent on hypervisor status
Aug 16 05:31:14 ubuntu-server kernel: MDS: Mitigation: Clear CPU buffers
Aug 16 05:31:14 ubuntu-server kernel: Freeing SMP alternatives memory: 36K
Aug 16 05:31:14 ubuntu-server kernel: smpboot: CPU0: Intel(R) Core(TM) i3-4160 CPU @ 3.60GHz (family: 0x6, model: 0x3c, stepping: 0x3)
Aug 16 05:31:14 ubuntu-server kernel: Performance Events: unsupported p6 CPU model 60 no PMU driver, software events only.
Aug 16 05:31:14 ubuntu-server kernel: Hierarchical SRCU implementation.
Aug 16 05:31:14 ubuntu-server kernel: NMI watchdog: Perf event create on CPU 0 failed with -2
Aug 16 05:31:14 ubuntu-server kernel: NMI watchdog: Perf NMI watchdog permanently disabled
Aug 16 05:31:14 ubuntu-server kernel: smp: Bringing up secondary CPUs ...
Aug 16 05:31:14 ubuntu-server kernel: smp: Brought up 1 node, 1 CPU
Aug 16 05:31:14 ubuntu-server kernel: smpboot: Max logical packages: 1
Aug 16 05:31:14 ubuntu-server kernel: smpboot: Total of 1 processors activated (7183.36 BogoMIPS)
Aug 16 05:31:14 ubuntu-server kernel: devtmpfs: initialized
Aug 16 05:31:14 ubuntu-server kernel: x86/mm: Memory block size: 128MB
Aug 16 05:31:14 ubuntu-server kernel: evm: security.selinux
Aug 16 05:31:14 ubuntu-server kernel: evm: security.SMACK64
Aug 16 05:31:14 ubuntu-server kernel: evm: security.SMACK64EXEC
Aug 16 05:31:14 ubuntu-server kernel: evm: security.SMACK64TRANSMUTE
Aug 16 05:31:14 ubuntu-server kernel: evm: security.SMACK64MMAP
Aug 16 05:31:14 ubuntu-server kernel: evm: security.apparmor
Aug 16 05:31:14 ubuntu-server kernel: evm: security.ima
Aug 16 05:31:14 ubuntu-server kernel: evm: security.capability
Aug 16 05:31:14 ubuntu-server kernel: clocksource: jiffies: mask: 0xffffffff max_cycles: 0xffffffff, max_idle_ns: 7645041785100000 ns
Aug 16 05:31:14 ubuntu-server kernel: futex hash table entries: 256 (order: 2, 16384 bytes)
Aug 16 05:31:14 ubuntu-server kernel: pinctrl core: initialized pinctrl subsystem
Aug 16 05:31:14 ubuntu-server kernel: RTC time:  5:31:08, date: 08/16/21
Aug 16 05:31:14 ubuntu-server kernel: NET: Registered protocol family 16
Aug 16 05:31:14 ubuntu-server kernel: audit: initializing netlink subsys (disabled)
Aug 16 05:31:14 ubuntu-server kernel: cpuidle: using governor ladder
Aug 16 05:31:14 ubuntu-server kernel: cpuidle: using governor menu
Aug 16 05:31:14 ubuntu-server kernel: ACPI: bus type PCI registered
Aug 16 05:31:14 ubuntu-server kernel: acpiphp: ACPI Hot Plug PCI Controller Driver version: 0.5
Aug 16 05:31:14 ubuntu-server kernel: PCI: Using configuration type 1 for base access
Aug 16 05:31:14 ubuntu-server kernel: audit: type=2000 audit(1629091878.630:1): state=initialized audit_enabled=0 res=1
Aug 16 05:31:14 ubuntu-server kernel: HugeTLB registered 2.00 MiB page size, pre-allocated 0 pages
Aug 16 05:31:14 ubuntu-server kernel: ACPI: Added _OSI(Module Device)
Aug 16 05:31:14 ubuntu-server kernel: ACPI: Added _OSI(Processor Device)
Aug 16 05:31:14 ubuntu-server kernel: ACPI: Added _OSI(3.0 _SCP Extensions)
Aug 16 05:31:14 ubuntu-server kernel: ACPI: Added _OSI(Processor Aggregator Device)
Aug 16 05:31:14 ubuntu-server kernel: ACPI: Added _OSI(Linux-Dell-Video)
Aug 16 05:31:14 ubuntu-server kernel: ACPI: Added _OSI(Linux-Lenovo-NV-HDMI-Audio)
Aug 16 05:31:14 ubuntu-server kernel: ACPI: Added _OSI(Linux-HPI-Hybrid-Graphics)
Aug 16 05:31:14 ubuntu-server kernel: ACPI: Executed 1 blocks of module-level executable AML code
Aug 16 05:31:14 ubuntu-server kernel: ACPI: Interpreter enabled
Aug 16 05:31:14 ubuntu-server kernel: ACPI: (supports S0 S5)
Aug 16 05:31:14 ubuntu-server kernel: ACPI: Using IOAPIC for interrupt routing
Aug 16 05:31:14 ubuntu-server kernel: PCI: Using host bridge windows from ACPI; if necessary, use "pci=nocrs" and report a bug
Aug 16 05:31:14 ubuntu-server kernel: ACPI: Enabled 2 GPEs in block 00 to 07
Aug 16 05:31:14 ubuntu-server kernel: ACPI: PCI Root Bridge [PCI0] (domain 0000 [bus 00-ff])
Aug 16 05:31:14 ubuntu-server kernel: acpi PNP0A03:00: _OSC: OS supports [ASPM ClockPM Segments MSI]
Aug 16 05:31:14 ubuntu-server kernel: acpi PNP0A03:00: _OSC: not requesting OS control; OS requires [ExtendedConfig ASPM ClockPM MSI]
Aug 16 05:31:14 ubuntu-server kernel: acpi PNP0A03:00: fail to add MMCONFIG information, can't access extended PCI configuration space under this bridge.
Aug 16 05:31:14 ubuntu-server kernel: PCI host bridge to bus 0000:00
Aug 16 05:31:14 ubuntu-server kernel: pci_bus 0000:00: root bus resource [io  0x0000-0x0cf7 window]
Aug 16 05:31:14 ubuntu-server kernel: pci_bus 0000:00: root bus resource [io  0x0d00-0xffff window]
Aug 16 05:31:14 ubuntu-server kernel: pci_bus 0000:00: root bus resource [mem 0x000a0000-0x000bffff window]
Aug 16 05:31:14 ubuntu-server kernel: pci_bus 0000:00: root bus resource [mem 0x60000000-0xfdffffff window]
Aug 16 05:31:14 ubuntu-server kernel: pci_bus 0000:00: root bus resource [bus 00-ff]
Aug 16 05:31:14 ubuntu-server kernel: pci 0000:00:00.0: [8086:1237] type 00 class 0x060000
Aug 16 05:31:14 ubuntu-server kernel: pci 0000:00:01.0: [8086:7000] type 00 class 0x060100
Aug 16 05:31:14 ubuntu-server kernel: pci 0000:00:01.1: [8086:7111] type 00 class 0x01018a
Aug 16 05:31:14 ubuntu-server kernel: pci 0000:00:01.1: reg 0x20: [io  0xd000-0xd00f]
Aug 16 05:31:14 ubuntu-server kernel: pci 0000:00:01.1: legacy IDE quirk: reg 0x10: [io  0x01f0-0x01f7]
Aug 16 05:31:14 ubuntu-server kernel: pci 0000:00:01.1: legacy IDE quirk: reg 0x14: [io  0x03f6]
Aug 16 05:31:14 ubuntu-server kernel: pci 0000:00:01.1: legacy IDE quirk: reg 0x18: [io  0x0170-0x0177]
Aug 16 05:31:14 ubuntu-server kernel: pci 0000:00:01.1: legacy IDE quirk: reg 0x1c: [io  0x0376]
Aug 16 05:31:14 ubuntu-server kernel: pci 0000:00:02.0: [15ad:0405] type 00 class 0x030000
Aug 16 05:31:14 ubuntu-server kernel: pci 0000:00:02.0: reg 0x10: [io  0xd010-0xd01f]
Aug 16 05:31:14 ubuntu-server kernel: pci 0000:00:02.0: reg 0x14: [mem 0xe0000000-0xe0ffffff pref]
Aug 16 05:31:14 ubuntu-server kernel: pci 0000:00:02.0: reg 0x18: [mem 0xf0000000-0xf01fffff]
Aug 16 05:31:14 ubuntu-server kernel: pci 0000:00:03.0: [8086:100e] type 00 class 0x020000
Aug 16 05:31:14 ubuntu-server kernel: pci 0000:00:03.0: reg 0x10: [mem 0xf0200000-0xf021ffff]
Aug 16 05:31:14 ubuntu-server kernel: pci 0000:00:03.0: reg 0x18: [io  0xd020-0xd027]
Aug 16 05:31:14 ubuntu-server kernel: pci 0000:00:04.0: [80ee:cafe] type 00 class 0x088000
Aug 16 05:31:14 ubuntu-server kernel: pci 0000:00:04.0: reg 0x10: [io  0xd040-0xd05f]
Aug 16 05:31:14 ubuntu-server kernel: pci 0000:00:04.0: reg 0x14: [mem 0xf0400000-0xf07fffff]
Aug 16 05:31:14 ubuntu-server kernel: pci 0000:00:04.0: reg 0x18: [mem 0xf0800000-0xf0803fff pref]
Aug 16 05:31:14 ubuntu-server kernel: pci 0000:00:05.0: [8086:2415] type 00 class 0x040100
Aug 16 05:31:14 ubuntu-server kernel: pci 0000:00:05.0: reg 0x10: [io  0xd100-0xd1ff]
Aug 16 05:31:14 ubuntu-server kernel: pci 0000:00:05.0: reg 0x14: [io  0xd200-0xd23f]
Aug 16 05:31:14 ubuntu-server kernel: pci 0000:00:06.0: [106b:003f] type 00 class 0x0c0310
Aug 16 05:31:14 ubuntu-server kernel: pci 0000:00:06.0: reg 0x10: [mem 0xf0804000-0xf0804fff]
Aug 16 05:31:14 ubuntu-server kernel: pci 0000:00:07.0: [8086:7113] type 00 class 0x068000
Aug 16 05:31:14 ubuntu-server kernel: pci 0000:00:07.0: quirk: [io  0x4000-0x403f] claimed by PIIX4 ACPI
Aug 16 05:31:14 ubuntu-server kernel: pci 0000:00:07.0: quirk: [io  0x4100-0x410f] claimed by PIIX4 SMB
Aug 16 05:31:14 ubuntu-server kernel: pci 0000:00:0d.0: [8086:2829] type 00 class 0x010601
Aug 16 05:31:14 ubuntu-server kernel: pci 0000:00:0d.0: reg 0x10: [io  0xd240-0xd247]
Aug 16 05:31:14 ubuntu-server kernel: pci 0000:00:0d.0: reg 0x14: [io  0xd248-0xd24b]
Aug 16 05:31:14 ubuntu-server kernel: pci 0000:00:0d.0: reg 0x18: [io  0xd250-0xd257]
Aug 16 05:31:14 ubuntu-server kernel: pci 0000:00:0d.0: reg 0x1c: [io  0xd258-0xd25b]
Aug 16 05:31:14 ubuntu-server kernel: pci 0000:00:0d.0: reg 0x20: [io  0xd260-0xd26f]
Aug 16 05:31:14 ubuntu-server kernel: pci 0000:00:0d.0: reg 0x24: [mem 0xf0806000-0xf0807fff]
Aug 16 05:31:14 ubuntu-server kernel: ACPI: PCI Interrupt Link [LNKA] (IRQs 5 9 10 *11)
Aug 16 05:31:14 ubuntu-server kernel: ACPI: PCI Interrupt Link [LNKB] (IRQs 5 9 *10 11)
Aug 16 05:31:14 ubuntu-server kernel: ACPI: PCI Interrupt Link [LNKC] (IRQs 5 *9 10 11)
Aug 16 05:31:14 ubuntu-server kernel: ACPI: PCI Interrupt Link [LNKD] (IRQs 5 9 10 *11)
Aug 16 05:31:14 ubuntu-server kernel: SCSI subsystem initialized
Aug 16 05:31:14 ubuntu-server kernel: libata version 3.00 loaded.
Aug 16 05:31:14 ubuntu-server kernel: pci 0000:00:02.0: vgaarb: setting as boot VGA device
Aug 16 05:31:14 ubuntu-server kernel: pci 0000:00:02.0: vgaarb: VGA device added: decodes=io+mem,owns=io+mem,locks=none
Aug 16 05:31:14 ubuntu-server kernel: pci 0000:00:02.0: vgaarb: bridge control possible
Aug 16 05:31:14 ubuntu-server kernel: vgaarb: loaded
Aug 16 05:31:14 ubuntu-server kernel: ACPI: bus type USB registered
Aug 16 05:31:14 ubuntu-server kernel: usbcore: registered new interface driver usbfs
Aug 16 05:31:14 ubuntu-server kernel: usbcore: registered new interface driver hub
Aug 16 05:31:14 ubuntu-server kernel: usbcore: registered new device driver usb
Aug 16 05:31:14 ubuntu-server kernel: EDAC MC: Ver: 3.0.0
Aug 16 05:31:14 ubuntu-server kernel: PCI: Using ACPI for IRQ routing
Aug 16 05:31:14 ubuntu-server kernel: PCI: pci_cache_line_size set to 64 bytes
Aug 16 05:31:14 ubuntu-server kernel: e820: reserve RAM buffer [mem 0x0009fc00-0x0009ffff]
Aug 16 05:31:14 ubuntu-server kernel: e820: reserve RAM buffer [mem 0x5fff0000-0x5fffffff]
Aug 16 05:31:14 ubuntu-server kernel: NetLabel: Initializing
Aug 16 05:31:14 ubuntu-server kernel: NetLabel:  domain hash size = 128
Aug 16 05:31:14 ubuntu-server kernel: NetLabel:  protocols = UNLABELED CIPSOv4 CALIPSO
Aug 16 05:31:14 ubuntu-server kernel: NetLabel:  unlabeled traffic allowed by default
Aug 16 05:31:14 ubuntu-server kernel: clocksource: Switched to clocksource kvm-clock
Aug 16 05:31:14 ubuntu-server kernel: VFS: Disk quotas dquot_6.6.0
Aug 16 05:31:14 ubuntu-server kernel: VFS: Dquot-cache hash table entries: 512 (order 0, 4096 bytes)
Aug 16 05:31:14 ubuntu-server kernel: AppArmor: AppArmor Filesystem Enabled
Aug 16 05:31:14 ubuntu-server kernel: pnp: PnP ACPI init
Aug 16 05:31:14 ubuntu-server kernel: pnp 00:00: Plug and Play ACPI device, IDs PNP0303 (active)
Aug 16 05:31:14 ubuntu-server kernel: pnp 00:01: Plug and Play ACPI device, IDs PNP0f03 (active)
Aug 16 05:31:14 ubuntu-server kernel: pnp: PnP ACPI: found 2 devices
Aug 16 05:31:14 ubuntu-server kernel: clocksource: acpi_pm: mask: 0xffffff max_cycles: 0xffffff, max_idle_ns: 2085701024 ns
Aug 16 05:31:14 ubuntu-server kernel: pci_bus 0000:00: resource 4 [io  0x0000-0x0cf7 window]
Aug 16 05:31:14 ubuntu-server kernel: pci_bus 0000:00: resource 5 [io  0x0d00-0xffff window]
Aug 16 05:31:14 ubuntu-server kernel: pci_bus 0000:00: resource 6 [mem 0x000a0000-0x000bffff window]
Aug 16 05:31:14 ubuntu-server kernel: pci_bus 0000:00: resource 7 [mem 0x60000000-0xfdffffff window]
Aug 16 05:31:14 ubuntu-server kernel: NET: Registered protocol family 2
Aug 16 05:31:14 ubuntu-server kernel: TCP established hash table entries: 16384 (order: 5, 131072 bytes)
Aug 16 05:31:14 ubuntu-server kernel: TCP bind hash table entries: 16384 (order: 6, 262144 bytes)
Aug 16 05:31:14 ubuntu-server kernel: TCP: Hash tables configured (established 16384 bind 16384)
Aug 16 05:31:14 ubuntu-server kernel: UDP hash table entries: 1024 (order: 3, 32768 bytes)
Aug 16 05:31:14 ubuntu-server kernel: UDP-Lite hash table entries: 1024 (order: 3, 32768 bytes)
Aug 16 05:31:14 ubuntu-server kernel: NET: Registered protocol family 1
Aug 16 05:31:14 ubuntu-server kernel: pci 0000:00:00.0: Limiting direct PCI/PCI transfers
Aug 16 05:31:14 ubuntu-server kernel: pci 0000:00:01.0: Activating ISA DMA hang workarounds
Aug 16 05:31:14 ubuntu-server kernel: pci 0000:00:02.0: Video device with shadowed ROM at [mem 0x000c0000-0x000dffff]
Aug 16 05:31:14 ubuntu-server kernel: PCI: CLS 0 bytes, default 64
Aug 16 05:31:14 ubuntu-server kernel: Unpacking initramfs...
Aug 16 05:31:14 ubuntu-server kernel: Freeing initrd memory: 56828K
Aug 16 05:31:14 ubuntu-server kernel: clocksource: tsc: mask: 0xffffffffffffffff max_cycles: 0x33c5a15be52, max_idle_ns: 440795280454 ns
Aug 16 05:31:14 ubuntu-server kernel: platform rtc_cmos: registered platform RTC device (no PNP device found)
Aug 16 05:31:14 ubuntu-server kernel: Scanning for low memory corruption every 60 seconds
Aug 16 05:31:14 ubuntu-server kernel: Initialise system trusted keyrings
Aug 16 05:31:14 ubuntu-server kernel: Key type blacklist registered
Aug 16 05:31:14 ubuntu-server kernel: workingset: timestamp_bits=36 max_order=19 bucket_order=0
Aug 16 05:31:14 ubuntu-server kernel: zbud: loaded
Aug 16 05:31:14 ubuntu-server kernel: squashfs: version 4.0 (2009/01/31) Phillip Lougher
Aug 16 05:31:14 ubuntu-server kernel: fuse init (API version 7.26)
Aug 16 05:31:14 ubuntu-server kernel: Key type asymmetric registered
Aug 16 05:31:14 ubuntu-server kernel: Asymmetric key parser 'x509' registered
Aug 16 05:31:14 ubuntu-server kernel: Block layer SCSI generic (bsg) driver version 0.4 loaded (major 246)
Aug 16 05:31:14 ubuntu-server kernel: io scheduler noop registered
Aug 16 05:31:14 ubuntu-server kernel: io scheduler deadline registered
Aug 16 05:31:14 ubuntu-server kernel: io scheduler cfq registered (default)
Aug 16 05:31:14 ubuntu-server kernel: ACPI: AC Adapter [AC] (on-line)
Aug 16 05:31:14 ubuntu-server kernel: input: Power Button as /devices/LNXSYSTM:00/LNXPWRBN:00/input/input0
Aug 16 05:31:14 ubuntu-server kernel: ACPI: Power Button [PWRF]
Aug 16 05:31:14 ubuntu-server kernel: input: Sleep Button as /devices/LNXSYSTM:00/LNXSLPBN:00/input/input1
Aug 16 05:31:14 ubuntu-server kernel: ACPI: Sleep Button [SLPF]
Aug 16 05:31:14 ubuntu-server kernel: Serial: 8250/16550 driver, 32 ports, IRQ sharing enabled
Aug 16 05:31:14 ubuntu-server kernel: Linux agpgart interface v0.103
Aug 16 05:31:14 ubuntu-server kernel: loop: module loaded
Aug 16 05:31:14 ubuntu-server kernel: ata_piix 0000:00:01.1: version 2.13
Aug 16 05:31:14 ubuntu-server kernel: scsi host0: ata_piix
Aug 16 05:31:14 ubuntu-server kernel: scsi host1: ata_piix
Aug 16 05:31:14 ubuntu-server kernel: ata1: PATA max UDMA/33 cmd 0x1f0 ctl 0x3f6 bmdma 0xd000 irq 14
Aug 16 05:31:14 ubuntu-server kernel: ata2: PATA max UDMA/33 cmd 0x170 ctl 0x376 bmdma 0xd008 irq 15
Aug 16 05:31:14 ubuntu-server kernel: libphy: Fixed MDIO Bus: probed
Aug 16 05:31:14 ubuntu-server kernel: tun: Universal TUN/TAP device driver, 1.6
Aug 16 05:31:14 ubuntu-server kernel: PPP generic driver version 2.4.2
Aug 16 05:31:14 ubuntu-server kernel: ehci_hcd: USB 2.0 'Enhanced' Host Controller (EHCI) Driver
Aug 16 05:31:14 ubuntu-server kernel: ehci-pci: EHCI PCI platform driver
Aug 16 05:31:14 ubuntu-server kernel: ehci-platform: EHCI generic platform driver
Aug 16 05:31:14 ubuntu-server kernel: ohci_hcd: USB 1.1 'Open' Host Controller (OHCI) Driver
Aug 16 05:31:14 ubuntu-server kernel: ohci-pci: OHCI PCI platform driver
Aug 16 05:31:14 ubuntu-server kernel: ohci-pci 0000:00:06.0: OHCI PCI host controller
Aug 16 05:31:14 ubuntu-server kernel: ohci-pci 0000:00:06.0: new USB bus registered, assigned bus number 1
Aug 16 05:31:14 ubuntu-server kernel: ohci-pci 0000:00:06.0: irq 22, io mem 0xf0804000
Aug 16 05:31:14 ubuntu-server kernel: usb usb1: New USB device found, idVendor=1d6b, idProduct=0001
Aug 16 05:31:14 ubuntu-server kernel: usb usb1: New USB device strings: Mfr=3, Product=2, SerialNumber=1
Aug 16 05:31:14 ubuntu-server kernel: usb usb1: Product: OHCI PCI host controller
Aug 16 05:31:14 ubuntu-server kernel: usb usb1: Manufacturer: Linux 4.15.0-112-generic ohci_hcd
Aug 16 05:31:14 ubuntu-server kernel: usb usb1: SerialNumber: 0000:00:06.0
Aug 16 05:31:14 ubuntu-server kernel: hub 1-0:1.0: USB hub found
Aug 16 05:31:14 ubuntu-server kernel: hub 1-0:1.0: 12 ports detected
Aug 16 05:31:14 ubuntu-server kernel: ohci-platform: OHCI generic platform driver
Aug 16 05:31:14 ubuntu-server kernel: uhci_hcd: USB Universal Host Controller Interface driver
Aug 16 05:31:14 ubuntu-server kernel: i8042: PNP: PS/2 Controller [PNP0303:PS2K,PNP0f03:PS2M] at 0x60,0x64 irq 1,12
Aug 16 05:31:14 ubuntu-server kernel: serio: i8042 KBD port at 0x60,0x64 irq 1
Aug 16 05:31:14 ubuntu-server kernel: serio: i8042 AUX port at 0x60,0x64 irq 12
Aug 16 05:31:14 ubuntu-server kernel: mousedev: PS/2 mouse device common for all mice
Aug 16 05:31:14 ubuntu-server kernel: input: AT Translated Set 2 keyboard as /devices/platform/i8042/serio0/input/input2
Aug 16 05:31:14 ubuntu-server kernel: rtc_cmos rtc_cmos: rtc core: registered rtc_cmos as rtc0
Aug 16 05:31:14 ubuntu-server kernel: rtc_cmos rtc_cmos: alarms up to one day, 114 bytes nvram
Aug 16 05:31:14 ubuntu-server kernel: i2c /dev entries driver
Aug 16 05:31:14 ubuntu-server kernel: device-mapper: uevent: version 1.0.3
Aug 16 05:31:14 ubuntu-server kernel: device-mapper: ioctl: 4.37.0-ioctl (2017-09-20) initialised: dm-devel@redhat.com
Aug 16 05:31:14 ubuntu-server kernel: ledtrig-cpu: registered to indicate activity on CPUs
Aug 16 05:31:14 ubuntu-server kernel: NET: Registered protocol family 10
Aug 16 05:31:14 ubuntu-server kernel: Segment Routing with IPv6
Aug 16 05:31:14 ubuntu-server kernel: NET: Registered protocol family 17
Aug 16 05:31:14 ubuntu-server kernel: Key type dns_resolver registered
Aug 16 05:31:14 ubuntu-server kernel: mce: Using 0 MCE banks
Aug 16 05:31:14 ubuntu-server kernel: RAS: Correctable Errors collector initialized.
Aug 16 05:31:14 ubuntu-server kernel: sched_clock: Marking stable (888271548, 0)->(943075290, -54803742)
Aug 16 05:31:14 ubuntu-server kernel: registered taskstats version 1
Aug 16 05:31:14 ubuntu-server kernel: Loading compiled-in X.509 certificates
Aug 16 05:31:14 ubuntu-server kernel: Loaded X.509 cert 'Build time autogenerated kernel key: 1d4b83cbc5f7a3cd7e4471a5cf69d65d9314bdf5'
Aug 16 05:31:14 ubuntu-server kernel: zswap: loaded using pool lzo/zbud
Aug 16 05:31:14 ubuntu-server kernel: Key type big_key registered
Aug 16 05:31:14 ubuntu-server kernel: Key type trusted registered
Aug 16 05:31:14 ubuntu-server kernel: Key type encrypted registered
Aug 16 05:31:14 ubuntu-server kernel: AppArmor: AppArmor sha1 policy hashing enabled
Aug 16 05:31:14 ubuntu-server kernel: ima: No TPM chip found, activating TPM-bypass! (rc=-19)
Aug 16 05:31:14 ubuntu-server kernel: ima: Allocated hash algorithm: sha1
Aug 16 05:31:14 ubuntu-server kernel: evm: HMAC attrs: 0x1
Aug 16 05:31:14 ubuntu-server kernel:   Magic number: 1:221:517
Aug 16 05:31:14 ubuntu-server kernel: rtc_cmos rtc_cmos: setting system clock to 2021-08-16 05:31:09 UTC (1629091869)
Aug 16 05:31:14 ubuntu-server kernel: BIOS EDD facility v0.16 2004-Jun-25, 0 devices found
Aug 16 05:31:14 ubuntu-server kernel: EDD information not available.
Aug 16 05:31:14 ubuntu-server kernel: ata2.00: ATAPI: VBOX CD-ROM, 1.0, max UDMA/133
Aug 16 05:31:14 ubuntu-server kernel: ata2.00: configured for UDMA/33
Aug 16 05:31:14 ubuntu-server kernel: scsi 1:0:0:0: CD-ROM            VBOX     CD-ROM           1.0  PQ: 0 ANSI: 5
Aug 16 05:31:14 ubuntu-server kernel: sr 1:0:0:0: [sr0] scsi3-mmc drive: 32x/32x xa/form2 tray
Aug 16 05:31:14 ubuntu-server kernel: cdrom: Uniform CD-ROM driver Revision: 3.20
Aug 16 05:31:14 ubuntu-server kernel: sr 1:0:0:0: Attached scsi CD-ROM sr0
Aug 16 05:31:14 ubuntu-server kernel: sr 1:0:0:0: Attached scsi generic sg0 type 5
Aug 16 05:31:14 ubuntu-server kernel: Freeing unused kernel image memory: 2436K
Aug 16 05:31:14 ubuntu-server kernel: Write protecting the kernel read-only data: 20480k
Aug 16 05:31:14 ubuntu-server kernel: Freeing unused kernel image memory: 2008K
Aug 16 05:31:14 ubuntu-server kernel: Freeing unused kernel image memory: 1872K
Aug 16 05:31:14 ubuntu-server kernel: x86/mm: Checked W+X mappings: passed, no W+X pages found.
Aug 16 05:31:14 ubuntu-server kernel: x86/mm: Checking user space page tables
Aug 16 05:31:14 ubuntu-server kernel: x86/mm: Checked W+X mappings: passed, no W+X pages found.
Aug 16 05:31:14 ubuntu-server kernel: ACPI: Video Device [GFX0] (multi-head: yes  rom: no  post: no)
Aug 16 05:31:14 ubuntu-server kernel: input: Video Bus as /devices/LNXSYSTM:00/LNXSYBUS:00/PNP0A03:00/LNXVIDEO:00/input/input4
Aug 16 05:31:14 ubuntu-server kernel: e1000: Intel(R) PRO/1000 Network Driver - version 7.3.21-k8-NAPI
Aug 16 05:31:14 ubuntu-server kernel: e1000: Copyright (c) 1999-2006 Intel Corporation.
Aug 16 05:31:14 ubuntu-server kernel: AVX2 version of gcm_enc/dec engaged.
Aug 16 05:31:14 ubuntu-server kernel: AES CTR mode by8 optimization enabled
Aug 16 05:31:14 ubuntu-server kernel: [drm] DMA map mode: Using physical TTM page addresses.
Aug 16 05:31:14 ubuntu-server kernel: [drm] Capabilities:
Aug 16 05:31:14 ubuntu-server kernel: [drm]   Cursor.
Aug 16 05:31:14 ubuntu-server kernel: [drm]   Cursor bypass 2.
Aug 16 05:31:14 ubuntu-server kernel: [drm]   Alpha cursor.
Aug 16 05:31:14 ubuntu-server kernel: [drm]   3D.
Aug 16 05:31:14 ubuntu-server kernel: [drm]   Extended Fifo.
Aug 16 05:31:14 ubuntu-server kernel: [drm]   Pitchlock.
Aug 16 05:31:14 ubuntu-server kernel: [drm]   Irq mask.
Aug 16 05:31:14 ubuntu-server kernel: [drm]   GMR.
Aug 16 05:31:14 ubuntu-server kernel: [drm]   Traces.
Aug 16 05:31:14 ubuntu-server kernel: [drm]   GMR2.
Aug 16 05:31:14 ubuntu-server kernel: [drm]   Screen Object 2.
Aug 16 05:31:14 ubuntu-server kernel: [drm] Max GMR ids is 8192
Aug 16 05:31:14 ubuntu-server kernel: [drm] Max number of GMR pages is 1048576
Aug 16 05:31:14 ubuntu-server kernel: [drm] Max dedicated hypervisor surface memory is 507904 kiB
Aug 16 05:31:14 ubuntu-server kernel: [drm] Maximum display memory size is 16384 kiB
Aug 16 05:31:14 ubuntu-server kernel: [drm] VRAM at 0xe0000000 size is 16384 kiB
Aug 16 05:31:14 ubuntu-server kernel: [drm] MMIO at 0xf0000000 size is 2048 kiB
Aug 16 05:31:14 ubuntu-server kernel: [drm] global init.
Aug 16 05:31:14 ubuntu-server kernel: [TTM] Zone  kernel: Available graphics memory: 762442 kiB
Aug 16 05:31:14 ubuntu-server kernel: [TTM] Initializing pool allocator
Aug 16 05:31:14 ubuntu-server kernel: [TTM] Initializing DMA pool allocator
Aug 16 05:31:14 ubuntu-server kernel: [drm] Supports vblank timestamp caching Rev 2 (21.10.2013).
Aug 16 05:31:14 ubuntu-server kernel: [drm] No driver support for vblank timestamp query.
Aug 16 05:31:14 ubuntu-server kernel: [drm] Screen Objects Display Unit initialized
Aug 16 05:31:14 ubuntu-server kernel: [drm] width 720
Aug 16 05:31:14 ubuntu-server kernel: [drm] height 400
Aug 16 05:31:14 ubuntu-server kernel: [drm] bpp 32
Aug 16 05:31:14 ubuntu-server kernel: [drm] Fifo max 0x00200000 min 0x00001000 cap 0x00000355
Aug 16 05:31:14 ubuntu-server kernel: [drm] DX: no.
Aug 16 05:31:14 ubuntu-server kernel: [drm] Atomic: yes
Aug 16 05:31:14 ubuntu-server kernel: [drm:vmw_host_log [vmwgfx]] *ERROR* Failed to send log
Aug 16 05:31:14 ubuntu-server kernel: [drm:vmw_host_log [vmwgfx]] *ERROR* Failed to send log
Aug 16 05:31:14 ubuntu-server kernel: fbcon: svgadrmfb (fb0) is primary device
Aug 16 05:31:14 ubuntu-server kernel: Console: switching to colour frame buffer device 100x37
Aug 16 05:31:14 ubuntu-server kernel: [drm] Initialized vmwgfx 2.14.0 20170612 for 0000:00:02.0 on minor 0
Aug 16 05:31:14 ubuntu-server kernel: random: fast init done
Aug 16 05:31:14 ubuntu-server kernel: input: ImExPS/2 Generic Explorer Mouse as /devices/platform/i8042/serio1/input/input5
Aug 16 05:31:14 ubuntu-server kernel: random: systemd-udevd: uninitialized urandom read (16 bytes read)
Aug 16 05:31:14 ubuntu-server kernel: random: systemd-udevd: uninitialized urandom read (16 bytes read)
Aug 16 05:31:14 ubuntu-server kernel: random: systemd-udevd: uninitialized urandom read (16 bytes read)
Aug 16 05:31:14 ubuntu-server kernel: usb 1-1: new full-speed USB device number 2 using ohci-pci
Aug 16 05:31:14 ubuntu-server kernel: e1000 0000:00:03.0 eth0: (PCI:33MHz:32-bit) 08:00:27:39:9b:32
Aug 16 05:31:14 ubuntu-server kernel: e1000 0000:00:03.0 eth0: Intel(R) PRO/1000 Network Connection
Aug 16 05:31:14 ubuntu-server kernel: piix4_smbus 0000:00:07.0: SMBus Host Controller at 0x4100, revision 0
Aug 16 05:31:14 ubuntu-server kernel: ahci 0000:00:0d.0: version 3.0
Aug 16 05:31:14 ubuntu-server kernel: ahci 0000:00:0d.0: SSS flag set, parallel bus scan disabled
Aug 16 05:31:14 ubuntu-server kernel: ahci 0000:00:0d.0: AHCI 0001.0100 32 slots 1 ports 3 Gbps 0x1 impl SATA mode
Aug 16 05:31:14 ubuntu-server kernel: ahci 0000:00:0d.0: flags: 64bit ncq stag only ccc 
Aug 16 05:31:14 ubuntu-server kernel: e1000 0000:00:03.0 enp0s3: renamed from eth0
Aug 16 05:31:14 ubuntu-server kernel: scsi host2: ahci
Aug 16 05:31:14 ubuntu-server kernel: ata3: SATA max UDMA/133 abar m8192@0xf0806000 port 0xf0806100 irq 21
Aug 16 05:31:14 ubuntu-server kernel: usb 1-1: New USB device found, idVendor=80ee, idProduct=0021
Aug 16 05:31:14 ubuntu-server kernel: usb 1-1: New USB device strings: Mfr=1, Product=3, SerialNumber=0
Aug 16 05:31:14 ubuntu-server kernel: usb 1-1: Product: USB Tablet
Aug 16 05:31:14 ubuntu-server kernel: usb 1-1: Manufacturer: VirtualBox
Aug 16 05:31:14 ubuntu-server kernel: hidraw: raw HID events driver (C) Jiri Kosina
Aug 16 05:31:14 ubuntu-server kernel: usbcore: registered new interface driver usbhid
Aug 16 05:31:14 ubuntu-server kernel: usbhid: USB HID core driver
Aug 16 05:31:14 ubuntu-server kernel: input: VirtualBox USB Tablet as /devices/pci0000:00/0000:00:06.0/usb1/1-1/1-1:1.0/0003:80EE:0021.0001/input/input6
Aug 16 05:31:14 ubuntu-server kernel: hid-generic 0003:80EE:0021.0001: input,hidraw0: USB HID v1.10 Mouse [VirtualBox USB Tablet] on usb-0000:00:06.0-1/input0
Aug 16 05:31:14 ubuntu-server kernel: ata3: SATA link up 3.0 Gbps (SStatus 123 SControl 300)
Aug 16 05:31:14 ubuntu-server kernel: ata3.00: ATA-6: VBOX HARDDISK, 1.0, max UDMA/133
Aug 16 05:31:14 ubuntu-server kernel: ata3.00: 31457280 sectors, multi 128: LBA48 NCQ (depth 31/32)
Aug 16 05:31:14 ubuntu-server kernel: ata3.00: configured for UDMA/133
Aug 16 05:31:14 ubuntu-server kernel: scsi 2:0:0:0: Direct-Access     ATA      VBOX HARDDISK    1.0  PQ: 0 ANSI: 5
Aug 16 05:31:14 ubuntu-server kernel: sd 2:0:0:0: [sda] 31457280 512-byte logical blocks: (16.1 GB/15.0 GiB)
Aug 16 05:31:14 ubuntu-server kernel: sd 2:0:0:0: [sda] Write Protect is off
Aug 16 05:31:14 ubuntu-server kernel: sd 2:0:0:0: [sda] Mode Sense: 00 3a 00 00
Aug 16 05:31:14 ubuntu-server kernel: sd 2:0:0:0: [sda] Write cache: enabled, read cache: enabled, doesn't support DPO or FUA
Aug 16 05:31:14 ubuntu-server kernel: sd 2:0:0:0: Attached scsi generic sg1 type 0
Aug 16 05:31:14 ubuntu-server kernel: sd 2:0:0:0: [sda] Attached SCSI disk
Aug 16 05:31:14 ubuntu-server kernel: raid6: sse2x1   gen() 13065 MB/s
Aug 16 05:31:14 ubuntu-server kernel: raid6: sse2x1   xor()  9007 MB/s
Aug 16 05:31:14 ubuntu-server kernel: raid6: sse2x2   gen() 15360 MB/s
Aug 16 05:31:14 ubuntu-server kernel: raid6: sse2x2   xor()  9653 MB/s
Aug 16 05:31:14 ubuntu-server kernel: raid6: sse2x4   gen() 17675 MB/s
Aug 16 05:31:14 ubuntu-server kernel: raid6: sse2x4   xor() 10490 MB/s
Aug 16 05:31:14 ubuntu-server kernel: raid6: avx2x1   gen() 25371 MB/s
Aug 16 05:31:14 ubuntu-server kernel: raid6: avx2x1   xor() 14095 MB/s
Aug 16 05:31:14 ubuntu-server kernel: raid6: avx2x2   gen() 24425 MB/s
Aug 16 05:31:14 ubuntu-server kernel: raid6: avx2x2   xor() 17913 MB/s
Aug 16 05:31:14 ubuntu-server kernel: raid6: avx2x4   gen() 34473 MB/s
Aug 16 05:31:14 ubuntu-server kernel: raid6: avx2x4   xor() 20376 MB/s
Aug 16 05:31:14 ubuntu-server kernel: raid6: using algorithm avx2x4 gen() 34473 MB/s
Aug 16 05:31:14 ubuntu-server kernel: raid6: .... xor() 20376 MB/s, rmw enabled
Aug 16 05:31:14 ubuntu-server kernel: raid6: using avx2x2 recovery algorithm
Aug 16 05:31:14 ubuntu-server kernel: xor: automatically using best checksumming function   avx       
Aug 16 05:31:14 ubuntu-server kernel: async_tx: api initialized (async)
Aug 16 05:31:14 ubuntu-server kernel: ISO 9660 Extensions: Microsoft Joliet Level 3
Aug 16 05:31:14 ubuntu-server kernel: ISO 9660 Extensions: RRIP_1991A
Aug 16 05:31:14 ubuntu-server kernel: ip_tables: (C) 2000-2006 Netfilter Core Team
Aug 16 05:31:14 ubuntu-server systemd[1]: systemd 237 running in system mode. (+PAM +AUDIT +SELINUX +IMA +APPARMOR +SMACK +SYSVINIT +UTMP +LIBCRYPTSETUP +GCRYPT +GNUTLS +ACL +XZ +LZ4 +SECCOMP +BLKID +ELFUTILS +KMOD -IDN2 +IDN -PCRE2 default-hierarchy=hybrid)
Aug 16 05:31:14 ubuntu-server systemd[1]: Detected virtualization oracle.
Aug 16 05:31:14 ubuntu-server systemd[1]: Detected architecture x86-64.
Aug 16 05:31:14 ubuntu-server systemd[1]: Set hostname to <ubuntu-server>.
Aug 16 05:31:14 ubuntu-server systemd[1]: Initializing machine ID from random generator.
Aug 16 05:31:14 ubuntu-server kernel: random: crng init done
Aug 16 05:31:14 ubuntu-server kernel: random: 7 urandom warning(s) missed due to ratelimiting
Aug 16 05:31:14 ubuntu-server systemd[1]: Unnecessary job for /dev/loop0 was removed.
Aug 16 05:31:14 ubuntu-server systemd[1]: Reached target User and Group Name Lookups.
Aug 16 05:31:14 ubuntu-server systemd[1]: Created slice User and Session Slice.
Aug 16 05:31:14 ubuntu-server systemd[1]: Started Forward Password Requests to Wall Directory Watch.
Aug 16 05:31:14 ubuntu-server systemd[1]: Reached target Swap.
Aug 16 05:31:14 ubuntu-server kernel: Loading iSCSI transport class v2.0-870.
Aug 16 05:31:14 ubuntu-server systemd-journald[806]: Journal started
Aug 16 05:31:14 ubuntu-server systemd-journald[806]: Runtime journal (/run/log/journal/f3c8b76d017642ebbe976a97cc2a7aa0) is 1.8M, max 14.8M, 13.0M free.
Aug 16 05:31:14 ubuntu-server kernel: iscsi: registered transport (tcp)
Aug 16 05:31:14 ubuntu-server systemd-modules-load[807]: Inserted module 'iscsi_tcp'
Aug 16 05:31:14 ubuntu-server systemd[1]: Starting Flush Journal to Persistent Storage...
Aug 16 05:31:14 ubuntu-server systemd-journald[806]: Time spent on flushing to /var is 1.796ms for 490 entries.
Aug 16 05:31:14 ubuntu-server systemd-journald[806]: System journal (/var/log/journal/f3c8b76d017642ebbe976a97cc2a7aa0) is 8.0M, max 74.4M, 66.4M free.
Aug 16 05:31:14 ubuntu-server systemd[1]: Started udev Coldplug all Devices.
Aug 16 05:31:14 ubuntu-server systemd[1]: Started Flush Journal to Persistent Storage.
Aug 16 05:31:14 ubuntu-server systemd[1]: Started udev Kernel Device Manager.
Aug 16 05:31:14 ubuntu-server systemd-modules-load[807]: Inserted module 'ib_iser'
Aug 16 05:31:14 ubuntu-server systemd[1]: Started Load Kernel Modules.
Aug 16 05:31:14 ubuntu-server systemd[1]: Mounting Kernel Configuration File System...
Aug 16 05:31:14 ubuntu-server systemd[1]: Starting Apply Kernel Variables...
Aug 16 05:31:14 ubuntu-server systemd[1]: Mounting FUSE Control File System...
Aug 16 05:31:14 ubuntu-server kernel: iscsi: registered transport (iser)
Aug 16 05:31:14 ubuntu-server systemd[1]: Mounted Kernel Configuration File System.
Aug 16 05:31:14 ubuntu-server systemd[1]: Mounted FUSE Control File System.
Aug 16 05:31:14 ubuntu-server systemd[1]: Started Apply Kernel Variables.
Aug 16 05:31:14 ubuntu-server systemd[1]: Started LVM2 metadata daemon.
Aug 16 05:31:14 ubuntu-server systemd[1]: Started Monitoring of LVM2 mirrors, snapshots etc. using dmeventd or progress polling.
Aug 16 05:31:14 ubuntu-server systemd[1]: Started Set the console keyboard layout.
Aug 16 05:31:14 ubuntu-server systemd[1]: Reached target Local File Systems (Pre).
Aug 16 05:31:14 ubuntu-server systemd[1]: Mounting /media/filesystem...
Aug 16 05:31:14 ubuntu-server systemd[1]: tmp.mount: Directory /tmp to mount over is not empty, mounting anyway.
Aug 16 05:31:14 ubuntu-server systemd[1]: Mounting /tmp...
Aug 16 05:31:14 ubuntu-server systemd[1]: Started Dispatch Password Requests to Console Directory Watch.
Aug 16 05:31:14 ubuntu-server systemd[1]: Reached target Local Encrypted Volumes.
Aug 16 05:31:14 ubuntu-server systemd[1]: Mounted /tmp.
Aug 16 05:31:14 ubuntu-server systemd[1]: Reached target Local File Systems.
Aug 16 05:31:14 ubuntu-server systemd[1]: Starting Tell Plymouth To Write Out Runtime Data...
Aug 16 05:31:14 ubuntu-server systemd[1]: Starting Create final runtime dir for shutdown pivot root...
Aug 16 05:31:14 ubuntu-server systemd[1]: Starting Load AppArmor profiles managed internally by snapd...
Aug 16 05:31:14 ubuntu-server systemd[1]: Starting Create Volatile Files and Directories...
Aug 16 05:31:14 ubuntu-server systemd[1]: Starting Set console font and keymap...
Aug 16 05:31:14 ubuntu-server systemd[1]: Starting ebtables ruleset management...
Aug 16 05:31:14 ubuntu-server systemd[1]: Mounted /media/filesystem.
Aug 16 05:31:14 ubuntu-server systemd[1]: Mounting /media/rack...
Aug 16 05:31:14 ubuntu-server kernel: overlayfs: failed to resolve '/media/region.lower': -2
Aug 16 05:31:14 ubuntu-server systemd[1]: Mounting /media/region...
Aug 16 05:31:14 ubuntu-server kernel: overlayfs: failed to resolve '/media/rack.lower': -2
Aug 16 05:31:14 ubuntu-server mount[853]: mount: /media/rack: special device overlay does not exist.
Aug 16 05:31:14 ubuntu-server systemd[1]: media-rack.mount: Mount process exited, code=exited status=32
Aug 16 05:31:14 ubuntu-server systemd[1]: media-rack.mount: Failed with result 'exit-code'.
Aug 16 05:31:14 ubuntu-server systemd[1]: Failed to mount /media/rack.
Aug 16 05:31:14 ubuntu-server mount[854]: mount: /media/region: special device overlay does not exist.
Aug 16 05:31:14 ubuntu-server systemd[1]: media-region.mount: Mount process exited, code=exited status=32
Aug 16 05:31:14 ubuntu-server systemd[1]: media-region.mount: Failed with result 'exit-code'.
Aug 16 05:31:14 ubuntu-server systemd[1]: Failed to mount /media/region.
Aug 16 05:31:14 ubuntu-server systemd[1]: Started Create final runtime dir for shutdown pivot root.
Aug 16 05:31:14 ubuntu-server snapd-apparmor[849]: find: ‘/var/lib/snapd/apparmor/profiles/’: No such file or directory
Aug 16 05:31:14 ubuntu-server systemd[1]: Started Load AppArmor profiles managed internally by snapd.
Aug 16 05:31:14 ubuntu-server systemd[1]: Started Set console font and keymap.
Aug 16 05:31:14 ubuntu-server systemd[1]: Started Create Volatile Files and Directories.
Aug 16 05:31:14 ubuntu-server systemd[1]: Starting Update UTMP about System Boot/Shutdown...
Aug 16 05:31:14 ubuntu-server systemd[1]: Starting Network Time Synchronization...
Aug 16 05:31:14 ubuntu-server systemd[1]: Started Tell Plymouth To Write Out Runtime Data.
Aug 16 05:31:14 ubuntu-server systemd[1]: Started Update UTMP about System Boot/Shutdown.
Aug 16 05:31:14 ubuntu-server systemd[1]: Started Network Time Synchronization.
Aug 16 05:31:14 ubuntu-server systemd[1]: Reached target System Time Synchronized.
Aug 16 05:31:14 ubuntu-server systemd[1]: Reached target System Initialization.
Aug 16 05:31:14 ubuntu-server systemd[1]: Started Daily apt download activities.
Aug 16 05:31:14 ubuntu-server systemd[1]: Started ACPI Events Check.
Aug 16 05:31:14 ubuntu-server systemd[1]: Started Daily Cleanup of Temporary Directories.
Aug 16 05:31:14 ubuntu-server systemd[1]: Starting Socket activation for snappy daemon.
Aug 16 05:31:14 ubuntu-server systemd[1]: Listening on UUID daemon activation socket.
Aug 16 05:31:14 ubuntu-server systemd[1]: Listening on D-Bus System Message Bus Socket.
Aug 16 05:31:14 ubuntu-server systemd[1]: Started Message of the Day.
Aug 16 05:31:14 ubuntu-server systemd[1]: Starting LXD - unix socket.
Aug 16 05:31:14 ubuntu-server systemd[1]: Reached target Paths.
Aug 16 05:31:14 ubuntu-server systemd[1]: Started Discard unused blocks once a week.
Aug 16 05:31:14 ubuntu-server systemd[1]: Listening on Open-iSCSI iscsid Socket.
Aug 16 05:31:14 ubuntu-server systemd[1]: Listening on ACPID Listen Socket.
Aug 16 05:31:14 ubuntu-server systemd[1]: Started Daily apt upgrade and clean activities.
Aug 16 05:31:14 ubuntu-server systemd[1]: Reached target Timers.
Aug 16 05:31:14 ubuntu-server systemd[1]: Listening on Socket activation for snappy daemon.
Aug 16 05:31:14 ubuntu-server systemd[1]: Listening on LXD - unix socket.
Aug 16 05:31:14 ubuntu-server systemd[1]: Reached target Sockets.
Aug 16 05:31:14 ubuntu-server systemd[1]: Reached target Basic System.
Aug 16 05:31:14 ubuntu-server systemd[1]: Starting Login Service...
Aug 16 05:31:14 ubuntu-server systemd[1]: Starting System Logging Service...
Aug 16 05:31:14 ubuntu-server systemd[1]: Starting Dispatcher daemon for systemd-networkd...
Aug 16 05:31:14 ubuntu-server systemd[1]: Started FUSE filesystem for LXC.
Aug 16 05:31:14 ubuntu-server systemd[1]: Started irqbalance daemon.
Aug 16 05:31:14 ubuntu-server systemd[1]: Starting LXD - container startup/shutdown...
Aug 16 05:31:14 ubuntu-server systemd[1]: Started Regular background program processing daemon.
Aug 16 05:31:14 ubuntu-server systemd[1]: Started Deferred execution scheduler.
Aug 16 05:31:14 ubuntu-server systemd[1]: Starting Accounts Service...
Aug 16 05:31:14 ubuntu-server systemd[1]: Started D-Bus System Message Bus.
Aug 16 05:31:15 ubuntu-server cron[872]: (CRON) INFO (pidfile fd = 3)
Aug 16 05:31:15 ubuntu-server cron[872]: (CRON) INFO (Running @reboot jobs)
Aug 16 05:31:15 ubuntu-server kernel: new mount options do not match the existing superblock, will be ignored
Aug 16 05:31:15 ubuntu-server lxcfs[869]: mount namespace: 5
Aug 16 05:31:15 ubuntu-server lxcfs[869]: hierarchies:
Aug 16 05:31:15 ubuntu-server /usr/sbin/irqbalance[870]: Balancing is ineffective on systems with a single cpu.  Shutting down
Aug 16 05:31:15 ubuntu-server lxcfs[869]:   0: fd:   6: memory
Aug 16 05:31:15 ubuntu-server lxcfs[869]:   1: fd:   7: freezer
Aug 16 05:31:15 ubuntu-server lxcfs[869]:   2: fd:   8: cpuset
Aug 16 05:31:15 ubuntu-server lxcfs[869]:   3: fd:   9: rdma
Aug 16 05:31:15 ubuntu-server lxcfs[869]:   4: fd:  10: hugetlb
Aug 16 05:31:15 ubuntu-server lxcfs[869]:   5: fd:  11: cpu,cpuacct
Aug 16 05:31:15 ubuntu-server lxcfs[869]:   6: fd:  12: pids
Aug 16 05:31:15 ubuntu-server lxcfs[869]:   7: fd:  13: perf_event
Aug 16 05:31:15 ubuntu-server lxcfs[869]:   8: fd:  14: blkio
Aug 16 05:31:15 ubuntu-server lxcfs[869]:   9: fd:  15: net_cls,net_prio
Aug 16 05:31:15 ubuntu-server lxcfs[869]:  10: fd:  16: devices
Aug 16 05:31:15 ubuntu-server lxcfs[869]:  11: fd:  17: name=systemd
Aug 16 05:31:15 ubuntu-server lxcfs[869]:  12: fd:  18: unified
Aug 16 05:31:15 ubuntu-server systemd-logind[865]: New seat seat0.
Aug 16 05:31:15 ubuntu-server rsyslogd[867]: imuxsock: Acquired UNIX socket '/run/systemd/journal/syslog' (fd 3) from systemd.  [v8.32.0]
Aug 16 05:31:15 ubuntu-server rsyslogd[867]: rsyslogd's groupid changed to 106
Aug 16 05:31:15 ubuntu-server rsyslogd[867]: rsyslogd's userid changed to 102
Aug 16 05:31:15 ubuntu-server rsyslogd[867]:  [origin software="rsyslogd" swVersion="8.32.0" x-pid="867" x-info="http://www.rsyslog.com"] start
Aug 16 05:31:15 ubuntu-server dbus-daemon[875]: [system] AppArmor D-Bus mediation is enabled
Aug 16 05:31:15 ubuntu-server systemd[1]: Started Login Service.
Aug 16 05:31:15 ubuntu-server systemd[1]: Starting Snap Daemon...
Aug 16 05:31:15 ubuntu-server dbus-daemon[875]: [system] Activating via systemd: service name='org.freedesktop.PolicyKit1' unit='polkit.service' requested by ':1.2' (uid=0 pid=874 comm="/usr/lib/accountsservice/accounts-daemon " label="unconfined")
Aug 16 05:31:15 ubuntu-server systemd[1]: Started System Logging Service.
Aug 16 05:31:15 ubuntu-server systemd[1]: Starting Authorization Manager...
Aug 16 05:31:15 ubuntu-server systemd[1]: Started ebtables ruleset management.
Aug 16 05:31:15 ubuntu-server systemd[1]: Reached target Network (Pre).
Aug 16 05:31:15 ubuntu-server systemd[1]: Starting Network Service...
Aug 16 05:31:15 ubuntu-server polkitd[889]: started daemon version 0.105 using authority implementation `local' version `0.105'
Aug 16 05:31:15 ubuntu-server dbus-daemon[875]: [system] Successfully activated service 'org.freedesktop.PolicyKit1'
Aug 16 05:31:15 ubuntu-server systemd[1]: Started Authorization Manager.
Aug 16 05:31:15 ubuntu-server accounts-daemon[874]: started daemon version 0.6.45
Aug 16 05:31:15 ubuntu-server systemd[1]: Started Accounts Service.
Aug 16 05:31:15 ubuntu-server systemd-networkd[894]: Enumeration completed
Aug 16 05:31:15 ubuntu-server systemd[1]: Started Network Service.
Aug 16 05:31:15 ubuntu-server systemd[1]: Starting Wait for Network to be Configured...
Aug 16 05:31:15 ubuntu-server systemd[1]: Starting Network Name Resolution...
Aug 16 05:31:15 ubuntu-server systemd[1]: Started Wait for Network to be Configured.
Aug 16 05:31:15 ubuntu-server systemd-networkd[894]: enp0s3: IPv6 successfully enabled
Aug 16 05:31:15 ubuntu-server systemd-networkd[894]: lo: Link is not managed by us
Aug 16 05:31:15 ubuntu-server systemd-networkd[894]: enp0s3: Link UP
Aug 16 05:31:15 ubuntu-server kernel: IPv6: ADDRCONF(NETDEV_UP): enp0s3: link is not ready
Aug 16 05:31:15 ubuntu-server systemd-networkd[894]: enp0s3: Gained carrier
Aug 16 05:31:15 ubuntu-server kernel: e1000: enp0s3 NIC Link is Up 1000 Mbps Full Duplex, Flow Control: RX
Aug 16 05:31:15 ubuntu-server kernel: IPv6: ADDRCONF(NETDEV_CHANGE): enp0s3: link becomes ready
Aug 16 05:31:15 ubuntu-server systemd-resolved[896]: Positive Trust Anchors:
Aug 16 05:31:15 ubuntu-server systemd-resolved[896]: . IN DS 19036 8 2 49aac11d7b6f6446702e54a1607371607a1a41855200fd2ce1cdde32f24e8fb5
Aug 16 05:31:15 ubuntu-server systemd-resolved[896]: . IN DS 20326 8 2 e06d44b80b8f1d39a95c0b0d7c65d08458e880409bbc683457104237c7f8ec8d
Aug 16 05:31:15 ubuntu-server systemd-resolved[896]: Negative trust anchors: 10.in-addr.arpa 16.172.in-addr.arpa 17.172.in-addr.arpa 18.172.in-addr.arpa 19.172.in-addr.arpa 20.172.in-addr.arpa 21.172.in-addr.arpa 22.172.in-addr.arpa 23.172.in-addr.arpa 24.172.in-addr.arpa 25.172.in-addr.arpa 26.172.in-addr.arpa 27.172.in-addr.arpa 28.172.in-addr.arpa 29.172.in-addr.arpa 30.172.in-addr.arpa 31.172.in-addr.arpa 168.192.in-addr.arpa d.f.ip6.arpa corp home internal intranet lan local private test
Aug 16 05:31:15 ubuntu-server systemd-networkd[894]: enp0s3: DHCPv4 address 192.168.1.26/24 via 192.168.1.1
Aug 16 05:31:15 ubuntu-server systemd-timesyncd[862]: Network configuration changed, trying to establish connection.
Aug 16 05:31:15 ubuntu-server systemd-resolved[896]: Using system hostname 'ubuntu-server'.
Aug 16 05:31:15 ubuntu-server systemd[1]: Started Network Name Resolution.
Aug 16 05:31:15 ubuntu-server systemd[1]: Reached target Network.
Aug 16 05:31:15 ubuntu-server systemd[1]: Started Unattended Upgrades Shutdown.
Aug 16 05:31:15 ubuntu-server systemd[1]: Reached target Network is Online.
Aug 16 05:31:15 ubuntu-server systemd[1]: Starting Pollinate to seed the pseudo random number generator...
Aug 16 05:31:15 ubuntu-server systemd[1]: Reached target Remote File Systems (Pre).
Aug 16 05:31:15 ubuntu-server systemd[1]: Reached target Remote File Systems.
Aug 16 05:31:15 ubuntu-server systemd[1]: Starting LSB: automatic crash report generation...
Aug 16 05:31:15 ubuntu-server systemd[1]: Starting Permit User Sessions...
Aug 16 05:31:15 ubuntu-server systemd[1]: Starting Availability of block devices...
Aug 16 05:31:16 ubuntu-server systemd[1]: Reached target Host and Network Name Lookups.
Aug 16 05:31:16 ubuntu-server systemd[1]: Started Availability of block devices.
Aug 16 05:31:16 ubuntu-server systemd[1]: Started Permit User Sessions.
Aug 16 05:31:16 ubuntu-server systemd[1]: Starting Terminate Plymouth Boot Screen...
Aug 16 05:31:16 ubuntu-server systemd[1]: Starting Hold until boot process finishes up...
Aug 16 05:31:16 ubuntu-server systemd[1]: Started Hold until boot process finishes up.
Aug 16 05:31:16 ubuntu-server systemd[1]: Starting Set console scheme...
Aug 16 05:31:16 ubuntu-server systemd[1]: Started Terminate Plymouth Boot Screen.
Aug 16 05:31:16 ubuntu-server apport[900]:  * Starting automatic crash report generation: apport
Aug 16 05:31:16 ubuntu-server systemd[1]: Started Set console scheme.
Aug 16 05:31:16 ubuntu-server systemd[1]: Created slice system-getty.slice.
Aug 16 05:31:16 ubuntu-server systemd[1]: Reached target Login Prompts.
Aug 16 05:31:16 ubuntu-server apport[900]:    ...done.
Aug 16 05:31:16 ubuntu-server systemd[1]: Started LSB: automatic crash report generation.
Aug 16 05:31:16 ubuntu-server systemd-logind[865]: Watching system buttons on /dev/input/event0 (Power Button)
Aug 16 05:31:16 ubuntu-server systemd-logind[865]: Watching system buttons on /dev/input/event1 (Sleep Button)
Aug 16 05:31:16 ubuntu-server pollinate[931]: client sent challenge to [https://entropy.ubuntu.com/]
Aug 16 05:31:16 ubuntu-server systemd-networkd[894]: enp0s3: Gained IPv6LL
Aug 16 05:31:16 ubuntu-server systemd-networkd[894]: enp0s3: Configured
Aug 16 05:31:16 ubuntu-server systemd-timesyncd[862]: Network configuration changed, trying to establish connection.
Aug 16 05:31:16 ubuntu-server systemd-udevd[835]: link_config: autonegotiation is unset or enabled, the speed and duplex are not writable.
Aug 16 05:31:17 ubuntu-server kernel: vgdrvHeartbeatInit: Setting up heartbeat to trigger every 2000 milliseconds
Aug 16 05:31:17 ubuntu-server kernel: input: Unspecified device as /devices/pci0000:00/0000:00:04.0/input/input7
Aug 16 05:31:17 ubuntu-server kernel: vboxguest: misc device minor 56, IRQ 20, I/O port d040, MMIO at 00000000f0400000 (size 0x400000)
Aug 16 05:31:17 ubuntu-server kernel: vboxguest: Successfully loaded version 5.2.8_KernelUbuntu (interface 0x00010004)
Aug 16 05:31:17 ubuntu-server networkd-dispatcher[868]: No valid path found for iwconfig
Aug 16 05:31:17 ubuntu-server networkd-dispatcher[868]: No valid path found for iw
Aug 16 05:31:17 ubuntu-server systemd[1]: Started Dispatcher daemon for systemd-networkd.
Aug 16 05:31:17 ubuntu-server systemd[1]: Started LXD - container startup/shutdown.
Aug 16 05:31:17 ubuntu-server systemd-logind[865]: Watching system buttons on /dev/input/event2 (AT Translated Set 2 keyboard)
Aug 16 05:31:17 ubuntu-server snapd[887]: AppArmor status: apparmor is enabled and all features are available
Aug 16 05:31:17 ubuntu-server kernel: RAPL PMU: API unit is 2^-32 Joules, 4 fixed counters, 10737418240 ms ovfl timer
Aug 16 05:31:17 ubuntu-server kernel: RAPL PMU: hw unit of domain pp0-core 2^-0 Joules
Aug 16 05:31:17 ubuntu-server kernel: RAPL PMU: hw unit of domain package 2^-0 Joules
Aug 16 05:31:17 ubuntu-server kernel: RAPL PMU: hw unit of domain dram 2^-0 Joules
Aug 16 05:31:17 ubuntu-server kernel: RAPL PMU: hw unit of domain pp1-gpu 2^-0 Joules
Aug 16 05:31:17 ubuntu-server snapd[887]: daemon.go:343: started snapd/2.45.1+18.04.2 (series 16; classic) ubuntu/18.04 (amd64) linux/4.15.0-112-generic.
Aug 16 05:31:17 ubuntu-server systemd[1]: Listening on Load/Save RF Kill Switch Status /dev/rfkill Watch.
Aug 16 05:31:17 ubuntu-server systemd-udevd[830]: link_config: autonegotiation is unset or enabled, the speed and duplex are not writable.
Aug 16 05:31:17 ubuntu-server snapd[887]: daemon.go:436: adjusting startup timeout by 30s (pessimistic estimate of 30s plus 5s per snap)
Aug 16 05:31:18 ubuntu-server snapd[887]: backend.go:134: snapd enabled root filesystem on overlay support, additional upperdir permissions granted
Aug 16 05:31:18 ubuntu-server pollinate[996]: client verified challenge/response with [https://entropy.ubuntu.com/]
Aug 16 05:31:18 ubuntu-server pollinate[1003]: client hashed response from [https://entropy.ubuntu.com/]
Aug 16 05:31:18 ubuntu-server pollinate[1004]: client successfully seeded [/dev/urandom]
Aug 16 05:31:18 ubuntu-server systemd[1]: Started Pollinate to seed the pseudo random number generator.
Aug 16 05:31:18 ubuntu-server audit[994]: AVC apparmor="STATUS" operation="profile_load" profile="unconfined" name="/usr/lib/snapd/snap-confine" pid=994 comm="apparmor_parser"
Aug 16 05:31:18 ubuntu-server audit[994]: AVC apparmor="STATUS" operation="profile_load" profile="unconfined" name="/usr/lib/snapd/snap-confine//mount-namespace-capture-helper" pid=994 comm="apparmor_parser"
Aug 16 05:31:18 ubuntu-server kernel: audit: type=1400 audit(1629091878.764:2): apparmor="STATUS" operation="profile_load" profile="unconfined" name="/usr/lib/snapd/snap-confine" pid=994 comm="apparmor_parser"
Aug 16 05:31:18 ubuntu-server kernel: audit: type=1400 audit(1629091878.764:3): apparmor="STATUS" operation="profile_load" profile="unconfined" name="/usr/lib/snapd/snap-confine//mount-namespace-capture-helper" pid=994 comm="apparmor_parser"
Aug 16 05:31:18 ubuntu-server snapd[887]: helpers.go:105: error trying to compare the snap system key: system-key missing on disk
Aug 16 05:31:18 ubuntu-server systemd[1]: Started Snap Daemon.
Aug 16 05:31:18 ubuntu-server systemd[1]: Starting Wait until snapd is fully seeded...
Aug 16 05:31:18 ubuntu-server systemd[1]: Starting Holds Snappy daemon refresh...
Aug 16 05:31:21 ubuntu-server systemd[1]: Reached target Sound Card.
Aug 16 05:31:21 ubuntu-server kernel: snd_intel8x0 0000:00:05.0: white list rate for 1028:0177 is 48000
Aug 16 05:31:23 ubuntu-server systemd[1]: Started Holds Snappy daemon refresh.
Aug 16 05:31:23 ubuntu-server systemd[1]: Reloading.
Aug 16 05:31:23 ubuntu-server systemd[1]: Mounting Mount unit for snapd, revision 8542...
Aug 16 05:31:23 ubuntu-server systemd[1]: Mounted Mount unit for snapd, revision 8542.
Aug 16 05:31:24 ubuntu-server systemd-logind[865]: Watching system buttons on /dev/input/event0 (Power Button)
Aug 16 05:31:24 ubuntu-server systemd-logind[865]: Watching system buttons on /dev/input/event1 (Sleep Button)
Aug 16 05:31:24 ubuntu-server systemd-logind[865]: Watching system buttons on /dev/input/event2 (AT Translated Set 2 keyboard)
Aug 16 05:31:24 ubuntu-server audit[1259]: AVC apparmor="STATUS" operation="profile_load" profile="unconfined" name="/snap/snapd/8542/usr/lib/snapd/snap-confine" pid=1259 comm="apparmor_parser"
Aug 16 05:31:24 ubuntu-server audit[1259]: AVC apparmor="STATUS" operation="profile_load" profile="unconfined" name="/snap/snapd/8542/usr/lib/snapd/snap-confine//mount-namespace-capture-helper" pid=1259 comm="apparmor_parser"
Aug 16 05:31:25 ubuntu-server kernel: audit: type=1400 audit(1629091884.992:4): apparmor="STATUS" operation="profile_load" profile="unconfined" name="/snap/snapd/8542/usr/lib/snapd/snap-confine" pid=1259 comm="apparmor_parser"
Aug 16 05:31:25 ubuntu-server kernel: audit: type=1400 audit(1629091884.992:5): apparmor="STATUS" operation="profile_load" profile="unconfined" name="/snap/snapd/8542/usr/lib/snapd/snap-confine//mount-namespace-capture-helper" pid=1259 comm="apparmor_parser"
Aug 16 05:31:25 ubuntu-server snapd[887]: daemon.go:542: gracefully waiting for running hooks
Aug 16 05:31:25 ubuntu-server snapd[887]: daemon.go:544: done waiting for running hooks
Aug 16 05:31:27 ubuntu-server systemd[1]: snapd.service: Service hold-off time over, scheduling restart.
Aug 16 05:31:27 ubuntu-server systemd[1]: snapd.service: Scheduled restart job, restart counter is at 1.
Aug 16 05:31:27 ubuntu-server systemd[1]: Stopped Snap Daemon.
Aug 16 05:31:27 ubuntu-server systemd[1]: Starting Snap Daemon...
Aug 16 05:31:27 ubuntu-server snapd[1272]: AppArmor status: apparmor is enabled and all features are available
Aug 16 05:31:27 ubuntu-server snapd[1272]: patch.go:64: Patching system state level 6 to sublevel 1...
Aug 16 05:31:27 ubuntu-server snapd[1272]: patch.go:64: Patching system state level 6 to sublevel 2...
Aug 16 05:31:27 ubuntu-server snapd[1272]: patch.go:64: Patching system state level 6 to sublevel 3...
Aug 16 05:31:27 ubuntu-server snapd[1272]: daemon.go:343: started snapd/2.45.1+18.04.2 (series 16; classic) ubuntu/18.04 (amd64) linux/4.15.0-112-generic.
Aug 16 05:31:27 ubuntu-server snapd[1272]: daemon.go:436: adjusting startup timeout by 35s (pessimistic estimate of 30s plus 5s per snap)
Aug 16 05:31:27 ubuntu-server snapd[1272]: backend.go:134: snapd enabled root filesystem on overlay support, additional upperdir permissions granted
Aug 16 05:31:27 ubuntu-server systemd[1]: Started Snap Daemon.
Aug 16 05:31:28 ubuntu-server systemd[1]: Reloading.
Aug 16 05:31:28 ubuntu-server systemd[1]: Mounting Mount unit for core18, revision 1885...
Aug 16 05:31:28 ubuntu-server systemd[1]: Mounted Mount unit for core18, revision 1885.
Aug 16 05:31:28 ubuntu-server systemd[1]: Reloading.
Aug 16 05:31:28 ubuntu-server systemd[1]: Mounting Mount unit for subiquity, revision 1966...
Aug 16 05:31:28 ubuntu-server systemd[1]: Mounted Mount unit for subiquity, revision 1966.
Aug 16 05:31:28 ubuntu-server audit[1491]: AVC apparmor="STATUS" operation="profile_load" profile="unconfined" name="snap-update-ns.subiquity" pid=1491 comm="apparmor_parser"
Aug 16 05:31:28 ubuntu-server audit[1492]: AVC apparmor="STATUS" operation="profile_load" profile="unconfined" name="snap.subiquity.console-conf" pid=1492 comm="apparmor_parser"
Aug 16 05:31:28 ubuntu-server audit[1493]: AVC apparmor="STATUS" operation="profile_load" profile="unconfined" name="snap.subiquity.hook.install" pid=1493 comm="apparmor_parser"
Aug 16 05:31:29 ubuntu-server kernel: audit: type=1400 audit(1629091888.996:6): apparmor="STATUS" operation="profile_load" profile="unconfined" name="snap-update-ns.subiquity" pid=1491 comm="apparmor_parser"
Aug 16 05:31:29 ubuntu-server kernel: audit: type=1400 audit(1629091888.996:7): apparmor="STATUS" operation="profile_load" profile="unconfined" name="snap.subiquity.console-conf" pid=1492 comm="apparmor_parser"
Aug 16 05:31:29 ubuntu-server kernel: audit: type=1400 audit(1629091888.996:8): apparmor="STATUS" operation="profile_load" profile="unconfined" name="snap.subiquity.hook.install" pid=1493 comm="apparmor_parser"
Aug 16 05:31:29 ubuntu-server audit[1494]: AVC apparmor="STATUS" operation="profile_load" profile="unconfined" name="snap.subiquity.hook.post-refresh" pid=1494 comm="apparmor_parser"
Aug 16 05:31:29 ubuntu-server audit[1495]: AVC apparmor="STATUS" operation="profile_load" profile="unconfined" name="snap.subiquity.probert" pid=1495 comm="apparmor_parser"
Aug 16 05:31:29 ubuntu-server audit[1496]: AVC apparmor="STATUS" operation="profile_load" profile="unconfined" name="snap.subiquity.subiquity" pid=1496 comm="apparmor_parser"
Aug 16 05:31:29 ubuntu-server audit[1497]: AVC apparmor="STATUS" operation="profile_load" profile="unconfined" name="snap.subiquity.subiquity-configure-apt" pid=1497 comm="apparmor_parser"
Aug 16 05:31:29 ubuntu-server audit[1498]: AVC apparmor="STATUS" operation="profile_load" profile="unconfined" name="snap.subiquity.subiquity-configure-run" pid=1498 comm="apparmor_parser"
Aug 16 05:31:29 ubuntu-server kernel: audit: type=1400 audit(1629091889.012:9): apparmor="STATUS" operation="profile_load" profile="unconfined" name="snap.subiquity.hook.post-refresh" pid=1494 comm="apparmor_parser"
Aug 16 05:31:29 ubuntu-server kernel: audit: type=1400 audit(1629091889.012:10): apparmor="STATUS" operation="profile_load" profile="unconfined" name="snap.subiquity.probert" pid=1495 comm="apparmor_parser"
Aug 16 05:31:29 ubuntu-server kernel: audit: type=1400 audit(1629091889.012:11): apparmor="STATUS" operation="profile_load" profile="unconfined" name="snap.subiquity.subiquity" pid=1496 comm="apparmor_parser"
Aug 16 05:31:29 ubuntu-server kernel: audit: type=1400 audit(1629091889.012:12): apparmor="STATUS" operation="profile_load" profile="unconfined" name="snap.subiquity.subiquity-configure-apt" pid=1497 comm="apparmor_parser"
Aug 16 05:31:29 ubuntu-server kernel: audit: type=1400 audit(1629091889.012:13): apparmor="STATUS" operation="profile_load" profile="unconfined" name="snap.subiquity.subiquity-configure-run" pid=1498 comm="apparmor_parser"
Aug 16 05:31:29 ubuntu-server audit[1499]: AVC apparmor="STATUS" operation="profile_load" profile="unconfined" name="snap.subiquity.subiquity-loadkeys" pid=1499 comm="apparmor_parser"
Aug 16 05:31:29 ubuntu-server audit[1500]: AVC apparmor="STATUS" operation="profile_load" profile="unconfined" name="snap.subiquity.subiquity-service" pid=1500 comm="apparmor_parser"
Aug 16 05:31:29 ubuntu-server systemd[1]: Reloading.
Aug 16 05:31:29 ubuntu-server systemd[1]: Started Service for snap application subiquity.subiquity-service.
Aug 16 05:31:30 ubuntu-server /subiquity[1538]: i18n file is /snap/subiquity/1966/lib/python3.6/site-packages/subiquitycore/i18n.py
Aug 16 05:31:30 ubuntu-server /subiquity[1538]: Final localedir is /snap/subiquity/1966/share/locale
Aug 16 05:31:30 ubuntu-server /subiquity[1538]: switch_language en_US
Aug 16 05:31:32 ubuntu-server kernel: cfg80211: Loading compiled-in X.509 certificates for regulatory database
Aug 16 05:31:32 ubuntu-server kernel: cfg80211: Loaded X.509 cert 'sforshee: 00b28ddf47aef9cea7'
Aug 16 05:31:32 ubuntu-server kernel: platform regulatory.0: Direct firmware load for regulatory.db failed with error -2
Aug 16 05:31:32 ubuntu-server kernel: cfg80211: failed to load regulatory.db
Aug 16 05:31:33 ubuntu-server systemd[1]: Started Wait until snapd is fully seeded.
Aug 16 05:31:33 ubuntu-server systemd[1]: Reached target Multi-User System.
Aug 16 05:31:33 ubuntu-server systemd[1]: Reached target Graphical Interface.
Aug 16 05:31:33 ubuntu-server systemd[1]: Starting Update UTMP about System Runlevel Changes...
Aug 16 05:31:33 ubuntu-server systemd[1]: Started Update UTMP about System Runlevel Changes.
Aug 16 05:31:33 ubuntu-server systemd[1]: Startup finished in 5.222s (kernel) + 19.574s (userspace) = 24.797s.
Aug 16 05:31:36 ubuntu-server /subiquity[1538]: switch_language en_US
Aug 15 16:31:49 ubuntu-server systemd-timesyncd[862]: Synchronized to time server 91.189.91.157:123 (ntp.ubuntu.com).
Aug 15 16:32:06 ubuntu-server audit[1815]: AVC apparmor="DENIED" operation="file_inherit" profile="/usr/lib/snapd/snap-confine" name="/dev/tty1" pid=1815 comm="snap-confine" requested_mask="wr" denied_mask="wr" fsuid=0 ouid=0
Aug 15 16:32:06 ubuntu-server kernel: kauditd_printk_skb: 2 callbacks suppressed
Aug 15 16:32:06 ubuntu-server kernel: audit: type=1400 audit(1629045126.237:16): apparmor="DENIED" operation="file_inherit" profile="/usr/lib/snapd/snap-confine" name="/dev/tty1" pid=1815 comm="snap-confine" requested_mask="wr" denied_mask="wr" fsuid=0 ouid=0
Aug 15 16:32:06 ubuntu-server dbus-daemon[875]: [system] Activating service name='io.netplan.Netplan' requested by ':1.8' (uid=0 pid=1827 comm="/usr/bin/busctl call --quiet --system io.netplan.N" label="snap.subiquity.subiquity-service (complain)") (using servicehelper)
Aug 15 16:32:06 ubuntu-server dbus-daemon[875]: [system] Successfully activated service 'io.netplan.Netplan'
Aug 15 16:32:06 ubuntu-server systemd[1]: Stopped Wait for Network to be Configured.
Aug 15 16:32:06 ubuntu-server systemd[1]: Stopping Network Service...
Aug 15 16:32:06 ubuntu-server systemd-timesyncd[862]: Network configuration changed, trying to establish connection.
Aug 15 16:32:06 ubuntu-server systemd[1]: Stopped Network Service.
Aug 15 16:32:06 ubuntu-server systemd[1]: Starting Network Service...
Aug 15 16:32:06 ubuntu-server systemd-networkd[1855]: enp0s3: Gained IPv6LL
Aug 15 16:32:06 ubuntu-server systemd-networkd[1855]: Enumeration completed
Aug 15 16:32:06 ubuntu-server systemd[1]: Started Network Service.
Aug 15 16:32:06 ubuntu-server systemd-networkd[1855]: enp0s3: IPv6 successfully enabled
Aug 15 16:32:06 ubuntu-server systemd-networkd[1855]: lo: Link is not managed by us
Aug 15 16:32:06 ubuntu-server systemd-networkd[1855]: enp0s3: DHCPv4 address 192.168.1.26/24 via 192.168.1.1
Aug 15 16:32:06 ubuntu-server systemd-networkd[1855]: enp0s3: Configured
Aug 15 16:32:15 ubuntu-server subiquity[1538]: starting install
Aug 15 16:32:15 ubuntu-server curtin_log.1538[1863]: start: cmd-install: curtin command install
Aug 15 16:32:15 ubuntu-server curtin_event.1538[1863]: start: cmd-install: curtin command install
Aug 15 16:32:15 ubuntu-server curtin_log.1538[1863]: curtin: Installation started. (20.1-226-g34894cc70)
Aug 15 16:32:15 ubuntu-server curtin_log.1538[1863]: LANG=C.UTF-8
Aug 15 16:32:15 ubuntu-server curtin_log.1538[1863]: merged config: {'sources': {'ubuntu00': 'cp:///media/filesystem'}, 'stages': ['early', 'partitioning', 'extract', 'curthooks', 'hook', 'late'], 'extract_commands': {'builtin': ['curtin', 'extract']}, 'hook_commands': {'builtin': ['curtin', 'hook']}, 'partitioning_commands': {'builtin': ['curtin', 'block-meta', 'simple']}, 'curthooks_commands': {'builtin': ['curtin', 'curthooks'], '000-configure-run': ['/snap/bin/subiquity.subiquity-configure-run'], '001-configure-apt': ['/snap/bin/subiquity.subiquity-configure-apt', '/snap/subiquity/1966/usr/bin/python3', 'true']}, 'late_commands': {'builtin': []}, 'network_commands': {'builtin': ['curtin', 'net-meta', 'auto']}, 'apply_net_commands': {'builtin': []}, 'install': {'log_file': '/var/log/curtin/install.log', 'error_tarfile': '/var/log/curtin/curtin-error-logs.tar', 'save_install_config': '/var/log/installer/curtin-install-cfg.yaml', 'save_install_log': '/var/log/installer/curtin-install.log', 'target': '/target', 'unmount': 'disabled'}, 'apt': {'preserve_sources_list': False, 'primary': [{'arches': ['amd64', 'i386'], 'uri': 'http://tr.archive.ubuntu.com/ubuntu'}, {'arches': ['default'], 'uri': 'http://ports.ubuntu.com/ubuntu-ports'}]}, 'debconf_selections': {'subiquity': ''}, 'grub': {'probe_additional_os': True, 'terminal': 'unmodified'}, 'kernel': {'package': 'linux-generic'}, 'pollinate': {'user_agent': {'subiquity': '20.07.1+git2.5de9df3e_1966'}}, 'reporting': {'subiquity': {'identifier': 'curtin_event.1538', 'type': 'journald'}}, 'storage': {'config': [{'ptable': 'gpt', 'serial': 'VBOX_HARDDISK_VBf24e065c-18e213b1', 'path': '/dev/sda', 'wipe': 'superblock', 'preserve': False, 'name': '', 'grub_device': True, 'type': 'disk', 'id': 'disk-sda'}, {'device': 'disk-sda', 'size': 1048576, 'flag': 'bios_grub', 'number': 1, 'preserve': False, 'type': 'partition', 'id': 'partition-0'}, {'device': 'disk-sda', 'size': 1073741824, 'wipe': 'superblock', 'flag': '', 'number': 2, 'preserve': False, 'type': 'partition', 'id': 'partition-1'}, {'fstype': 'ext4', 'volume': 'partition-1', 'preserve': False, 'type': 'format', 'id': 'format-0'}, {'device': 'disk-sda', 'size': 15029239808, 'wipe': 'superblock', 'flag': '', 'number': 3, 'preserve': False, 'type': 'partition', 'id': 'partition-2'}, {'name': 'ubuntu-vg', 'devices': ['partition-2'], 'preserve': False, 'type': 'lvm_volgroup', 'id': 'lvm_volgroup-0'}, {'name': 'ubuntu-lv', 'volgroup': 'lvm_volgroup-0', 'size': '15028191232B', 'preserve': False, 'type': 'lvm_partition', 'id': 'lvm_partition-0'}, {'fstype': 'ext4', 'volume': 'lvm_partition-0', 'preserve': False, 'type': 'format', 'id': 'format-1'}, {'device': 'format-1', 'path': '/', 'type': 'mount', 'id': 'mount-1'}, {'device': 'format-0', 'path': '/boot', 'type': 'mount', 'id': 'mount-0'}], 'version': 1}, 'verbosity': 3, 'write_files': {'etc_default_keyboard': {'content': '# KEYBOARD CONFIGURATION FILE\n\n# Consult the keyboard(5) manual page.\n\nXKBMODEL="pc105"\nXKBLAYOUT="tr"\nXKBVARIANT=""\nXKBOPTIONS=""\n\nBACKSPACE="guess"\n', 'path': 'etc/default/keyboard', 'permissions': 420}, 'etc_machine_id': {'content': 'f3c8b76d017642ebbe976a97cc2a7aa0\n', 'path': 'etc/machine-id', 'permissions': 292}, 'etc_netplan_installer': {'content': "# This is the network config written by 'subiquity'\nnetwork:\n  ethernets:\n    enp0s3:\n      dhcp4: true\n  version: 2\n", 'path': 'etc/netplan/00-installer-config.yaml'}, 'media_info': {'content': 'Ubuntu-Server 18.04.5 LTS "Bionic Beaver" - Release amd64 (20200806.1)', 'path': 'var/log/installer/media-info', 'permissions': 420}, 'nonet': {'content': 'network: {config: disabled}\n', 'path': 'etc/cloud/cloud.cfg.d/subiquity-disable-cloudinit-networking.cfg'}}}
Aug 15 16:32:15 ubuntu-server curtin_log.1538[1863]: 'reporter' not found in config file.
Aug 15 16:32:15 ubuntu-server curtin_log.1538[1863]: curtin: Installation started. (20.1-226-g34894cc70)
Aug 15 16:32:15 ubuntu-server curtin_log.1538[1863]: {'WORKING_DIR': '/tmp/tmpn5bknaz2/scratch', 'OUTPUT_FSTAB': '/tmp/tmpn5bknaz2/state/fstab', 'OUTPUT_INTERFACES': '/tmp/tmpn5bknaz2/state/interfaces', 'OUTPUT_NETWORK_CONFIG': '/tmp/tmpn5bknaz2/state/network_config', 'OUTPUT_NETWORK_STATE': '/tmp/tmpn5bknaz2/state/network_state', 'TARGET_MOUNT_POINT': '/target', 'CONFIG': '/tmp/tmpn5bknaz2/state/config'}
Aug 15 16:32:15 ubuntu-server curtin_log.1538[1863]: start: cmd-install/stage-early: preparing for installation
Aug 15 16:32:15 ubuntu-server curtin_event.1538[1863]: start: cmd-install/stage-early: preparing for installation
Aug 15 16:32:15 ubuntu-server curtin_log.1538[1863]: stage_early took 0.000 seconds
Aug 15 16:32:15 ubuntu-server curtin_log.1538[1863]: finish: cmd-install/stage-early: SUCCESS: preparing for installation
Aug 15 16:32:15 ubuntu-server curtin_event.1538[1863]: finish: cmd-install/stage-early: SUCCESS: preparing for installation
Aug 15 16:32:15 ubuntu-server curtin_log.1538[1863]: start: cmd-install/stage-partitioning: configuring storage
Aug 15 16:32:15 ubuntu-server curtin_event.1538[1863]: start: cmd-install/stage-partitioning: configuring storage
Aug 15 16:32:15 ubuntu-server curtin_log.1538[1863]: start: cmd-install/stage-partitioning/builtin: running 'curtin block-meta simple'
Aug 15 16:32:15 ubuntu-server curtin_event.1538[1863]: start: cmd-install/stage-partitioning/builtin: running 'curtin block-meta simple'
Aug 15 16:32:16 ubuntu-server systemd-timesyncd[862]: Timed out waiting for reply from 91.189.91.157:123 (ntp.ubuntu.com).
Aug 15 16:32:16 ubuntu-server systemd-timesyncd[862]: Synchronized to time server 91.189.89.198:123 (ntp.ubuntu.com).
Aug 15 16:32:16 ubuntu-server curtin_log.1538[1863]: start: cmd-install/stage-partitioning/builtin/cmd-block-meta: curtin command block-meta
Aug 15 16:32:16 ubuntu-server curtin_event.1538[1870]: start: cmd-install/stage-partitioning/builtin/cmd-block-meta: curtin command block-meta
Aug 15 16:32:16 ubuntu-server curtin_log.1538[1863]: get_path_to_storage_volume for volume disk-sda({'ptable': 'gpt', 'serial': 'VBOX_HARDDISK_VBf24e065c-18e213b1', 'path': '/dev/sda', 'wipe': 'superblock', 'preserve': False, 'name': '', 'grub_device': True, 'type': 'disk', 'id': 'disk-sda'})
Aug 15 16:32:16 ubuntu-server curtin_log.1538[1863]: Processing serial VBOX_HARDDISK_VBf24e065c-18e213b1 via udev to VBOX_HARDDISK_VBf24e065c-18e213b1
Aug 15 16:32:16 ubuntu-server curtin_log.1538[1863]: lookup_disks found: ['ata-VBOX_HARDDISK_VBf24e065c-18e213b1']
Aug 15 16:32:16 ubuntu-server curtin_log.1538[1863]: Running command ['udevadm', 'info', '--query=property', '--export', '/dev/sda'] with allowed return codes [0] (capture=True)
Aug 15 16:32:16 ubuntu-server curtin_log.1538[1863]: /dev/sda is multipath device? False
Aug 15 16:32:16 ubuntu-server curtin_log.1538[1863]: Running command ['multipath', '-c', '/dev/sda'] with allowed return codes [0] (capture=True)
Aug 15 16:32:16 ubuntu-server curtin_log.1538[1863]: /dev/sda is multipath device member? False
Aug 15 16:32:16 ubuntu-server curtin_log.1538[1863]: block.lookup_disk() returning path /dev/sda
Aug 15 16:32:16 ubuntu-server curtin_log.1538[1863]: Running command ['partprobe', '/dev/sda'] with allowed return codes [0, 1] (capture=False)
Aug 15 16:32:17 ubuntu-server curtin_log.1538[1863]: Running command ['udevadm', 'settle'] with allowed return codes [0] (capture=False)
Aug 15 16:32:17 ubuntu-server curtin_log.1538[1863]: TIMED udevadm_settle(): 0.018
Aug 15 16:32:17 ubuntu-server curtin_log.1538[1863]: devsync happy - path /dev/sda now exists
Aug 15 16:32:17 ubuntu-server curtin_log.1538[1863]: return volume path /dev/sda
Aug 15 16:32:17 ubuntu-server curtin_log.1538[1863]: get_path_to_storage_volume for volume partition-1({'device': 'disk-sda', 'size': 1073741824, 'wipe': 'superblock', 'flag': '', 'number': 2, 'preserve': False, 'type': 'partition', 'id': 'partition-1'})
Aug 15 16:32:17 ubuntu-server curtin_log.1538[1863]: get_path_to_storage_volume for volume disk-sda({'ptable': 'gpt', 'serial': 'VBOX_HARDDISK_VBf24e065c-18e213b1', 'path': '/dev/sda', 'wipe': 'superblock', 'preserve': False, 'name': '', 'grub_device': True, 'type': 'disk', 'id': 'disk-sda'})
Aug 15 16:32:17 ubuntu-server curtin_log.1538[1863]: Processing serial VBOX_HARDDISK_VBf24e065c-18e213b1 via udev to VBOX_HARDDISK_VBf24e065c-18e213b1
Aug 15 16:32:17 ubuntu-server curtin_log.1538[1863]: lookup_disks found: ['ata-VBOX_HARDDISK_VBf24e065c-18e213b1']
Aug 15 16:32:17 ubuntu-server curtin_log.1538[1863]: Running command ['udevadm', 'info', '--query=property', '--export', '/dev/sda'] with allowed return codes [0] (capture=True)
Aug 15 16:32:17 ubuntu-server curtin_log.1538[1863]: /dev/sda is multipath device? False
Aug 15 16:32:17 ubuntu-server curtin_log.1538[1863]: Running command ['multipath', '-c', '/dev/sda'] with allowed return codes [0] (capture=True)
Aug 15 16:32:17 ubuntu-server curtin_log.1538[1863]: /dev/sda is multipath device member? False
Aug 15 16:32:17 ubuntu-server curtin_log.1538[1863]: block.lookup_disk() returning path /dev/sda
Aug 15 16:32:17 ubuntu-server curtin_log.1538[1863]: Running command ['partprobe', '/dev/sda'] with allowed return codes [0, 1] (capture=False)
Aug 15 16:32:17 ubuntu-server curtin_log.1538[1863]: Running command ['udevadm', 'settle'] with allowed return codes [0] (capture=False)
Aug 15 16:32:17 ubuntu-server curtin_log.1538[1863]: TIMED udevadm_settle(): 0.022
Aug 15 16:32:17 ubuntu-server curtin_log.1538[1863]: devsync happy - path /dev/sda now exists
Aug 15 16:32:17 ubuntu-server curtin_log.1538[1863]: return volume path /dev/sda
Aug 15 16:32:17 ubuntu-server curtin_log.1538[1863]: get_path_to_storage_volume for volume partition-2({'device': 'disk-sda', 'size': 15029239808, 'wipe': 'superblock', 'flag': '', 'number': 3, 'preserve': False, 'type': 'partition', 'id': 'partition-2'})
Aug 15 16:32:17 ubuntu-server curtin_log.1538[1863]: get_path_to_storage_volume for volume disk-sda({'ptable': 'gpt', 'serial': 'VBOX_HARDDISK_VBf24e065c-18e213b1', 'path': '/dev/sda', 'wipe': 'superblock', 'preserve': False, 'name': '', 'grub_device': True, 'type': 'disk', 'id': 'disk-sda'})
Aug 15 16:32:17 ubuntu-server curtin_log.1538[1863]: Processing serial VBOX_HARDDISK_VBf24e065c-18e213b1 via udev to VBOX_HARDDISK_VBf24e065c-18e213b1
Aug 15 16:32:17 ubuntu-server curtin_log.1538[1863]: lookup_disks found: ['ata-VBOX_HARDDISK_VBf24e065c-18e213b1']
Aug 15 16:32:17 ubuntu-server curtin_log.1538[1863]: Running command ['udevadm', 'info', '--query=property', '--export', '/dev/sda'] with allowed return codes [0] (capture=True)
Aug 15 16:32:17 ubuntu-server curtin_log.1538[1863]: /dev/sda is multipath device? False
Aug 15 16:32:17 ubuntu-server curtin_log.1538[1863]: Running command ['multipath', '-c', '/dev/sda'] with allowed return codes [0] (capture=True)
Aug 15 16:32:17 ubuntu-server curtin_log.1538[1863]: /dev/sda is multipath device member? False
Aug 15 16:32:17 ubuntu-server curtin_log.1538[1863]: block.lookup_disk() returning path /dev/sda
Aug 15 16:32:17 ubuntu-server curtin_log.1538[1863]: Running command ['partprobe', '/dev/sda'] with allowed return codes [0, 1] (capture=False)
Aug 15 16:32:17 ubuntu-server curtin_log.1538[1863]: Running command ['udevadm', 'settle'] with allowed return codes [0] (capture=False)
Aug 15 16:32:17 ubuntu-server curtin_event.1538[1870]: start: cmd-install/stage-partitioning/builtin/cmd-block-meta/clear-holders: removing previous storage devices
Aug 15 16:32:17 ubuntu-server curtin_log.1538[1863]: TIMED udevadm_settle(): 0.018
Aug 15 16:32:17 ubuntu-server curtin_log.1538[1863]: devsync happy - path /dev/sda now exists
Aug 15 16:32:17 ubuntu-server curtin_log.1538[1863]: return volume path /dev/sda
Aug 15 16:32:17 ubuntu-server curtin_log.1538[1863]: block-meta: extracted devices to clear: ['/dev/sda']
Aug 15 16:32:17 ubuntu-server curtin_log.1538[1863]: Declared block devices: ['/dev/sda']
Aug 15 16:32:17 ubuntu-server curtin_log.1538[1863]: clearing devices=['/dev/sda']
Aug 15 16:32:17 ubuntu-server curtin_log.1538[1863]: start: cmd-install/stage-partitioning/builtin/cmd-block-meta/clear-holders: removing previous storage devices
Aug 15 16:32:17 ubuntu-server curtin_log.1538[1863]: Running command ['mdadm', '--assemble', '--scan', '-v'] with allowed return codes [0, 1, 2] (capture=True)
Aug 15 16:32:17 ubuntu-server curtin_log.1538[1863]: mdadm assemble scan results:
Aug 15 16:32:17 ubuntu-server curtin_log.1538[1863]: mdadm: looking for devices for further assembly
Aug 15 16:32:17 ubuntu-server curtin_log.1538[1863]: mdadm: no recogniseable superblock on /dev/sda
Aug 15 16:32:17 ubuntu-server curtin_log.1538[1863]: mdadm: no recogniseable superblock on /dev/sr0
Aug 15 16:32:17 ubuntu-server curtin_log.1538[1863]: mdadm: no recogniseable superblock on /dev/loop5
Aug 15 16:32:17 ubuntu-server curtin_log.1538[1863]: mdadm: no recogniseable superblock on /dev/loop4
Aug 15 16:32:17 ubuntu-server curtin_log.1538[1863]: mdadm: no recogniseable superblock on /dev/loop3
Aug 15 16:32:17 ubuntu-server curtin_log.1538[1863]: mdadm: no recogniseable superblock on /dev/loop2
Aug 15 16:32:17 ubuntu-server curtin_log.1538[1863]: mdadm: no recogniseable superblock on /dev/loop1
Aug 15 16:32:17 ubuntu-server curtin_log.1538[1863]: mdadm: no recogniseable superblock on /dev/loop0
Aug 15 16:32:17 ubuntu-server curtin_log.1538[1863]: mdadm: No arrays found in config file or automatically
Aug 15 16:32:17 ubuntu-server curtin_log.1538[1863]: Running command ['mdadm', '--detail', '--scan', '-v'] with allowed return codes [0, 1] (capture=True)
Aug 15 16:32:17 ubuntu-server curtin_log.1538[1863]: mdadm detail scan after assemble:
Aug 15 16:32:17 ubuntu-server curtin_log.1538[1863]: Running command ['udevadm', 'settle'] with allowed return codes [0] (capture=False)
Aug 15 16:32:17 ubuntu-server curtin_log.1538[1863]: TIMED udevadm_settle(): 0.019
Aug 15 16:32:17 ubuntu-server curtin_log.1538[1863]: Running command ['pvscan', '--cache'] with allowed return codes [0] (capture=True)
Aug 15 16:32:17 ubuntu-server curtin_log.1538[1863]: Running command ['vgscan', '--cache'] with allowed return codes [0] (capture=True)
Aug 15 16:32:17 ubuntu-server curtin_log.1538[1863]: Running command ['vgchange', '--activate=y'] with allowed return codes [0] (capture=True)
Aug 15 16:32:17 ubuntu-server curtin_log.1538[1863]: Running command ['udevadm', 'settle'] with allowed return codes [0] (capture=False)
Aug 15 16:32:17 ubuntu-server curtin_log.1538[1863]: TIMED udevadm_settle(): 0.015
Aug 15 16:32:17 ubuntu-server curtin_log.1538[1863]: Loading kernel module bcache via modprobe
Aug 15 16:32:17 ubuntu-server curtin_log.1538[1863]: Running command ['modprobe', '--use-blacklist', 'bcache'] with allowed return codes [0] (capture=False)
Aug 15 16:32:17 ubuntu-server curtin_log.1538[1863]: Loading kernel module zfs via modprobe
Aug 15 16:32:17 ubuntu-server curtin_log.1538[1863]: Running command ['modprobe', '--use-blacklist', 'zfs'] with allowed return codes [0] (capture=False)
Aug 15 16:32:17 ubuntu-server kernel: spl: loading out-of-tree module taints kernel.
Aug 15 16:32:17 ubuntu-server kernel: SPL: Loaded module v0.7.5-1ubuntu2.1
Aug 15 16:32:17 ubuntu-server kernel: znvpair: module license 'CDDL' taints kernel.
Aug 15 16:32:17 ubuntu-server kernel: Disabling lock debugging due to kernel taint
Aug 15 16:32:19 ubuntu-server curtin_log.1538[1863]: zfs filesystem is not supported in this environment
Aug 15 16:32:19 ubuntu-server curtin_log.1538[1863]: Generating device storage trees for path(s): ['/dev/sda']
Aug 15 16:32:19 ubuntu-server curtin_log.1538[1863]: devname '/sys/class/block/sda' had holders: []
Aug 15 16:32:19 ubuntu-server kernel: ZFS: Loaded module v0.7.5-1ubuntu16.9, ZFS pool version 5000, ZFS filesystem version 5
Aug 15 16:32:19 ubuntu-server curtin_log.1538[1863]: /sys/class/block/sda is multipath device partition? False
Aug 15 16:32:19 ubuntu-server curtin_log.1538[1863]: /sys/class/block/sda is multipath device partition? False
Aug 15 16:32:19 ubuntu-server curtin_log.1538[1863]: /sys/class/block/sda is multipath device partition? False
Aug 15 16:32:19 ubuntu-server curtin_log.1538[1863]: Current device storage tree:
Aug 15 16:32:19 ubuntu-server curtin_log.1538[1863]: sda
Aug 15 16:32:19 ubuntu-server curtin_log.1538[1863]: Shutdown Plan:
Aug 15 16:32:19 ubuntu-server curtin_log.1538[1863]: {'level': 0, 'device': '/sys/class/block/sda', 'dev_type': 'disk'}
Aug 15 16:32:19 ubuntu-server curtin_log.1538[1863]: shutdown running on holder type: 'disk' syspath: '/sys/class/block/sda'
Aug 15 16:32:19 ubuntu-server curtin_log.1538[1863]: Running command ['lsblk', '--noheadings', '--bytes', '--pairs', '--output=ALIGNMENT,DISC-ALN,DISC-GRAN,DISC-MAX,DISC-ZERO,FSTYPE,GROUP,KNAME,LABEL,LOG-SEC,MAJ:MIN,MIN-IO,MODE,MODEL,MOUNTPOINT,NAME,OPT-IO,OWNER,PHY-SEC,RM,RO,ROTA,RQ-SIZE,SIZE,STATE,TYPE,UUID', '/dev/sda'] with allowed return codes [0] (capture=True)
Aug 15 16:32:19 ubuntu-server curtin_log.1538[1863]: get_blockdev_sector_size: info:
Aug 15 16:32:19 ubuntu-server curtin_log.1538[1863]: {
Aug 15 16:32:19 ubuntu-server curtin_log.1538[1863]:  "sda": {
Aug 15 16:32:19 ubuntu-server curtin_log.1538[1863]:   "ALIGNMENT": "0",
Aug 15 16:32:19 ubuntu-server curtin_log.1538[1863]:   "DISC-ALN": "0",
Aug 15 16:32:19 ubuntu-server curtin_log.1538[1863]:   "DISC-GRAN": "0",
Aug 15 16:32:19 ubuntu-server curtin_log.1538[1863]:   "DISC-MAX": "0",
Aug 15 16:32:19 ubuntu-server curtin_log.1538[1863]:   "DISC-ZERO": "0",
Aug 15 16:32:19 ubuntu-server curtin_log.1538[1863]:   "FSTYPE": "",
Aug 15 16:32:19 ubuntu-server curtin_log.1538[1863]:   "GROUP": "disk",
Aug 15 16:32:19 ubuntu-server curtin_log.1538[1863]:   "KNAME": "sda",
Aug 15 16:32:19 ubuntu-server curtin_log.1538[1863]:   "LABEL": "",
Aug 15 16:32:19 ubuntu-server curtin_log.1538[1863]:   "LOG-SEC": "512",
Aug 15 16:32:19 ubuntu-server curtin_log.1538[1863]:   "MAJ:MIN": "8:0",
Aug 15 16:32:19 ubuntu-server curtin_log.1538[1863]:   "MIN-IO": "512",
Aug 15 16:32:19 ubuntu-server curtin_log.1538[1863]:   "MODE": "brw-rw----",
Aug 15 16:32:19 ubuntu-server curtin_log.1538[1863]:   "MODEL": "VBOX HARDDISK   ",
Aug 15 16:32:19 ubuntu-server curtin_log.1538[1863]:   "MOUNTPOINT": "",
Aug 15 16:32:19 ubuntu-server curtin_log.1538[1863]:   "NAME": "sda",
Aug 15 16:32:19 ubuntu-server curtin_log.1538[1863]:   "OPT-IO": "0",
Aug 15 16:32:19 ubuntu-server curtin_log.1538[1863]:   "OWNER": "root",
Aug 15 16:32:19 ubuntu-server curtin_log.1538[1863]:   "PHY-SEC": "512",
Aug 15 16:32:19 ubuntu-server curtin_log.1538[1863]:   "RM": "0",
Aug 15 16:32:19 ubuntu-server curtin_log.1538[1863]:   "RO": "0",
Aug 15 16:32:19 ubuntu-server curtin_log.1538[1863]:   "ROTA": "1",
Aug 15 16:32:19 ubuntu-server curtin_log.1538[1863]:   "RQ-SIZE": "128",
Aug 15 16:32:19 ubuntu-server curtin_log.1538[1863]:   "SIZE": "16106127360",
Aug 15 16:32:19 ubuntu-server curtin_log.1538[1863]:   "STATE": "running",
Aug 15 16:32:19 ubuntu-server curtin_log.1538[1863]:   "TYPE": "disk",
Aug 15 16:32:19 ubuntu-server curtin_log.1538[1863]:   "UUID": "",
Aug 15 16:32:19 ubuntu-server curtin_log.1538[1863]:   "device_path": "/dev/sda"
Aug 15 16:32:19 ubuntu-server curtin_log.1538[1863]:  }
Aug 15 16:32:19 ubuntu-server curtin_log.1538[1863]: }
Aug 15 16:32:19 ubuntu-server curtin_log.1538[1863]: get_blockdev_sector_size: (log=512, phys=512)
Aug 15 16:32:19 ubuntu-server curtin_log.1538[1863]: Running command ['fdasd', '--table', '/dev/sda'] with allowed return codes [0] (capture=False)
Aug 15 16:32:19 ubuntu-server curtin_log.1538[1863]: Checking if /dev/sda is a swap device
Aug 15 16:32:19 ubuntu-server curtin_log.1538[1863]: Found swap magic: b'\x00\x00\x00\x00\x00\x00\x00\x00\x00\x00'
Aug 15 16:32:19 ubuntu-server curtin_log.1538[1863]: wiping superblock on /dev/sda
Aug 15 16:32:19 ubuntu-server curtin_log.1538[1863]: wiping /dev/sda attempt 1/4
Aug 15 16:32:19 ubuntu-server curtin_log.1538[1863]: wiping 1M on /dev/sda at offsets [0, -1048576]
Aug 15 16:32:19 ubuntu-server curtin_log.1538[1863]: successfully wiped device /dev/sda on attempt 1/4
Aug 15 16:32:19 ubuntu-server curtin_log.1538[1863]: devname '/sys/class/block/sda' had holders: []
Aug 15 16:32:19 ubuntu-server curtin_log.1538[1863]: /sys/class/block/sda is multipath device partition? False
Aug 15 16:32:19 ubuntu-server curtin_log.1538[1863]: /sys/class/block/sda is multipath device partition? False
Aug 15 16:32:19 ubuntu-server curtin_log.1538[1863]: /sys/class/block/sda is multipath device partition? False
Aug 15 16:32:19 ubuntu-server curtin_log.1538[1863]: finish: cmd-install/stage-partitioning/builtin/cmd-block-meta/clear-holders: SUCCESS: removing previous storage devices
Aug 15 16:32:19 ubuntu-server curtin_event.1538[1870]: finish: cmd-install/stage-partitioning/builtin/cmd-block-meta/clear-holders: SUCCESS: removing previous storage devices
Aug 15 16:32:19 ubuntu-server curtin_event.1538[1870]: start: cmd-install/stage-partitioning/builtin/cmd-block-meta: configuring disk: disk-sda
Aug 15 16:32:19 ubuntu-server curtin_log.1538[1863]: blockmeta: detected storage config, using mode=custom
Aug 15 16:32:19 ubuntu-server curtin_log.1538[1863]: start: cmd-install/stage-partitioning/builtin/cmd-block-meta: configuring disk: disk-sda
Aug 15 16:32:19 ubuntu-server curtin_log.1538[1863]: get_path_to_storage_volume for volume disk-sda({'ptable': 'gpt', 'serial': 'VBOX_HARDDISK_VBf24e065c-18e213b1', 'path': '/dev/sda', 'wipe': 'superblock', 'preserve': False, 'name': '', 'grub_device': True, 'type': 'disk', 'id': 'disk-sda'})
Aug 15 16:32:19 ubuntu-server curtin_log.1538[1863]: Processing serial VBOX_HARDDISK_VBf24e065c-18e213b1 via udev to VBOX_HARDDISK_VBf24e065c-18e213b1
Aug 15 16:32:19 ubuntu-server curtin_log.1538[1863]: lookup_disks found: ['ata-VBOX_HARDDISK_VBf24e065c-18e213b1']
Aug 15 16:32:19 ubuntu-server curtin_log.1538[1863]: Running command ['udevadm', 'info', '--query=property', '--export', '/dev/sda'] with allowed return codes [0] (capture=True)
Aug 15 16:32:19 ubuntu-server curtin_log.1538[1863]: /dev/sda is multipath device? False
Aug 15 16:32:19 ubuntu-server curtin_log.1538[1863]: Running command ['multipath', '-c', '/dev/sda'] with allowed return codes [0] (capture=True)
Aug 15 16:32:19 ubuntu-server curtin_log.1538[1863]: /dev/sda is multipath device member? False
Aug 15 16:32:19 ubuntu-server curtin_log.1538[1863]: block.lookup_disk() returning path /dev/sda
Aug 15 16:32:19 ubuntu-server curtin_log.1538[1863]: Running command ['partprobe', '/dev/sda'] with allowed return codes [0, 1] (capture=False)
Aug 15 16:32:19 ubuntu-server curtin_log.1538[1863]: Running command ['udevadm', 'settle'] with allowed return codes [0] (capture=False)
Aug 15 16:32:19 ubuntu-server curtin_log.1538[1863]: TIMED udevadm_settle(): 0.028
Aug 15 16:32:19 ubuntu-server curtin_log.1538[1863]: devsync happy - path /dev/sda now exists
Aug 15 16:32:19 ubuntu-server curtin_log.1538[1863]: return volume path /dev/sda
Aug 15 16:32:19 ubuntu-server curtin_log.1538[1863]: wiping 1M on /dev/sda at offsets [0, -1048576]
Aug 15 16:32:19 ubuntu-server curtin_log.1538[1863]: labeling device: '/dev/sda' with 'gpt' partition table
Aug 15 16:32:19 ubuntu-server curtin_log.1538[1863]: wiping 1M on /dev/sda at offsets [0, -1048576]
Aug 15 16:32:19 ubuntu-server curtin_log.1538[1863]: devname '/dev/sda' had holders: []
Aug 15 16:32:19 ubuntu-server curtin_log.1538[1863]: finish: cmd-install/stage-partitioning/builtin/cmd-block-meta: SUCCESS: configuring disk: disk-sda
Aug 15 16:32:19 ubuntu-server curtin_event.1538[1870]: finish: cmd-install/stage-partitioning/builtin/cmd-block-meta: SUCCESS: configuring disk: disk-sda
Aug 15 16:32:19 ubuntu-server curtin_log.1538[1863]: start: cmd-install/stage-partitioning/builtin/cmd-block-meta: configuring partition: partition-0
Aug 15 16:32:19 ubuntu-server curtin_event.1538[1870]: start: cmd-install/stage-partitioning/builtin/cmd-block-meta: configuring partition: partition-0
Aug 15 16:32:19 ubuntu-server curtin_log.1538[1863]: get_path_to_storage_volume for volume disk-sda({'ptable': 'gpt', 'serial': 'VBOX_HARDDISK_VBf24e065c-18e213b1', 'path': '/dev/sda', 'wipe': 'superblock', 'preserve': False, 'name': '', 'grub_device': True, 'type': 'disk', 'id': 'disk-sda'})
Aug 15 16:32:19 ubuntu-server curtin_log.1538[1863]: Processing serial VBOX_HARDDISK_VBf24e065c-18e213b1 via udev to VBOX_HARDDISK_VBf24e065c-18e213b1
Aug 15 16:32:19 ubuntu-server curtin_log.1538[1863]: lookup_disks found: ['ata-VBOX_HARDDISK_VBf24e065c-18e213b1']
Aug 15 16:32:19 ubuntu-server curtin_log.1538[1863]: Running command ['udevadm', 'info', '--query=property', '--export', '/dev/sda'] with allowed return codes [0] (capture=True)
Aug 15 16:32:19 ubuntu-server curtin_log.1538[1863]: /dev/sda is multipath device? False
Aug 15 16:32:19 ubuntu-server curtin_log.1538[1863]: Running command ['multipath', '-c', '/dev/sda'] with allowed return codes [0] (capture=True)
Aug 15 16:32:19 ubuntu-server curtin_log.1538[1863]: /dev/sda is multipath device member? False
Aug 15 16:32:19 ubuntu-server curtin_log.1538[1863]: block.lookup_disk() returning path /dev/sda
Aug 15 16:32:19 ubuntu-server curtin_log.1538[1863]: Running command ['partprobe', '/dev/sda'] with allowed return codes [0, 1] (capture=False)
Aug 15 16:32:19 ubuntu-server curtin_log.1538[1863]: Running command ['udevadm', 'settle'] with allowed return codes [0] (capture=False)
Aug 15 16:32:19 ubuntu-server curtin_log.1538[1863]: TIMED udevadm_settle(): 0.031
Aug 15 16:32:19 ubuntu-server curtin_log.1538[1863]: devsync happy - path /dev/sda now exists
Aug 15 16:32:19 ubuntu-server curtin_log.1538[1863]: return volume path /dev/sda
Aug 15 16:32:19 ubuntu-server curtin_log.1538[1863]: Running command ['lsblk', '--noheadings', '--bytes', '--pairs', '--output=ALIGNMENT,DISC-ALN,DISC-GRAN,DISC-MAX,DISC-ZERO,FSTYPE,GROUP,KNAME,LABEL,LOG-SEC,MAJ:MIN,MIN-IO,MODE,MODEL,MOUNTPOINT,NAME,OPT-IO,OWNER,PHY-SEC,RM,RO,ROTA,RQ-SIZE,SIZE,STATE,TYPE,UUID', '/dev/sda'] with allowed return codes [0] (capture=True)
Aug 15 16:32:19 ubuntu-server curtin_log.1538[1863]: get_blockdev_sector_size: info:
Aug 15 16:32:19 ubuntu-server curtin_log.1538[1863]: {
Aug 15 16:32:19 ubuntu-server curtin_log.1538[1863]:  "sda": {
Aug 15 16:32:19 ubuntu-server curtin_log.1538[1863]:   "ALIGNMENT": "0",
Aug 15 16:32:19 ubuntu-server curtin_log.1538[1863]:   "DISC-ALN": "0",
Aug 15 16:32:19 ubuntu-server curtin_log.1538[1863]:   "DISC-GRAN": "0",
Aug 15 16:32:19 ubuntu-server curtin_log.1538[1863]:   "DISC-MAX": "0",
Aug 15 16:32:19 ubuntu-server curtin_log.1538[1863]:   "DISC-ZERO": "0",
Aug 15 16:32:19 ubuntu-server curtin_log.1538[1863]:   "FSTYPE": "",
Aug 15 16:32:19 ubuntu-server curtin_log.1538[1863]:   "GROUP": "disk",
Aug 15 16:32:19 ubuntu-server curtin_log.1538[1863]:   "KNAME": "sda",
Aug 15 16:32:19 ubuntu-server curtin_log.1538[1863]:   "LABEL": "",
Aug 15 16:32:19 ubuntu-server curtin_log.1538[1863]:   "LOG-SEC": "512",
Aug 15 16:32:19 ubuntu-server curtin_log.1538[1863]:   "MAJ:MIN": "8:0",
Aug 15 16:32:19 ubuntu-server curtin_log.1538[1863]:   "MIN-IO": "512",
Aug 15 16:32:19 ubuntu-server curtin_log.1538[1863]:   "MODE": "brw-rw----",
Aug 15 16:32:19 ubuntu-server curtin_log.1538[1863]:   "MODEL": "VBOX HARDDISK   ",
Aug 15 16:32:19 ubuntu-server curtin_log.1538[1863]:   "MOUNTPOINT": "",
Aug 15 16:32:19 ubuntu-server curtin_log.1538[1863]:   "NAME": "sda",
Aug 15 16:32:19 ubuntu-server curtin_log.1538[1863]:   "OPT-IO": "0",
Aug 15 16:32:19 ubuntu-server curtin_log.1538[1863]:   "OWNER": "root",
Aug 15 16:32:19 ubuntu-server curtin_log.1538[1863]:   "PHY-SEC": "512",
Aug 15 16:32:19 ubuntu-server curtin_log.1538[1863]:   "RM": "0",
